06-13 06:44:49.103  3179  3179 D StatusBar.NetworkController: refreshViews connected={ wifi } level=?? combinedSignalIconId=0x7f0205cc/com.android.systemui:drawable/stat_sys_wifi_signal_4 mobileLabel= wifiLabel="ferrer" emergencyOnly=false combinedLabel="ferrer" mAirplaneMode=false mDataActivity=0 mPhoneSignalIconId=0x0/(null) mQSPhoneSignalIconId=0x0/(null) mDataDirectionIconId=0x0/(null) mDataSignalIconId=0x0/(null) mDataTypeIconId=0x0/(null) mQSDataTypeIconId=0x0/(null) mNoSimIconId=0x0/(null) mWifiIconId=0x7f0205cc/com.android.systemui:drawable/stat_sys_wifi_signal_4 mQSWifiIconId=0x7f0202aa/com.android.systemui:drawable/qs_tile_wifi_signal_4 mWifiActivityIconId=0x7f020576/com.android.systemui:drawable/stat_sys_signal_inout mBluetoothTetherIconId=0x7f0205a1/com.android.systemui:drawable/stat_sys_tether_bluetooth
06-13 06:44:49.103  3179  3179 D StatusBar.NetworkController: refreshNwBoosterIndicator - setNWBoosterIndicators(false)
06-13 06:44:49.103  3179  3179 D skia    : ---- fAsset->read(0) returned 0
06-13 06:44:49.103  3179  3179 D StatusBar.NetworkController: refreshNwBoosterIndicator - setNWBoosterIndicators(false)
06-13 06:44:49.103  3179  3179 D StatusBar.NetworkController: refreshNwBoosterIndicator - setNWBoosterIndicators(false)
06-13 06:44:49.103  3179  3179 D StatusBar.NetworkController: refreshNwBoosterIndicator - setNWBoosterIndicators(false)
06-13 06:44:49.198  3528  4735 I System.out: (HTTPLog)-Static: isSBSettingEnabled false
06-13 06:44:49.198  3528  4735 I System.out: (HTTPLog)-Static: isSBSettingEnabled false
06-13 06:44:49.198  2250  3044 D Netd    : getNetworkForDns: using netid 501 for uid 10007
06-13 06:44:49.208  3528  4735 I qtaguid : Tagging socket 99 with tag 3000310200000000{805318914,0} uid 10007, pid: 3528, getuid(): 10007
06-13 06:44:49.233  3528  4738 I System.out: (HTTPLog)-Static: isSBSettingEnabled false
06-13 06:44:49.238  3528  4738 I System.out: (HTTPLog)-Static: isSBSettingEnabled false
06-13 06:44:49.238  3528  4738 I qtaguid : Tagging socket 111 with tag 3000310200000000{805318914,0} uid 10007, pid: 3528, getuid(): 10007
06-13 06:44:49.243  3528  4735 W Conscrypt: Could not set socket write timeout: java.lang.reflect.InvocationTargetException
06-13 06:44:49.248  3528  4735 W Conscrypt: 	at java.lang.reflect.Method.invoke(Native Method)
06-13 06:44:49.248  3528  4735 W Conscrypt: 	at com.google.android.gms.org.conscrypt.Platform.setSocketWriteTimeout(:com.google.android.gms@12685021@12.6.85 (040306-197041431):13)
06-13 06:44:49.248  3528  4735 W Conscrypt: Caused by: android.system.ErrnoException: setsockopt failed: EBADF (Bad file descriptor)
06-13 06:44:49.248  3528  4735 W Conscrypt: 	at libcore.io.Posix.setsockoptTimeval(Native Method)
06-13 06:44:49.248  3528  4735 W Conscrypt: 	at libcore.io.ForwardingOs.setsockoptTimeval(ForwardingOs.java:156)
06-13 06:44:49.273  3528  4738 W Conscrypt: Could not set socket write timeout: java.lang.reflect.InvocationTargetException
06-13 06:44:49.273  3528  4738 W Conscrypt: 	at java.lang.reflect.Method.invoke(Native Method)
06-13 06:44:49.273  3528  4738 W Conscrypt: 	at com.google.android.gms.org.conscrypt.Platform.setSocketWriteTimeout(:com.google.android.gms@12685021@12.6.85 (040306-197041431):13)
06-13 06:44:49.273  3528  4738 W Conscrypt: Caused by: android.system.ErrnoException: setsockopt failed: EBADF (Bad file descriptor)
06-13 06:44:49.273  3528  4738 W Conscrypt: 	at libcore.io.Posix.setsockoptTimeval(Native Method)
06-13 06:44:49.273  3528  4738 W Conscrypt: 	at libcore.io.ForwardingOs.setsockoptTimeval(ForwardingOs.java:156)
06-13 06:44:49.378  3528  4320 I AsyncOpDispatcher: 35-GetDeviceDataUploadOptInStatusOperation
06-13 06:44:49.408  3528  4568 I AsyncOpDispatcher: 35-GetDeviceDataUploadOptInStatusOperation
06-13 06:44:49.418  3528  4735 W Conscrypt: Could not set socket write timeout: java.lang.reflect.InvocationTargetException
06-13 06:44:49.418  3528  4735 W Conscrypt: 	at java.lang.reflect.Method.invoke(Native Method)
06-13 06:44:49.418  3528  4735 W Conscrypt: 	at com.google.android.gms.org.conscrypt.Platform.setSocketWriteTimeout(:com.google.android.gms@12685021@12.6.85 (040306-197041431):13)
06-13 06:44:49.418  3528  4735 W Conscrypt: Caused by: android.system.ErrnoException: setsockopt failed: EBADF (Bad file descriptor)
06-13 06:44:49.418  3528  4735 W Conscrypt: 	at libcore.io.Posix.setsockoptTimeval(Native Method)
06-13 06:44:49.418  3528  4735 W Conscrypt: 	at libcore.io.ForwardingOs.setsockoptTimeval(ForwardingOs.java:156)
06-13 06:44:49.448  2776  3109 D NtpTrustedTime: currentTimeMillis() cache hit
06-13 06:44:49.458  3528  4738 W Conscrypt: Could not set socket write timeout: java.lang.reflect.InvocationTargetException
06-13 06:44:49.458  3528  4738 W Conscrypt: 	at java.lang.reflect.Method.invoke(Native Method)
06-13 06:44:49.458  3528  4738 W Conscrypt: 	at com.google.android.gms.org.conscrypt.Platform.setSocketWriteTimeout(:com.google.android.gms@12685021@12.6.85 (040306-197041431):13)
06-13 06:44:49.458  3528  4738 W Conscrypt: Caused by: android.system.ErrnoException: setsockopt failed: EBADF (Bad file descriptor)
06-13 06:44:49.458  3528  4738 W Conscrypt: 	at libcore.io.Posix.setsockoptTimeval(Native Method)
06-13 06:44:49.458  3528  4738 W Conscrypt: 	at libcore.io.ForwardingOs.setsockoptTimeval(ForwardingOs.java:156)
06-13 06:44:49.488  3528  4735 I qtaguid : Untagging socket 99
06-13 06:44:49.493  2776  3109 D NtpTrustedTime: currentTimeMillis() cache hit
06-13 06:44:49.498  2776  3110 D NtpTrustedTime: currentTimeMillis() cache hit
06-13 06:44:49.498  2776  3110 D NtpTrustedTime: currentTimeMillis() cache hit
06-13 06:44:49.508  6120  6268 E         : [mtp_simple_sink_thread, 328] !!!!!! read failed errno [5], error [I/O error]
06-13 06:44:49.508  2243  2294 D DataRouter: After the usb select
06-13 06:44:49.508  6120  6227 E MTPRx   : state from USB_STATE event DISCONNECTED
06-13 06:44:49.508  2776  3060 D SecContentProvider: insert(), uri = 2
06-13 06:44:49.508  2243  2294 D DataRouter: read length is zero
06-13 06:44:49.508  2243  2294 D DataRouter: dr_usb_deinit
06-13 06:44:49.508  2243  2294 D DataRouter: dr_usb_init
06-13 06:44:49.508  2243  2294 E DataRouter: USB Interface is open with 0x9
06-13 06:44:49.508  2243  2294 D DataRouter: USB interface is now configured for usb_fd = 0x9
06-13 06:44:49.508  6120  6120 W MTPRx   : notification from stack 21
06-13 06:44:49.508  6120  6120 E MTPRx   : Read Error Came false
06-13 06:44:49.508  6120  6120 E MTPRx   : Read Error Came so calling usbRemoved()
06-13 06:44:49.508  6120  6268 E         : [mtp_simple_sink_thread 375] read error [0] [Success]
06-13 06:44:49.508  6120  6227 E MTPRx   : stop observing and calling usbRemoved 
06-13 06:44:49.508  6120  6120 W MTPRx   : MTP_RUNNING_STATUS = 1
06-13 06:44:49.508  6120  6120 E MTPRx   :  sendbooster is false!
06-13 06:44:49.508  6120  6120 E MTPRx   : In usbRemoved Status bar enabled
06-13 06:44:49.508  6120  6227 W MTPRx   : MTP_RUNNING_STATUS = 1
06-13 06:44:49.508  6120  6227 E MTPRx   :  sendbooster is false!
06-13 06:44:49.508  6120  6227 E MTPRx   : In usbRemoved Status bar enabled
06-13 06:44:49.513  6120  6120 V MtpMediaDBManager: inside getMyfilesDBList
06-13 06:44:49.513  6120  6227 V MtpMediaDBManager: inside getMyfilesDBList
06-13 06:44:49.513  6120  6268 W libc    : It seems that pthread_join() is not invoked or PTHREAD_ATTR_FLAG_DETACHED is not set.
06-13 06:44:49.513  6120  6268 W libc    :     pthread tid          : 6268
06-13 06:44:49.513  6120  6268 W libc    :     pthread start_routine: 0xb347fba9
06-13 06:44:49.523  6120  6120 E MtpMediaDBManager: updateMyfilesDB Count :0
06-13 06:44:49.523  6120  6120 V MtpMediaDBManager: start updateMyfilesDB
06-13 06:44:49.528  6120  6120 V MtpMediaDBManager: finish getMyfilesDBList
06-13 06:44:49.538  6120  6120 E MTPRx   : Sending Broadcast finish
06-13 06:44:49.548  6120  6227 E MtpMediaDBManager: updateMyfilesDB Count :0
06-13 06:44:49.548  6120  6227 V MtpMediaDBManager: start updateMyfilesDB
06-13 06:44:49.553  6120  6227 V MtpMediaDBManager: finish getMyfilesDBList
06-13 06:44:49.563  3179  3179 I SecKeyguardClockSingleView: Ignore. Because it is same clock text
06-13 06:44:49.568  6120  6120 E MtpService: onDestroy.
06-13 06:44:49.568  6120  6227 E MTPRx   : Sending Broadcast finish
06-13 06:44:49.578  3528  4738 I qtaguid : Untagging socket 111
06-13 06:44:49.583  6120  6120 E MtpService: Unregister Mtp disable Receiver
06-13 06:44:49.583  6120  6120 E MtpService: Receiver not registered: com.samsung.android.MtpApplication.MtpService$1@9f4640d
06-13 06:44:49.583  6120  6120 E MtpService: Unregister mtpEmergencyReceiver
06-13 06:44:49.583  6120  6120 E MtpService: Receiver not registered: com.samsung.android.MtpApplication.MtpService$2@298bfc2
06-13 06:44:49.583  6120  6120 E MtpService: unregistering mtpUserPresentReceiver in UnregisterAllIntent
06-13 06:44:49.583  6120  6120 E MtpService: Receiver not registered: com.samsung.android.MtpApplication.MtpService$4@5200ea4
06-13 06:44:49.583  6120  6120 E MtpService: unregistering mtpMediaReceiver in UnregisterAllIntent
06-13 06:44:49.583  6120  6120 E MtpService: Receiver not registered: com.samsung.android.MtpApplication.MtpService$3@c11f937
06-13 06:44:49.583  6120  6120 E MTPJNIInterface: noti = 3
06-13 06:44:49.588  6120  6120 D         : USB_MTP_ENABLED AND usb_ptp_enabled!
06-13 06:44:49.588  6120  6120 D         : __mtp_handler_eh_notify: USB plugged out.
06-13 06:44:49.588  6120  6120 D         : [__mtp_handler_eh_notify:627] is_connected = 0 and is_enumeration_finished = 1
06-13 06:44:49.593  6120  6120 D         :  [__mtp_handler_eh_notify:668] Enumeration is Complete and hence exiting the Mtp App 
06-13 06:44:49.598  3179  3179 I SecKeyguardClockSingleView: Ignore. Because it is same clock text
06-13 06:44:49.598  6120  6120 D         : gbin_sem_mtp semphore destroy successful
06-13 06:44:49.598  6120  6120 D         : [__mtp_handler_eh_notify:732] sending event to event handler thread to close...
06-13 06:44:49.598  6120  6120 D         : [__mtp_handler_eh_notify:741] starting mtp_deinitialize() ...
06-13 06:44:49.598  6120  6120 D         :  cleaning MP3 properties
06-13 06:44:49.598  6120  6120 D         :  cleaning WMA properties
06-13 06:44:49.598  6120  6120 D         :  cleaning WMV properties
06-13 06:44:49.598  6120  6120 D         :  cleaning ALBUM properties
06-13 06:44:49.598  6120  6120 D         :  cleaning default properties
06-13 06:44:49.598  6120  6120 D         : [__mtp_handler_eh_notify:773] Checking for MMC_INSERTED and kill data threads ...
06-13 06:44:49.598  6120  6120 D         : [__mtp_handler_eh_notify:784] calling mtp_g_fs_mtp_init() ...
06-13 06:44:49.598  6120  6120 D         :  ************** In mtp_g_fs_mtp_init to kill the threads
06-13 06:44:49.598  6120  6120 D         : [mtp_g_fs_mtp_init] ********* gfs_mode = 0 mtp_clean_usb_driver  
06-13 06:44:49.598  6120  6120 D         : [mtp_g_fs_mtp_init] ************ Calling mtp_usb_mtp_finalize fn
06-13 06:44:49.598  6120  6120 E         : ****** [mtp_usb_mtp_finalize 1276] mtp_close_fd Calling 
06-13 06:44:49.598  6120  6120 E         : [mtp_close_fd 134]  fd = 25...
06-13 06:44:49.598  6120  6120 E         : [mtp_close_fd 139] USB endpoint [25] closed...
06-13 06:44:49.598  6120  6120 E         : ****** [mtp_usb_mtp_finalize 1279] Updating the gInitializeFlag Flag to FALSE 
06-13 06:44:49.598  6120  6120 E         : ****** [mtp_usb_mtp_finalize 1282] Calling mtp_stop_io 
06-13 06:44:49.598  6120  6120 D         : mtp_stop_io going to kill source thread, th_source value = 1
06-13 06:44:49.623  2776  3211 D ActivityManager: removeProcessNameLocked mProcessNames.remove pid=6120 ,hash=101559995 ,name=com.samsung.android.MtpApplication
06-13 06:44:49.693  3723  3723 D VideoWidget: onChange()
06-13 06:44:49.693  3723  3723 D VideoWidget: bulidUpdate
06-13 06:44:49.733  3790 12427 D MediaProvider: savePlaylistTableInBulkDeleter started
06-13 06:44:49.733  3790 12427 D MediaProvider: savePlaylistTableInBulkDeleter started - audio_playlists_map_personal_cache existed
06-13 06:44:49.733  3790 12427 D MediaProvider: savePlaylistTableInBulkDeleter started - audio_playlists_map_personal_cache is empty
06-13 06:44:49.738  3790 12427 D MediaProvider: savePlaylistTableInBulkDeleter finished
06-13 06:44:49.748  3790 12427 D MediaScanner: getExternalStorageSdPath return null
06-13 06:44:49.768  3723  3723 D VideoWidget: widget is newly launched : false
06-13 06:44:49.773  3790 12427 D MediaScanner: Prescan. DB items number : 2002 DB_FILES_NUMBER_CACHING_LIMITATION : 20000  Caching mode : true
06-13 06:44:50.028  2776  2894 D BluetoothAdapter: STATE_ON
06-13 06:44:50.033  3179  3179 D KeyguardUpdateMonitor: received broadcast android.intent.action.BATTERY_CHANGED
06-13 06:44:50.033  3179  3179 I PERF    : received broadcast android.intent.action.BATTERY_CHANGED
06-13 06:44:50.033  3179  3179 D KeyguardUpdateMonitor: handleBatteryUpdate
06-13 06:44:50.033  3179  3179 D SecKeyguardStatusUtils: regionalDateFormat = Mdy isRTLlanguage = false returnDateFormat = E, MMM d
06-13 06:44:50.038  4390  4390 V HeadsetService: HeadsetService - Received Intent.ACTION_BATTERY_CHANGED
06-13 06:44:50.038  4390  4704 D HeadsetStateMachine: Disconnected process message: 10, size: 0
06-13 06:44:50.063 12431 12431 E Zygote  : v2
06-13 06:44:50.063 12431 12431 I SELinux : Function: selinux_compare_spd_ram, index[1], SPD-policy is existed. and_ver=SEPF_SM-T800_5.0.2-1 ver=66
06-13 06:44:50.063 12431 12431 W SELinux : Function: selinux_compare_spd_ram, index[1], priority [2], priority version is VE=SEPF_SECMOBILE_6.0.1_0021
06-13 06:44:50.088  2776  3052 D SensorService: [SO] -0.010 7.604 6.330
06-13 06:44:50.098  2776  5608 I SurveyLogManager: REASON : REASON_BY_CHARGING_TYPE_CHANGE
06-13 06:44:50.113 12431 12431 D TimaKeyStoreProvider: TimaSignature is unavailable
06-13 06:44:50.113 12431 12431 D ActivityThread: Added TimaKeyStore provider
06-13 06:44:50.123  2776  5608 D SurveyLogging: app_id = com.android.server.ssrm, feature = CHAR, extra = {"SIOP":"1", "PST_TMP":"455", "BAT_TMP":"327", "CHG_TMP":"0", "PA_TMP":"0", "BAT_LV":"99", "BAT_CUR":"-1580", "RSSI":"0", "RAD_DAT":"0", "WIFI_DAT":"253204", "BRI":"135", "CHR_TYPE":"0", "KNOX":"false", "SCRN":"true", "RAD":"2", "CALL":"false", "CF":"-1", "GF":"-1", "CG":"100", "TOP_PROC":"system_server", "TOP_USE":"28", "FOR_PKG":"com.sec.android.app.launcher"}
06-13 06:44:50.143  2776  3066 D BluetoothAdapter: STATE_ON
06-13 06:44:50.143  5159 12443 I BatteryChangedService: Running battery changed service
06-13 06:44:50.153  5159 12443 I BatteryChangedService: Battery intent extras:
06-13 06:44:50.153  5159 12443 I BatteryChangedService:  - technology=Li-ion (String)
06-13 06:44:50.153  5159 12443 I BatteryChangedService:  - icon-small=17303585 (Integer)
06-13 06:44:50.153  5159 12443 I BatteryChangedService:  - health=2 (Integer)
06-13 06:44:50.153  5159 12443 I BatteryChangedService:  - max_charging_current=0 (Integer)
06-13 06:44:50.153  5159 12443 I BatteryChangedService:  - online=1 (Integer)
06-13 06:44:50.153  5159 12443 I BatteryChangedService:  - status=3 (Integer)
06-13 06:44:50.153  5159 12443 I BatteryChangedService:  - plugged=0 (Integer)
06-13 06:44:50.153  5159 12443 I BatteryChangedService:  - present=true (Boolean)
06-13 06:44:50.153  5159 12443 I BatteryChangedService:  - pogo_plugged=0 (Integer)
06-13 06:44:50.153  5159 12443 I BatteryChangedService:  - capacity=790000 (Integer)
06-13 06:44:50.153  5159 12443 I BatteryChangedService:  - level=99 (Integer)
06-13 06:44:50.153  5159 12443 I BatteryChangedService:  - scale=100 (Integer)
06-13 06:44:50.153  5159 12443 I BatteryChangedService:  - temperature=327 (Integer)
06-13 06:44:50.153  5159 12443 I BatteryChangedService:  - current_now=-1915 (Integer)
06-13 06:44:50.153  5159 12443 I BatteryChangedService:  - voltage=4015 (Integer)
06-13 06:44:50.153  5159 12443 I BatteryChangedService:  - charge_type=0 (Integer)
06-13 06:44:50.153  5159 12443 I BatteryChangedService:  - self_discharging=false (Boolean)
06-13 06:44:50.153  5159 12443 I BatteryChangedService:  - hv_charger=false (Boolean)
06-13 06:44:50.153  5159 12443 I BatteryChangedService:  - power_sharing=false (Boolean)
06-13 06:44:50.153  5159 12443 I BatteryChangedService:  - android.support.content.wakelockid=26 (Integer)
06-13 06:44:50.153  5159 12443 I BatteryChangedService:  - invalid_charger=0 (Integer)
06-13 06:44:50.173 12431 12431 W System  : ClassLoader referenced unknown path: /system/app/PopupuiReceiver_M/lib/arm
06-13 06:44:50.188 12431 12431 D PR.PopupuiReceiver: >> onReceive() : com.samsung.systemui.power.action.ACTION_CABLE_DISCONNECTED
06-13 06:44:50.188  2776  3960 D SecContentProvider2: query(), uri = -1 selection = getSealedState
06-13 06:44:50.193  2776  3741 D SecContentProvider2: query(), uri = 15 selection = getSealedHideNotificationMessages
06-13 06:44:50.193  2776  3939 D SecContentProvider2: query(), uri = 15 selection = getCheckCoverPopupState
06-13 06:44:50.193 12431 12431 I PR.PopupuiReceiver_KNOX: knoxProKioskHideNotiMsg : 0, knoxCheckCoverPopupState : true
06-13 06:44:50.193 12431 12431 D PR.PopupuiReceiver: actionCableDisconnected()
06-13 06:44:50.228  3723  3723 E TranscodeReceiver: onReceive : android.intent.action.ACTION_POWER_DISCONNECTED
06-13 06:44:50.238  3723  3723 D TranscodeService: onDestroy()
06-13 06:44:50.238  3723  3723 D TranscodeService: releaseTranscodeThread.
06-13 06:44:50.253 11731 11731 I seatbelt: feature is disabled or not activated
06-13 06:44:50.268  2776  3066 I BarTender:BatteryStatsDumper: refreshstats completed
06-13 06:44:50.278  2776  3960 D ActivityManager: removeProcessNameLocked mProcessNames.remove pid=11388 ,hash=149945851 ,name=com.google.android.apps.maps
06-13 06:44:50.293  3790 12427 V MediaScanner: processDirectory :  /storage/emulated/0
06-13 06:44:50.303  3790 12427 D MediaScanner: Skipping:
06-13 06:44:50.303  3790 12427 D MediaScanner: 7klwibgf7fvntblfd7(75ebcf7
06-13 06:44:50.303  3790 12427 D MediaScanner: Skipping:
06-13 06:44:50.303  3790 12427 D MediaScanner: 7klwibgf7fvntblfd7(7Budiwrd7dblb7
06-13 06:44:50.323 12449 12449 E Zygote  : v2
06-13 06:44:50.328 12449 12449 I SELinux : Function: selinux_compare_spd_ram, index[1], SPD-policy is existed. and_ver=SEPF_SM-T800_5.0.2-1 ver=66
06-13 06:44:50.328 12449 12449 W SELinux : Function: selinux_compare_spd_ram, index[1], priority [2], priority version is VE=SEPF_SECMOBILE_6.0.1_0021
06-13 06:44:50.353  3790 12427 D MediaScanner: Skipping:
06-13 06:44:50.353  3790 12427 D MediaScanner: 7klwibgf7fvntblfd7(7DCRV75lpnvaubrtk7
06-13 06:44:50.378 12449 12449 D TimaKeyStoreProvider: TimaSignature is unavailable
06-13 06:44:50.378 12449 12449 D ActivityThread: Added TimaKeyStore provider
06-13 06:44:50.413 12449 12449 W System  : ClassLoader referenced unknown path: /system/app/Kies/lib/arm
06-13 06:44:50.418  2776  2792 I art     : Background partial concurrent mark sweep GC freed 74035(3MB) AllocSpace objects, 18(552KB) LOS objects, 30% free, 36MB/52MB, paused 3.940ms total 163.432ms
06-13 06:44:50.428 12449 12449 I SecKies-KiesReceiver: [APK BnR] Receive KIES_USB_DISCONNECT
06-13 06:44:50.448 12461 12461 E Zygote  : v2
06-13 06:44:50.448 12461 12461 I SELinux : Function: selinux_compare_spd_ram, index[1], SPD-policy is existed. and_ver=SEPF_SM-T800_5.0.2-1 ver=66
06-13 06:44:50.448 12461 12461 W SELinux : Function: selinux_compare_spd_ram, index[1], priority [2], priority version is VE=SEPF_SECMOBILE_6.0.1_0021
06-13 06:44:50.478  2776  3433 D ActivityManager: removeProcessNameLocked mProcessNames.remove pid=9546 ,hash=53186371 ,name=com.sec.android.provider.badge
06-13 06:44:50.488 12461 12461 D TimaKeyStoreProvider: TimaSignature is unavailable
06-13 06:44:50.488 12461 12461 D ActivityThread: Added TimaKeyStore provider
06-13 06:44:50.518 12461 12461 W System  : ClassLoader referenced unknown path: /system/app/KnoxSwitcher/lib/arm
06-13 06:44:50.523 12461 12461 D KnoxUsageDB: getInstance - KnoxUsageDBHelper
06-13 06:44:50.523 12461 12461 D KnoxUsageDB: null == mDbHelperInstance - KnoxUsageDBHelper
06-13 06:44:50.528 12461 12461 I usagelog: received in receiver
06-13 06:44:50.528 12461 12461 I KnoxUsageLogPro: KnoxUsageReceiver onReceive :android.intent.action.ACTION_POWER_DISCONNECTED myUserId=0
06-13 06:44:50.533 12461 12461 I KnoxUsageLogPro: premStatus:2
06-13 06:44:50.533 12461 12461 I KnoxUsageLogPro: isEulaShown : false
06-13 06:44:50.533 12461 12461 I KnoxUsageLogPro: KnoxUsageReceiver onReceive : not Processible, just return
06-13 06:44:50.553  3676  3676 I iu.Environment: update battery state; isPlugged? false*
06-13 06:44:50.568  3676  5353 I iu.UploadsManager: num queued entries: 0
06-13 06:44:50.568  3676  5353 I iu.UploadsManager: num updated entries: 0
06-13 06:44:50.583  3676  5353 I iu.SyncManager: NEXT; no task
06-13 06:44:50.633  2776  3960 D ActivityManager: removeProcessNameLocked mProcessNames.remove pid=11585 ,hash=203454148 ,name=com.google.android.videos
06-13 06:44:50.783  3493  3585 E ContactsProvider_EventLog: Flush buffer to file cnt : 2 size : 13Kb duration : 7ms lastUpdatedAfter : 4023 ms mFlush_time_threasold : 2000 mCurrentSize : 7150
06-13 06:44:51.103  3179  3179 D StatusBar.NetworkController: refreshViews connected={ wifi } level=?? combinedSignalIconId=0x7f0205cc/com.android.systemui:drawable/stat_sys_wifi_signal_4 mobileLabel= wifiLabel="ferrer" emergencyOnly=false combinedLabel="ferrer" mAirplaneMode=false mDataActivity=0 mPhoneSignalIconId=0x0/(null) mQSPhoneSignalIconId=0x0/(null) mDataDirectionIconId=0x0/(null) mDataSignalIconId=0x0/(null) mDataTypeIconId=0x0/(null) mQSDataTypeIconId=0x0/(null) mNoSimIconId=0x0/(null) mWifiIconId=0x7f0205cc/com.android.systemui:drawable/stat_sys_wifi_signal_4 mQSWifiIconId=0x7f0202aa/com.android.systemui:drawable/qs_tile_wifi_signal_4 mWifiActivityIconId=0x7f020584/com.android.systemui:drawable/stat_sys_signal_out mBluetoothTetherIconId=0x7f0205a1/com.android.systemui:drawable/stat_sys_tether_bluetooth
06-13 06:44:51.103  3179  3179 D StatusBar.NetworkController: refreshNwBoosterIndicator - setNWBoosterIndicators(false)
06-13 06:44:51.108  3179  3179 D skia    : ---- fAsset->read(0) returned 0
06-13 06:44:51.108  3179  3179 D StatusBar.NetworkController: refreshNwBoosterIndicator - setNWBoosterIndicators(false)
06-13 06:44:51.108  3179  3179 D StatusBar.NetworkController: refreshNwBoosterIndicator - setNWBoosterIndicators(false)
06-13 06:44:51.108  3179  3179 D StatusBar.NetworkController: refreshNwBoosterIndicator - setNWBoosterIndicators(false)
06-13 06:44:51.508  2243  2294 D DataRouter: dr_usb_deinit
06-13 06:44:51.508  2243  2294 D DataRouter: Initialise USB and start the thread
06-13 06:44:51.508  2243  2294 D DataRouter: dr_usb_init
06-13 06:44:51.508  2243  2294 E DataRouter: USB Interface is open with 0x9
06-13 06:44:51.508  2243  2294 D DataRouter: USB interface is now configured for usb_fd = 0x9
06-13 06:44:51.508  2243  2294 D DataRouter: monitor_data_of_usb
06-13 06:44:51.508  2243  2294 D DataRouter: USB monitor thread launched, usb_fd= 0x9
06-13 06:44:51.508  2243  2294 D DataRouter: Before the usb select
06-13 06:44:51.518  2776  2776 D EdgeLight: Turning on edge light for notification (NotificationRecord(0x0cc5bcae: pkg=com.nytimes.android user=UserHandle{0} id=2041112277 tag=null score=0 key=0|com.nytimes.android|2041112277|null|10109: Notification(pri=0 contentView=null vibrate=[0,300,200,300,200] sound=null tick defaults=0x4 flags=0x11 color=0xff000000 appGroupKey=com.nytimes.android actions=1 vis=PRIVATE secFlags=0x0 secPriority=0))) with color=ffffffff
06-13 06:44:51.523  3302  4200 D briefing: [Briefing]>>> BNLS:63 [0:0] onNotification Removed : android
06-13 06:44:51.523  2776  2894 D SecContentProvider2: query(), uri = 15 selection = getUsbConnectionType
06-13 06:44:51.548 12491 12491 E Zygote  : v2
06-13 06:44:51.548 12491 12491 I SELinux : Function: selinux_compare_spd_ram, index[1], SPD-policy is existed. and_ver=SEPF_SM-T800_5.0.2-1 ver=66
06-13 06:44:51.548 12491 12491 W SELinux : Function: selinux_compare_spd_ram, index[1], priority [2], priority version is VE=SEPF_SECMOBILE_6.0.1_0021
06-13 06:44:51.558  3179  3179 D PanelView: kidsfalse mQsExpansionEnabled:true
06-13 06:44:51.568  3179  3179 D PanelView: kidsfalse mQsExpansionEnabled:true
06-13 06:44:51.593 12491 12491 D TimaKeyStoreProvider: TimaSignature is unavailable
06-13 06:44:51.593 12491 12491 D ActivityThread: Added TimaKeyStore provider
06-13 06:44:51.623 12491 12491 W System  : ClassLoader referenced unknown path: /system/priv-app/MtpApplication/lib/arm
06-13 06:44:51.633 12491 12491 E MTPRx   : In MtpReceiverandroid.hardware.usb.action.USB_STATE
06-13 06:44:51.638  2776  3427 D SecContentProvider2: query(), uri = 14 selection = getSealedUsbMassStorageState
06-13 06:44:51.638 12491 12491 E MTPRx   : check value of boot_completed is1
06-13 06:44:51.638 12491 12491 D MTPRx   : in initializeSettingsValues
06-13 06:44:51.648 12491 12491 E MTPRx   : Sd-Card path/storage/Private
06-13 06:44:51.653 12491 12491 W System.err: remove failed: ENOENT (No such file or directory) : /storage/emulated/0/.mtp
06-13 06:44:51.653 12491 12491 E MTPRx   : check booting is completed_sys.boot_completed
06-13 06:44:51.653 12491 12491 E MTPRx   : Sd-Card path/storage/Private
06-13 06:44:51.653 12491 12491 W MTPRx   : value of connected isfalse
06-13 06:44:51.653 12491 12491 W MTPRx   : value of configured isfalse
06-13 06:44:51.653 12491 12491 W MTPRx   : value of mtpEnabled istrue
06-13 06:44:51.653 12491 12491 W MTPRx   : value of ptpEnabled isfalse
06-13 06:44:51.653 12491 12491 W MTPRx   : value of vzw_charging isfalse
06-13 06:44:51.653 12491 12491 W MTPRx   : value of sec_charging isfalse
06-13 06:44:51.658 12491 12491 E MTPRx   : Received USB_STATE with sdCardLaunch = 0
06-13 06:44:51.658 12491 12491 E MTPRx   : Unexpected Disconnection. call usbRemoved.
06-13 06:44:51.658 12491 12491 W MTPRx   : MTP_RUNNING_STATUS = 0
06-13 06:44:51.658 12491 12491 E MTPRx   :  sendbooster is false!
06-13 06:44:51.658 12491 12491 E MTPRx   : configured is false
06-13 06:44:51.708 12505 12505 E Zygote  : v2
06-13 06:44:51.708 12505 12505 I SELinux : Function: selinux_compare_spd_ram, index[1], SPD-policy is existed. and_ver=SEPF_SM-T800_5.0.2-1 ver=66
06-13 06:44:51.708 12505 12505 W SELinux : Function: selinux_compare_spd_ram, index[1], priority [2], priority version is VE=SEPF_SECMOBILE_6.0.1_0021
06-13 06:44:51.713  2776  3960 D ActivityManager: removeProcessNameLocked mProcessNames.remove pid=11674 ,hash=120663550 ,name=com.sec.face:FaceProvider
06-13 06:44:51.743 12505 12505 D TimaKeyStoreProvider: TimaSignature is unavailable
06-13 06:44:51.743 12505 12505 D ActivityThread: Added TimaKeyStore provider
06-13 06:44:51.768 12505 12505 W System  : ClassLoader referenced unknown path: /system/priv-app/wssyncmlnps/lib/arm
06-13 06:44:51.793 12505 12505 D NPS_WSSNPS: [] sys.usb.config : mtp,adb
06-13 06:44:51.793 12505 12505 D NPS_WSSNPS: [] bConfigured is false!
06-13 06:44:51.808 12517 12517 E Zygote  : v2
06-13 06:44:51.808 12517 12517 I SELinux : Function: selinux_compare_spd_ram, index[1], SPD-policy is existed. and_ver=SEPF_SM-T800_5.0.2-1 ver=66
06-13 06:44:51.808 12517 12517 W SELinux : Function: selinux_compare_spd_ram, index[1], priority [2], priority version is VE=SEPF_SECMOBILE_6.0.1_0021
06-13 06:44:51.813 12517 12517 W SELinux : SELinux: seapp_context_lookup: seinfo=platform, level=s0:c512,c768, pkgname=com.sec.android.sidesync30 
06-13 06:44:51.833  3243  7437 E libEGL  : ------------------------------------------------
06-13 06:44:51.833  3243  7437 E libEGL  : HWUI Context(-1370093120) Damaged Report-Shader
06-13 06:44:51.833  3243  7437 E libEGL  : HWUI   Shaders(4):
06-13 06:44:51.833  3243  7437 E libEGL  : HWUI     Unit 0) DAMAGED Handle(13)
06-13 06:44:51.833  3243  7437 E libEGL  : HWUI     Unit 1) Handle(15)
06-13 06:44:51.833  3243  7437 E libEGL  : HWUI     Unit 2) Handle(18)
06-13 06:44:51.833  3243  7437 E libEGL  : HWUI     Unit 3) Handle(20)
06-13 06:44:51.833  3243  7437 E libEGL  : ------------------------------------------------
06-13 06:44:51.833  3243  7437 E libGLESv2: HWUI Protection: wrong calling from app context F:ES2-glDeleteShader, handle(13)
06-13 06:44:51.833  3243  7437 E libEGL  : ------------------------------------------------
06-13 06:44:51.833  3243  7437 E libEGL  : HWUI Context(-1370093120) Damaged Report-Shader
06-13 06:44:51.833  3243  7437 E libEGL  : HWUI   Shaders(4):
06-13 06:44:51.833  3243  7437 E libEGL  : HWUI     Unit 0) Handle(13)
06-13 06:44:51.833  3243  7437 E libEGL  : HWUI     Unit 1) DAMAGED Handle(15)
06-13 06:44:51.833  3243  7437 E libEGL  : HWUI     Unit 2) Handle(18)
06-13 06:44:51.833  3243  7437 E libEGL  : HWUI     Unit 3) Handle(20)
06-13 06:44:51.833  3243  7437 E libEGL  : ------------------------------------------------
06-13 06:44:51.833  3243  7437 E libGLESv2: HWUI Protection: wrong calling from app context F:ES2-glDeleteShader, handle(15)
06-13 06:44:51.833  3243  7437 E libEGL  : ------------------------------------------------
06-13 06:44:51.833  3243  7437 E libEGL  : HWUI Context(-1370093120) Damaged Report-Shader
06-13 06:44:51.833  3243  7437 E libEGL  : HWUI   Shaders(4):
06-13 06:44:51.833  3243  7437 E libEGL  : HWUI     Unit 0) Handle(13)
06-13 06:44:51.833  3243  7437 E libEGL  : HWUI     Unit 1) Handle(15)
06-13 06:44:51.833  3243  7437 E libEGL  : HWUI     Unit 2) DAMAGED Handle(18)
06-13 06:44:51.833  3243  7437 E libEGL  : HWUI     Unit 3) Handle(20)
06-13 06:44:51.833  3243  7437 E libEGL  : ------------------------------------------------
06-13 06:44:51.833  3243  7437 E libGLESv2: HWUI Protection: wrong calling from app context F:ES2-glDeleteShader, handle(18)
06-13 06:44:51.833  3243  7437 E libEGL  : ------------------------------------------------
06-13 06:44:51.833  3243  7437 E libEGL  : HWUI Context(-1370093120) Damaged Report-Shader
06-13 06:44:51.833  3243  7437 E libEGL  : HWUI   Shaders(4):
06-13 06:44:51.833  3243  7437 E libEGL  : HWUI     Unit 0) Handle(13)
06-13 06:44:51.833  3243  7437 E libEGL  : HWUI     Unit 1) Handle(15)
06-13 06:44:51.833  3243  7437 E libEGL  : HWUI     Unit 2) Handle(18)
06-13 06:44:51.833  3243  7437 E libEGL  : HWUI     Unit 3) DAMAGED Handle(20)
06-13 06:44:51.833  3243  7437 E libEGL  : ------------------------------------------------
06-13 06:44:51.833  3243  7437 E libGLESv2: HWUI Protection: wrong calling from app context F:ES2-glDeleteShader, handle(20)
06-13 06:44:51.833  2776  3470 D ActivityManager: removeProcessNameLocked mProcessNames.remove pid=11284 ,hash=155679851 ,name=com.samsung.android.bbc.bbcagent
06-13 06:44:51.833  3243  7437 D libEGL  : eglTerminate EGLDisplay = 0x9ddbf834
06-13 06:44:51.868 12517 12517 D TimaKeyStoreProvider: TimaSignature is unavailable
06-13 06:44:51.868 12517 12517 D ActivityThread: Added TimaKeyStore provider
06-13 06:44:51.923 12517 12517 D SideSync30_SideSync30App: [65:onCreate] onCreate() start
06-13 06:44:52.008 12517 12517 D SideSync30_ControlServerManager: [115:<init>] ControlServerManager
06-13 06:44:52.008 12517 12517 D SideSync30_ControlClientManager: [85:<init>] ControlClientManager
06-13 06:44:52.008 12517 12517 D SideSync30_SideSync30App: [82:onCreate] onCreate() end
06-13 06:44:52.008 12517 12517 D SideSync30_SideSyncReceiver: [53:onReceive] onReceive() action : android.hardware.usb.action.USB_STATE
06-13 06:44:52.023 12517 12517 D SideSync30_ConnectionManager: [315:setConnectionState] setConnectionState state : 16
06-13 06:44:52.038 12517 12517 D SideSync30_ConnectionManager: [105:getMainContolState] getMainContolState CONNECTED : 0, DISCONNECTED : 1 1
06-13 06:44:52.068  2776  3212 D ActivityManager: removeProcessNameLocked mProcessNames.remove pid=11808 ,hash=206881537 ,name=com.google.android.partnersetup
06-13 06:44:52.108  3179  3179 D StatusBar.NetworkController: refreshViews connected={ wifi } level=?? combinedSignalIconId=0x7f0205cc/com.android.systemui:drawable/stat_sys_wifi_signal_4 mobileLabel= wifiLabel="ferrer" emergencyOnly=false combinedLabel="ferrer" mAirplaneMode=false mDataActivity=0 mPhoneSignalIconId=0x0/(null) mQSPhoneSignalIconId=0x0/(null) mDataDirectionIconId=0x0/(null) mDataSignalIconId=0x0/(null) mDataTypeIconId=0x0/(null) mQSDataTypeIconId=0x0/(null) mNoSimIconId=0x0/(null) mWifiIconId=0x7f0205cc/com.android.systemui:drawable/stat_sys_wifi_signal_4 mQSWifiIconId=0x7f0202aa/com.android.systemui:drawable/qs_tile_wifi_signal_4 mWifiActivityIconId=0x7f020576/com.android.systemui:drawable/stat_sys_signal_inout mBluetoothTetherIconId=0x7f0205a1/com.android.systemui:drawable/stat_sys_tether_bluetooth
06-13 06:44:52.108  3179  3179 D StatusBar.NetworkController: refreshNwBoosterIndicator - setNWBoosterIndicators(false)
06-13 06:44:52.108  3179  3179 D StatusBar.NetworkController: refreshNwBoosterIndicator - setNWBoosterIndicators(false)
06-13 06:44:52.108  3179  3179 D StatusBar.NetworkController: refreshNwBoosterIndicator - setNWBoosterIndicators(false)
06-13 06:44:52.108  3179  3179 D StatusBar.NetworkController: refreshNwBoosterIndicator - setNWBoosterIndicators(false)
06-13 06:44:52.593  3790 12427 D MediaScanner: Skipping:
06-13 06:44:52.593  3790 12427 D MediaScanner: 7klwibgf7fvntblfd7(75lpnvaubrtk7
06-13 06:44:52.613  3399  3399 D CscUpdateService: sys.boot_completed is 1. Start update ringtone notification alarm
06-13 06:44:52.613  3399  3399 D CscUpdateService: PREF_RINGTONE_SET return 3
06-13 06:44:52.613  3399  3399 D CscUpdateService: PREF_NOTIFICATION_SET return 3
06-13 06:44:52.613  3399  3399 D CscUpdateService: PREF_ALARMTONE_SET return 3
06-13 06:44:52.613  5507  5507 D FactoryTestApp: [FtClient$mBroadcastReceiver](5507) action= = android.intent.action.MEDIA_SCANNER_FINISHED
06-13 06:44:52.613  5507  5507 D FactoryTestApp: [FtClient$mBroadcastReceiver](5507) ACTION_MEDIA_SCANNER_FINISHED = /storage/emulated/0
06-13 06:44:52.633 12534 12534 E Zygote  : v2
06-13 06:44:52.638 12534 12534 I SELinux : Function: selinux_compare_spd_ram, index[1], SPD-policy is existed. and_ver=SEPF_SM-T800_5.0.2-1 ver=66
06-13 06:44:52.638 12534 12534 W SELinux : Function: selinux_compare_spd_ram, index[1], priority [2], priority version is VE=SEPF_SECMOBILE_6.0.1_0021
06-13 06:44:52.638 12534 12534 W SELinux : SELinux: seapp_context_lookup: seinfo=platform, level=s0:c512,c768, pkgname=com.sec.face:FaceProvider 
06-13 06:44:52.653  5507  5507 D FactoryTestApp: [FtClient$mBroadcastReceiver](5507) mIsReceivedCscModemSetting = false
06-13 06:44:52.653  5507  5507 D FactoryTestApp: [Support$Values.getBoolean](5507) id=SUPPORT_BOOST_MEDIASCAN, value=true
06-13 06:44:52.653  5507  5507 I FactoryTestApp: [FtClient$onReceived-ACTION_MEDIA_SCANNER_FINISHED](5507) SUPPORT_BOOST_MEDIASCAN
06-13 06:44:52.653  5507  5507 I FactoryTestApp: [ModulePower$doMediaScanWakeLock](5507) wake=false
06-13 06:44:52.678 12534 12534 D TimaKeyStoreProvider: TimaSignature is unavailable
06-13 06:44:52.678 12534 12534 D ActivityThread: Added TimaKeyStore provider
06-13 06:44:52.723  3723  3723 D VideoWidget: onChange()
06-13 06:44:52.723  3723  3723 D VideoWidget: bulidUpdate
06-13 06:44:52.728 12534 12534 W System  : ClassLoader referenced unknown path: /system/priv-app/FaceProvider/lib/arm
06-13 06:44:52.738 11963 11963 W dex2oat : Compilation of void com.google.android.finsky.p2p.w.<init>(com.google.android.finsky.p2p.am) took 154.047ms
06-13 06:44:52.743 11963 12175 W dex2oat : Compilation of void com.google.android.finsky.playcard.o.a(com.google.android.play.layout.d, com.google.android.finsky.dfemodel.Document, int, java.lang.String, com.google.android.finsky.navigationmanager.c, boolean, com.google.android.finsky.playcardview.base.t, com.google.android.finsky.f.ad, com.google.android.finsky.installqueue.q, boolean, int, boolean, boolean, com.google.android.finsky.f.v, boolean, boolean, boolean, com.google.android.finsky.dg.c.h) took 108.228ms
06-13 06:44:52.763  3790 12427 D MediaProvider: savePlaylistTableInBulkDeleter started
06-13 06:44:52.763  3790 12427 D MediaProvider: savePlaylistTableInBulkDeleter started - audio_playlists_map_personal_cache existed
06-13 06:44:52.763  3790 12427 D MediaProvider: savePlaylistTableInBulkDeleter started - audio_playlists_map_personal_cache is empty
06-13 06:44:52.768  3723  3723 D VideoWidget: widget is newly launched : false
06-13 06:44:52.773  3790 12427 D MediaProvider: savePlaylistTableInBulkDeleter finished
06-13 06:44:52.788  3790 12427 D MediaScanner: getExternalStorageSdPath return null
06-13 06:44:52.803  3790 12427 D MediaScanner: Prescan. DB items number : 2002 DB_FILES_NUMBER_CACHING_LIMITATION : 20000  Caching mode : true
06-13 06:44:52.868 12534 12534 I SystemBroadcastReceiver: [FACE] onReceive broadcastcompleted  
06-13 06:44:52.868 12534 12548 I SystemBroadcastReceiver: [FACE] Calling notifyListeners. 
06-13 06:44:52.873  9937  9937 D GalleryCacheReady: Receive action.ACTION_MEDIA_SCANNER_FINISHED
06-13 06:44:52.878  9937 12549 D GalleryCacheReady: handleMeidaScanFinish()
06-13 06:44:52.878  9937 12549 D FaceInterface: requestFaceScan() is called.
06-13 06:44:52.878  9937 12550 I FaceInterface: startFaceScan() : waiting 5 sec
06-13 06:44:52.883 12534 12548 I StorageController: [FACE] Bundle =  Bundle[{path=file:///storage/emulated/0, CleanBuffer=false}]
06-13 06:44:52.888 12534 12548 I SystemBroadcastReceiver: [FACE] Calling notifyListeners. 
06-13 06:44:52.888 12534 12548 I SystemBroadcastReceiver: [FACE] No one is registered with Event Id EVENT_SIOP
06-13 06:44:52.898 12552 12552 E Zygote  : v2
06-13 06:44:52.898 12552 12552 I SELinux : Function: selinux_compare_spd_ram, index[1], SPD-policy is existed. and_ver=SEPF_SM-T800_5.0.2-1 ver=66
06-13 06:44:52.898 12552 12552 W SELinux : Function: selinux_compare_spd_ram, index[1], priority [2], priority version is VE=SEPF_SECMOBILE_6.0.1_0021
06-13 06:44:52.898 12552 12552 W SELinux : SELinux: seapp_context_lookup: seinfo=platform, level=s0:c512,c768, pkgname=com.sec.android.app.myfiles 
06-13 06:44:52.908 12534 12551 I FaceRecognition: create new instance
06-13 06:44:52.928  2776  3470 D ActivityManager: removeProcessNameLocked mProcessNames.remove pid=11779 ,hash=232179842 ,name=com.sec.providers.settingsearch
06-13 06:44:52.933 12552 12552 D TimaKeyStoreProvider: TimaSignature is unavailable
06-13 06:44:52.933 12552 12552 D ActivityThread: Added TimaKeyStore provider
06-13 06:44:52.978 12552 12552 W System  : ClassLoader referenced unknown path: /system/priv-app/SecTabletMyFilesMUP/lib/arm
06-13 06:44:53.003 12552 12552 D MyFiles : MyFilesReceiver::Received the android.intent.action.MEDIA_SCANNER_FINISHED
06-13 06:44:53.013  9347  9347 D SideloadedProvider: Event received android.intent.action.MEDIA_SCANNER_FINISHED
06-13 06:44:53.043 12565 12565 E Zygote  : v2
06-13 06:44:53.043 12565 12565 I SELinux : Function: selinux_compare_spd_ram, index[1], SPD-policy is existed. and_ver=SEPF_SM-T800_5.0.2-1 ver=66
06-13 06:44:53.043 12565 12565 W SELinux : Function: selinux_compare_spd_ram, index[1], priority [2], priority version is VE=SEPF_SECMOBILE_6.0.1_0021
06-13 06:44:53.043 12565 12565 W SELinux : SELinux: seapp_context_lookup: seinfo=platform, level=s0:c512,c768, pkgname=com.sec.android.app.music:playerService 
06-13 06:44:53.048  9347 12564 D SideloadedProvider: intent received, action = MediaScannerService.scan.sideLoaded.all
06-13 06:44:53.048  9347 12564 D SideloadedProvider: Scanning side loaded media
06-13 06:44:53.048  2776  3470 D ActivityManager: removeProcessNameLocked mProcessNames.remove pid=11824 ,hash=29590784 ,name=com.samsung.android.sm.provider
06-13 06:44:53.048  9347 12564 D SideloadedProvider: Finished scanning media
06-13 06:44:53.083 12565 12565 D TimaKeyStoreProvider: TimaSignature is unavailable
06-13 06:44:53.083 12565 12565 D ActivityThread: Added TimaKeyStore provider
06-13 06:44:53.083 11963 12175 W dex2oat : Compilation of com.google.android.finsky.search.j com.google.android.finsky.search.f.a(android.content.Context, int, int, java.lang.String, com.google.android.finsky.search.q, boolean, com.google.android.finsky.search.i, com.google.android.finsky.f.v) took 105.157ms
06-13 06:44:53.108  3179  3179 D StatusBar.NetworkController: refreshViews connected={ wifi } level=?? combinedSignalIconId=0x7f0205cc/com.android.systemui:drawable/stat_sys_wifi_signal_4 mobileLabel= wifiLabel="ferrer" emergencyOnly=false combinedLabel="ferrer" mAirplaneMode=false mDataActivity=0 mPhoneSignalIconId=0x0/(null) mQSPhoneSignalIconId=0x0/(null) mDataDirectionIconId=0x0/(null) mDataSignalIconId=0x0/(null) mDataTypeIconId=0x0/(null) mQSDataTypeIconId=0x0/(null) mNoSimIconId=0x0/(null) mWifiIconId=0x7f0205cc/com.android.systemui:drawable/stat_sys_wifi_signal_4 mQSWifiIconId=0x7f0202aa/com.android.systemui:drawable/qs_tile_wifi_signal_4 mWifiActivityIconId=0x7f020574/com.android.systemui:drawable/stat_sys_signal_in mBluetoothTetherIconId=0x7f0205a1/com.android.systemui:drawable/stat_sys_tether_bluetooth
06-13 06:44:53.108  3179  3179 D StatusBar.NetworkController: refreshNwBoosterIndicator - setNWBoosterIndicators(false)
06-13 06:44:53.108  3179  3179 D StatusBar.NetworkController: refreshNwBoosterIndicator - setNWBoosterIndicators(false)
06-13 06:44:53.108  3179  3179 D StatusBar.NetworkController: refreshNwBoosterIndicator - setNWBoosterIndicators(false)
06-13 06:44:53.108  3179  3179 D StatusBar.NetworkController: refreshNwBoosterIndicator - setNWBoosterIndicators(false)
06-13 06:44:53.178 12565 12565 I MultiDex: VM with version 2.1.0 has multidex support
06-13 06:44:53.178 12565 12565 I MultiDex: install
06-13 06:44:53.178 12565 12565 I MultiDex: VM has multidex support, MultiDex support library is disabled.
06-13 06:44:53.183 12565 12565 D SMUSIC-Application: onCreate() S | app ver: unknown
06-13 06:44:53.233 12565 12565 I art     : Rejecting re-init on previously-failed class java.lang.Class<android.support.v4.app.JobIntentService$JobServiceEngineImpl>
06-13 06:44:53.233 12565 12565 I art     : Rejecting re-init on previously-failed class java.lang.Class<android.support.v4.app.JobIntentService$JobServiceEngineImpl>
06-13 06:44:53.248 12565 12565 D SMUSIC-MusicSync-MusicSyncService: sync event : 2 from com.samsung.android.app.music.provider.sync.MusicSyncService.initSyncComponents(MusicSyncService.java:98) | app ver: 16.2.12-4
06-13 06:44:53.273 12580 12580 E Zygote  : v2
06-13 06:44:53.273 12580 12580 I SELinux : Function: selinux_compare_spd_ram, index[1], SPD-policy is existed. and_ver=SEPF_SM-T800_5.0.2-1 ver=66
06-13 06:44:53.273 12580 12580 W SELinux : Function: selinux_compare_spd_ram, index[1], priority [2], priority version is VE=SEPF_SECMOBILE_6.0.1_0021
06-13 06:44:53.278 12580 12580 W SELinux : SELinux: seapp_context_lookup: seinfo=platform, level=s0:c512,c768, pkgname=com.sec.android.app.music:dataService 
06-13 06:44:53.328 12580 12580 D TimaKeyStoreProvider: TimaSignature is unavailable
06-13 06:44:53.328 12580 12580 D ActivityThread: Added TimaKeyStore provider
06-13 06:44:53.343 12534 12551 I SAIV_FACE: create face recognition engine - 20160620
06-13 06:44:53.343 12534 12551 I SAIV_FACE: feature size : 1024
06-13 06:44:53.343 12534 12551 I SAIV_FACE: File : /data/user/0/com.sec.face/face/face_data
06-13 06:44:53.343 12534 12551 I PolicyManager: [FACE] setCriticalStateFromSystem screenOn =  true
06-13 06:44:53.343 12534 12551 I PolicyManager: [FACE] setCriticalStateFromSystem camera running =  false
06-13 06:44:53.343 12534 12551 I PolicyManager: [FACE] setCriticalStateFromSystem  high siop =  false
06-13 06:44:53.343 12534 12551 I PolicyManager: [FACE] setCriticalStateFromSystem  ssrm game =  false
06-13 06:44:53.348 12534 12551 I FaceThreadPoolExecutor: [FACE] Task being added PolicyManager
06-13 06:44:53.353 12534 12551 I FaceThreadPoolExecutor: [FACE] Task com.sec.face.framework.configuration.PolicyManager@782f1d3 is submitted
06-13 06:44:53.353 12534 12551 I FaceThreadPoolExecutor: [FACE] Task being added FaceDetectionTask
06-13 06:44:53.353 12534 12551 I FaceThreadPoolExecutor: [FACE] Task com.sec.face.framework.extractomanager.task.FaceDetectionTask@298bfc2 is submitted
06-13 06:44:53.353 12534 12592 I PolicyManager: [FACE] Monitor thread running 
06-13 06:44:53.368 12534 12593 I PolicyManager: [FACE] setCriticalStateFromSystem screenOn =  true
06-13 06:44:53.368 12534 12593 I PolicyManager: [FACE] setCriticalStateFromSystem camera running =  false
06-13 06:44:53.368 12534 12593 I PolicyManager: [FACE] setCriticalStateFromSystem  high siop =  false
06-13 06:44:53.368 12534 12593 I PolicyManager: [FACE] setCriticalStateFromSystem  ssrm game =  false
06-13 06:44:53.368 12534 12593 I FaceDetectionTask: [FACE] Grouping task resuming due to policy request 
06-13 06:44:53.368 12534 12593 I SAIV_FACE: call FD init
06-13 06:44:53.368 12534 12593 D DMCFaceEngine_dmcSMVFDInterface: --- Call Init API : MaxF[100], Model[11100 100], Flag[SMVFD_v150123mcdClustering]
06-13 06:44:53.383 12565 12565 D ArtWork : maxMem : 536870912 (0.2) => mem for artwork 107374184
06-13 06:44:53.408 12565 12565 D SMUSIC-ArtWork: Artwork cache initialized with: ArtworkCacheSettings{supportedDimensions=[2131558529, 2131558528, 2131558622, 2131558623], memCacheSize=0, remoteDiskCacheSettings=Settings{directory=null, maxSize=0, compressFormat=JPEG, compressQuality=0}, localDiskCacheSettings=Settings{directory=null, maxSize=0, compressFormat=JPEG, compressQuality=0}}
06-13 06:44:53.408 12580 12580 I MultiDex: VM with version 2.1.0 has multidex support
06-13 06:44:53.408 12580 12580 I MultiDex: install
06-13 06:44:53.408 12580 12580 I MultiDex: VM has multidex support, MultiDex support library is disabled.
06-13 06:44:53.413 12565 12565 I MusicApplication: SamsungAnalytics Init
06-13 06:44:53.433 12580 12580 D SMUSIC-MusicDBInfo: MusicDBHelper : pinyin enabled : false, MUSIC_PROVIDER_ENABLED : false | app ver: unknown
06-13 06:44:53.458 12565 12565 D SamsungAnalytics111040: [Tracker] Tracker start:1.11.040
06-13 06:44:53.458 12565 12565 D SamsungAnalytics111040: newThread on Executor
06-13 06:44:53.463 12565 12565 D SMUSIC-Application: onCreate() X | app ver: 16.2.12-4
06-13 06:44:53.478 12534 12593 D MVFD_api: mvfd_api_FDInit_clustering : 1 | Min : 30
06-13 06:44:53.488  3676 12595 I iu.UploadsManager: End new media; added: 0, uploading: 0, time: 46 ms
06-13 06:44:53.513 12534 12593 I SystemUtils: [FACE] LM: false,AM:1300619264
06-13 06:44:53.558  3603 12600 I BgTaskExecutorImpl: Starting NONEXCLUSIVE background task zip_download_processor.
06-13 06:44:53.578 12534 12593 I SystemUtils: [FACE] LM: false,AM:1302745088
06-13 06:44:53.578  2776  4125 D ActivityManager: removeProcessNameLocked mProcessNames.remove pid=11851 ,hash=84910974 ,name=com.sec.android.app.soundalive
06-13 06:44:53.593 12580 12580 D SMUSIC-Provider: Search: onCreate
06-13 06:44:53.598  3603  4643 W LanguagePackUpdateContr: Querying download manager failed for ID : 827
06-13 06:44:53.613 12580 12580 D SMUSIC-Application: onCreate() S | app ver: unknown
06-13 06:44:53.638 12534 12593 I SAIV_FACE: call FD release
06-13 06:44:53.638 12534 12593 D MVFD_api: mvfd_api_FDRelease : start
06-13 06:44:53.638 12534 12593 D DMCFaceEngine_dmcSMVFDInterface: --- Call Release API : Mode[SMVFD_v150123mcdClustering]
06-13 06:44:53.638 12580 12580 D ArtWork : maxMem : 536870912 (0.2) => mem for artwork 107374184
06-13 06:44:53.638 12534 12593 D MVFD_api: mvfd_api_FDRelease : 1
06-13 06:44:53.638 12534 12551 I FaceThreadPoolExecutor: [FACE] Task being added PolicyManager
06-13 06:44:53.638 12534 12551 I FaceThreadPoolExecutor: [FACE] Task PolicyManager is already active not submitted
06-13 06:44:53.638 12534 12551 I FaceThreadPoolExecutor: [FACE] Task being added FaceGroupingTask
06-13 06:44:53.638 12534 12593 I FaceThreadPoolExecutor: [FACE] afterExecute FutureTask
06-13 06:44:53.638 12534 12551 I FaceThreadPoolExecutor: [FACE] Task com.sec.face.framework.extractomanager.task.FaceGroupingTask@2948e3c is submitted
06-13 06:44:53.643 12580 12580 D ArtWork : maxMem : 536870912 (0.2) => mem for artwork 107374184
06-13 06:44:53.643 12534 12593 I PolicyManager: [FACE] setCriticalStateFromSystem screenOn =  true
06-13 06:44:53.643 12534 12593 I PolicyManager: [FACE] setCriticalStateFromSystem camera running =  false
06-13 06:44:53.643 12534 12593 I PolicyManager: [FACE] setCriticalStateFromSystem  high siop =  false
06-13 06:44:53.643 12534 12593 I PolicyManager: [FACE] setCriticalStateFromSystem  ssrm game =  false
06-13 06:44:53.643 12534 12593 I FaceGroupingTask: [FACE] Grouping task resuming due to policy request 
06-13 06:44:53.663 12580 12580 D SMUSIC-ArtWork: Artwork cache initialized with: ArtworkCacheSettings{supportedDimensions=[2131558529, 2131558528, 2131558622, 2131558623], memCacheSize=107374184, remoteDiskCacheSettings=Settings{directory=/storage/emulated/0/Android/data/com.sec.android.app.music/cache/remote-albums, maxSize=104857600, compressFormat=JPEG, compressQuality=100}, localDiskCacheSettings=Settings{directory=/storage/emulated/0/Android/data/com.sec.android.app.music/cache/albums, maxSize=314572800, compressFormat=JPEG, compressQuality=100}}
06-13 06:44:53.673 12580 12580 I MusicApplication: SamsungAnalytics Init
06-13 06:44:53.678 12534 12593 I SystemUtils: [FACE] pref_value getBackUpToFPSyncSharedPref is = true
06-13 06:44:53.678 12534 12593 I FaceThreadPoolExecutor: [FACE] afterExecute FutureTask
06-13 06:44:53.698 12580 12580 D SamsungAnalytics111040: [Tracker] Tracker start:1.11.040
06-13 06:44:53.698 12580 12580 D SamsungAnalytics111040: newThread on Executor
06-13 06:44:53.703 12580 12580 D SMUSIC-Application: onCreate() X | app ver: 16.2.12-4
06-13 06:44:53.708 12580 12580 I art     : Rejecting re-init on previously-failed class java.lang.Class<android.support.v4.app.JobIntentService$JobServiceEngineImpl>
