06-13 06:44:33.868  3528  4568 I AsyncOpDispatcher: 35-GetDeviceDataUploadOptInStatusOperation
06-13 06:44:33.873  3528 11694 I qtaguid : Untagging socket 51
06-13 06:44:33.888  3302  3302 I briefing: [Briefing]>>> BCP:188 [0:0] cp query  pt : 0
06-13 06:44:33.893  3302  3302 I briefing: [Briefing]>>> BCP:188 [0:0] cp query  pt : 1
06-13 06:44:33.898  3302  3302 I briefing: [Briefing]>>> BCP:188 [0:0] cp query  pt : 0
06-13 06:44:33.898  3302  3302 D briefing: [Briefing]>>> DBH:209 [0:0] ud ps -1
06-13 06:44:33.903  3302  3302 I briefing: [Briefing]>>> BCP:216 [0:0] cp update : count : 3, pt : 4
06-13 06:44:33.913 11779 11779 W System  : ClassLoader referenced unknown path: /system/app/SettingSearchProvider/lib/arm
06-13 06:44:33.923  3302  3302 D briefing: [Briefing]>>> SSM:129 [0:0] getSideSyncDeviceInfo : 
06-13 06:44:33.923  3302  3302 D briefing: [Briefing]>>> SSM:130 [0:0] getSideSyncDeviceInfo : 
06-13 06:44:33.923  3302  3302 D briefing: [Briefing]>>> SSM:131 [0:0] getSideSyncDeviceInfo : 
06-13 06:44:33.923  3302  3302 D briefing: [Briefing]>>> SSM:132 [0:0] getSideSyncDeviceInfo : 
06-13 06:44:33.923  3302  3302 D briefing: [Briefing]>>> UIM:1075 [0:0] UIManager : makeBriefingList
06-13 06:44:33.923  3302  3302 D briefing: [Briefing]>>> UIM:1081 [0:0] UIManager : updateAppWidget
06-13 06:44:33.928  3302  3302 D briefing: [Briefing]>>> BLI:35 [0:0] changeBriefingListView
06-13 06:44:33.928  3302  3302 D briefing: [Briefing]>>> BLI:77 [0:0] changeBriefingListHandlersendEmptyMessageDelayed(0, 300) widgetId=-1
06-13 06:44:33.928  3302  3302 D briefing: [Briefing]>>> BLI:81 [0:0] changeBriefingListView() : userId =0 curUserId = 0
06-13 06:44:33.933  3302  3302 D briefing: [Briefing]>>> CMM:475 [0:0] onReceive() = actionAPPWIDGET_UPDATE
06-13 06:44:33.933  3302  3302 D briefing: [Briefing]>>> SPEM:305 [0:0]  cursorCount = 1
06-13 06:44:33.933  3302  3302 D briefing: [Briefing]>>> SPEM:323 [0:0]  UpcomingEventCount = 1
06-13 06:44:33.933  3302  3302 D briefing: [Briefing]>>> SPEM:373 [0:0] Evt id = 1952, start = 1528894800000, end = 1528895700000
06-13 06:44:33.933  3302  3302 D briefing: [Briefing]>>> SPEM:376 [0:0] Evt tt size = 6
06-13 06:44:33.933  3302  3302 D briefing: [Briefing]>>> SPEM:379 [0:0] Evt Lot = 0
06-13 06:44:33.963 11795 11795 E Zygote  : v2
06-13 06:44:33.963 11795 11795 I SELinux : Function: selinux_compare_spd_ram, index[1], SPD-policy is existed. and_ver=SEPF_SM-T800_5.0.2-1 ver=66
06-13 06:44:33.963 11795 11795 W SELinux : Function: selinux_compare_spd_ram, index[1], priority [2], priority version is VE=SEPF_SECMOBILE_6.0.1_0021
06-13 06:44:33.968  3302  3302 D briefing: [Briefing]>>> SPEM:398 [0:0]  display mEventCount = 1
06-13 06:44:34.008 11795 11795 D TimaKeyStoreProvider: TimaSignature is unavailable
06-13 06:44:34.008 11795 11795 D ActivityThread: Added TimaKeyStore provider
06-13 06:44:34.033  2776  3433 D ActivityManager: removeProcessNameLocked mProcessNames.remove pid=11031 ,hash=166701425 ,name=com.android.keychain
06-13 06:44:34.063 11795 11795 W System  : ClassLoader referenced unknown path: /system/app/AASAservice/lib/arm
06-13 06:44:34.068 11765 11778 I SettingSearch/SettingsSearchManager: Infomation -> numtitleinfo : 0 numSearchinfo : 277
06-13 06:44:34.073 11795 11795 D AASAservice-UpdateReceiver: onReceive() : android.intent.action.PACKAGE_ADDED
06-13 06:44:34.073 11795 11795 E AASAservice-TokenRule: parseToken() : TokenFile is null
06-13 06:44:34.073 11795 11795 D AASAservice-UpdateReceiver: onReceive() : package = edu.hendrix.ferrer.arduinodemo3, uid = -1
06-13 06:44:34.078  2776  3939 I AASAdebug:  readUids-end
06-13 06:44:34.078 11795 11795 D AASAservice-AASABinder: getManagedSharedPkgList() : packageName - edu.hendrix.ferrer.arduinodemo3, uid - -1
06-13 06:44:34.078  3179  3179 D StatusBar.NetworkController: refreshViews connected={ wifi } level=?? combinedSignalIconId=0x7f0205cc/com.android.systemui:drawable/stat_sys_wifi_signal_4 mobileLabel= wifiLabel="ferrer" emergencyOnly=false combinedLabel="ferrer" mAirplaneMode=false mDataActivity=0 mPhoneSignalIconId=0x0/(null) mQSPhoneSignalIconId=0x0/(null) mDataDirectionIconId=0x0/(null) mDataSignalIconId=0x0/(null) mDataTypeIconId=0x0/(null) mQSDataTypeIconId=0x0/(null) mNoSimIconId=0x0/(null) mWifiIconId=0x7f0205cc/com.android.systemui:drawable/stat_sys_wifi_signal_4 mQSWifiIconId=0x7f0202aa/com.android.systemui:drawable/qs_tile_wifi_signal_4 mWifiActivityIconId=0x7f020576/com.android.systemui:drawable/stat_sys_signal_inout mBluetoothTetherIconId=0x7f0205a1/com.android.systemui:drawable/stat_sys_tether_bluetooth
06-13 06:44:34.078  3179  3179 D StatusBar.NetworkController: refreshNwBoosterIndicator - setNWBoosterIndicators(false)
06-13 06:44:34.078  3179  3179 D StatusBar.NetworkController: refreshNwBoosterIndicator - setNWBoosterIndicators(false)
06-13 06:44:34.078  3179  3179 D StatusBar.NetworkController: refreshNwBoosterIndicator - setNWBoosterIndicators(false)
06-13 06:44:34.078  3179  3179 D StatusBar.NetworkController: refreshNwBoosterIndicator - setNWBoosterIndicators(false)
06-13 06:44:34.078 11795 11795 D AASAservice-UpdateReceiver: AASAUpdateReceiver : check SharedUID package.
06-13 06:44:34.078 11795 11795 I AASAservice-UpdateReceiver: AASAUpdateReceiver() : BLOCK BY PACKAGE
06-13 06:44:34.078 11795 11795 E AASAservice-UpdateReceiver: AASAUpdateReceiver : myrule is null.
06-13 06:44:34.083 11795 11795 I art     : System.exit called, status: 0
06-13 06:44:34.083 11795 11795 I AndroidRuntime: VM exiting with result code 0, cleanup skipped.
06-13 06:44:34.103  2776  2816 D ActivityManager: removeProcessNameLocked mProcessNames.remove pid=11795 ,hash=264991621 ,name=com.samsung.aasaservice
06-13 06:44:34.143 11765 11778 I SettingSearch/SettingsSearchManager:  Infomation -> getItem size : 277
06-13 06:44:34.173 11808 11808 E Zygote  : v2
06-13 06:44:34.173 11808 11808 I SELinux : Function: selinux_compare_spd_ram, index[1], SPD-policy is existed. and_ver=SEPF_SM-T800_5.0.2-1 ver=66
06-13 06:44:34.173 11808 11808 W SELinux : Function: selinux_compare_spd_ram, index[1], priority [2], priority version is VE=SEPF_SECMOBILE_6.0.1_0021
06-13 06:44:34.178 11808 11808 W SELinux : SELinux: seapp_context_lookup: seinfo=untrusted, level=s0:c512,c768, pkgname=com.google.android.partnersetup 
06-13 06:44:34.213 11808 11808 D TimaKeyStoreProvider: TimaSignature is unavailable
06-13 06:44:34.213 11808 11808 D ActivityThread: Added TimaKeyStore provider
06-13 06:44:34.233  3302  3302 D briefing: [Briefing]>>> BLI:56 [0:0] call notifyAppWidgetViewDataChanged
06-13 06:44:34.238  3302  3316 D briefing: [Briefing]>>> BLRVS:260 [0:0] onDataSetChanged
06-13 06:44:34.243  3302  3316 D briefing: [Briefing]>>> BLRVS:268 [0:0] makeBriefingList start1528890274243
06-13 06:44:34.243  3302  3316 D briefing: [Briefing]>>> BLRVS:272 [0:0] make birf list set data 
06-13 06:44:34.243  3302  3316 I briefing: [Briefing]>>> BCP:188 [0:0] cp query  pt : 0
06-13 06:44:34.248  3302  3316 D briefing: [Briefing]>>> BLRVS:277 [0:0] Check Top area 
06-13 06:44:34.253 11808 11808 W System  : ClassLoader referenced unknown path: /system/priv-app/GooglePartnerSetup/lib/arm
06-13 06:44:34.278  3302  3316 D briefing: [Briefing]>>> BLRVS:291 [0:0]  Check UnreadMsgEventManager 
06-13 06:44:34.283  3302  3316 D briefing: [Briefing]>>> BLRVS:295 [0:0]  Check MissedCallEventManager 
06-13 06:44:34.283  3302  3316 D briefing: [Briefing]>>> BLRVS:302 [0:0] Check SideSyncUnreadMsgEventManager 0
06-13 06:44:34.283  3302  3316 D briefing: [Briefing]>>> BLRVS:306 [0:0] Check SideSyncMissedCallEventManager 0
06-13 06:44:34.283  3302  3316 D briefing: [Briefing]>>> BLRVS:313 [0:0]  Check SplannerEventManager : true
06-13 06:44:34.283  3302  3316 D briefing: [Briefing]>>> BLRVS:319 [0:0]  Check StockManager : true
06-13 06:44:34.308  3302  3316 D briefing: [Briefing]>>> SM:395 [0:0] getStockInfo size 0
06-13 06:44:34.308  3302  3316 D briefing: [Briefing]>>> BLRVS:325 [0:0] make birf list set data mStockListSize0
06-13 06:44:34.308  3302  3316 D briefing: [Briefing]>>> BLRVS:352 [0:0] makeBriefingList end1528890274311
06-13 06:44:34.308  3302  3316 D briefing: [Briefing]>>> BLRVS:88 [0:0] getCount -> 2
06-13 06:44:34.318  3302  3312 D briefing: [Briefing]>>> BLRVS:220 [0:0] getLoadingView 
06-13 06:44:34.318  3302  4200 D briefing: [Briefing]>>> BLRVS:116 [0:0] Brief List size = 2, pos = 0, item name = splanner
06-13 06:44:34.318  3302  4200 I briefing: [Briefing]>>> BCP:188 [0:0] cp query  pt : 0
06-13 06:44:34.328  3407  4543 D ViewSystem: updateTemporaryMetaData() has done.
06-13 06:44:34.333  3302  3316 D briefing: [Briefing]>>> BLRVS:116 [0:0] Brief List size = 2, pos = 0, item name = splanner
06-13 06:44:34.333  3302  3316 I briefing: [Briefing]>>> BCP:188 [0:0] cp query  pt : 0
06-13 06:44:34.333  9937  9937 I PackagesMonitor: PackagesMonitor onReceive :edu.hendrix.ferrer.arduinodemo3
06-13 06:44:34.338  3407  4543 D ViewSystem: updateRemoteViews(0) has done.
06-13 06:44:34.338  3302  4200 D briefing: [Briefing]>>> BLRVS:116 [0:0] Brief List size = 2, pos = 1, item name = stock
06-13 06:44:34.338  3302  4200 D briefing: [Briefing]>>> SM:103 [0:0] Stock Infos Error!!!
06-13 06:44:34.343  3407  4543 D ViewSystem: updateRemoteViews(1) has done.
06-13 06:44:34.368  3528 11694 I System.out: (HTTPLog)-Static: isSBSettingEnabled false
06-13 06:44:34.368  3528 11694 I System.out: (HTTPLog)-Static: isSBSettingEnabled false
06-13 06:44:34.368  3528 11694 I qtaguid : Tagging socket 51 with tag 3000120300000000{805310979,0} uid -1, pid: 3528, getuid(): 10007
06-13 06:44:34.393 11824 11824 E Zygote  : v2
06-13 06:44:34.398 11824 11824 I SELinux : Function: selinux_compare_spd_ram, index[1], SPD-policy is existed. and_ver=SEPF_SM-T800_5.0.2-1 ver=66
06-13 06:44:34.398 11824 11824 W SELinux : Function: selinux_compare_spd_ram, index[1], priority [2], priority version is VE=SEPF_SECMOBILE_6.0.1_0021
06-13 06:44:34.418  2776  3469 D ActivityManager: removeProcessNameLocked mProcessNames.remove pid=11045 ,hash=250368627 ,name=com.sec.android.sidesync.source
06-13 06:44:34.433 11824 11824 D TimaKeyStoreProvider: TimaSignature is unavailable
06-13 06:44:34.433 11824 11824 D ActivityThread: Added TimaKeyStore provider
06-13 06:44:34.463 11824 11824 W System  : ClassLoader referenced unknown path: /system/priv-app/SmartManagerProvider/lib/arm
06-13 06:44:34.503  3399  3399 D VvmPackageInstallReceiver: intent getAction : android.intent.action.PACKAGE_ADDED
06-13 06:44:34.533 11839 11839 E Zygote  : v2
06-13 06:44:34.533 11839 11839 I SELinux : Function: selinux_compare_spd_ram, index[1], SPD-policy is existed. and_ver=SEPF_SM-T800_5.0.2-1 ver=66
06-13 06:44:34.533 11839 11839 W SELinux : Function: selinux_compare_spd_ram, index[1], priority [2], priority version is VE=SEPF_SECMOBILE_6.0.1_0021
06-13 06:44:34.538 11839 11839 W SELinux : SELinux: seapp_context_lookup: seinfo=platform, level=s0:c512,c768, pkgname=com.samsung.android.asksmanager 
06-13 06:44:34.538  2776  2816 D ActivityManager: removeProcessNameLocked mProcessNames.remove pid=11059 ,hash=51755801 ,name=com.sec.enterprise.knox.cloudmdm.smdms
06-13 06:44:34.538  3528 11694 I qtaguid : Untagging socket 51
06-13 06:44:34.578 11839 11839 D TimaKeyStoreProvider: TimaSignature is unavailable
06-13 06:44:34.578 11839 11839 D ActivityThread: Added TimaKeyStore provider
06-13 06:44:34.608 11839 11839 W System  : ClassLoader referenced unknown path: /system/priv-app/ASKSManager/lib/arm
06-13 06:44:34.613 11765 11778 I SettingSearch/SearchIntentReceiver: InitTitleDBThread end --> mDoingInitTitleDB : false
06-13 06:44:34.613 11765 11778 I SettingSearch/SearchIntentReceiver: LOCALE_CHANGED call search setting db finish!!
06-13 06:44:34.638 11851 11851 E Zygote  : v2
06-13 06:44:34.638 11851 11851 I SELinux : Function: selinux_compare_spd_ram, index[1], SPD-policy is existed. and_ver=SEPF_SM-T800_5.0.2-1 ver=66
06-13 06:44:34.638 11851 11851 W SELinux : Function: selinux_compare_spd_ram, index[1], priority [2], priority version is VE=SEPF_SECMOBILE_6.0.1_0021
06-13 06:44:34.643 11851 11851 W SELinux : SELinux: seapp_context_lookup: seinfo=release, level=s0:c512,c768, pkgname=com.sec.android.app.soundalive 
06-13 06:44:34.658  2776  2813 D ActivityManager: removeProcessNameLocked mProcessNames.remove pid=11121 ,hash=188824894 ,name=com.sec.android.sidesync30
06-13 06:44:34.673 11851 11851 D TimaKeyStoreProvider: TimaSignature is unavailable
06-13 06:44:34.673 11851 11851 D ActivityThread: Added TimaKeyStore provider
06-13 06:44:34.698 11851 11851 W System  : ClassLoader referenced unknown path: /system/priv-app/SoundAlive_Tablet_20_M/lib/arm
06-13 06:44:34.703 11851 11851 D Compatibility: onReceive() it will make start service
06-13 06:44:34.713  9347  9347 I InstallSamsungAppReceiver: kidMode = 0
06-13 06:44:34.713  9347  9347 D Parentalcontrol:currentUser: mKidID = 0
06-13 06:44:34.713 11851 11863 D Compatibility: onHandleIntent()
06-13 06:44:34.718  3528  4131 I AsyncOpDispatcher: 51-GetConfigurationSnapshotOperationCall
06-13 06:44:34.718  9347  9347 D Parentalcontrol:currentUser: currentUserId = 0
06-13 06:44:34.718 11851 11863 D Compatibility: intentservice saw: Intent { act=android.intent.action.PACKAGE_ADDED dat=package:edu.hendrix.ferrer.arduinodemo3 flg=0x4000010 cmp=com.sec.android.app.soundalive/.compatibility.Compatibility$Receiver bqHint=4 (has extras) } Bundle[{android.intent.extra.UID=10196, android.intent.extra.user_handle=0}]
06-13 06:44:34.718  9347  9347 D Parentalcontrol:currentUser: cursor != null. count = 0
06-13 06:44:34.728 11851 11863 D Compatibility: found: 2
06-13 06:44:34.733 11851 11863 D Compatibility: saved default: com.sec.android.app.soundalive.SAControlPanelActivity
06-13 06:44:34.738 11851 11863 D Compatibility: skipping ResolveInfo{1463af8 com.sec.android.app.soundalive/.compatibility.Compatibility$Redirector p=2147483647 m=0x108000}
06-13 06:44:34.738 11851 11863 D Compatibility: considering ResolveInfo{4aedbd1 com.sec.android.app.soundalive/.SAControlPanelActivity m=0x108000}
06-13 06:44:34.738 11851 11863 D Compatibility: default: com.sec.android.app.soundalive.SAControlPanelActivity
06-13 06:44:34.738 11851 11863 D Compatibility: enabling receiver ResolveInfo{a137636 com.sec.android.app.soundalive/.SAControlPanelReceiver m=0x108000}
06-13 06:44:34.743  2776  3469 D PackageManager: setEnabledSetting : userId = 0 packageName = com.sec.android.app.soundalive cmp = com.sec.android.app.soundalive.SAControlPanelReceiver newState = 1 callingPackage = 10049
06-13 06:44:34.743  3528  4131 I AsyncOpDispatcher: 51-CommitToConfigurationOperationCall
06-13 06:44:34.743 11851 11863 D Compatibility: enabling receiver ResolveInfo{c11f937 com.sec.android.app.soundalive/.compatibility.HelperGooglePlayMusic m=0x108000}
06-13 06:44:34.743  2776  2816 D PackageManager: setEnabledSetting : userId = 0 packageName = com.sec.android.app.soundalive cmp = com.sec.android.app.soundalive.compatibility.HelperGooglePlayMusic newState = 1 callingPackage = 10049
06-13 06:44:34.748 11851 11863 D Compatibility: enabling receiver ResolveInfo{5200ea4 com.sec.android.app.soundalive/.SAControlPanelReceiver m=0x108000}
06-13 06:44:34.748  2776  3950 D PackageManager: setEnabledSetting : userId = 0 packageName = com.sec.android.app.soundalive cmp = com.sec.android.app.soundalive.SAControlPanelReceiver newState = 1 callingPackage = 10049
06-13 06:44:34.748 11851 11863 D Compatibility: enabling receiver ResolveInfo{9f4640d com.sec.android.app.soundalive/.compatibility.HelperGooglePlayMusic m=0x108000}
06-13 06:44:34.753  2776  3470 D PackageManager: setEnabledSetting : userId = 0 packageName = com.sec.android.app.soundalive cmp = com.sec.android.app.soundalive.compatibility.HelperGooglePlayMusic newState = 1 callingPackage = 10049
06-13 06:44:34.753  5737 11866 I System.out: (HTTPLog)-Static: isSBSettingEnabled false
06-13 06:44:34.753  5737 11866 I System.out: (HTTPLog)-Static: isSBSettingEnabled false
06-13 06:44:34.753 11851 11863 D Compatibility: wrote com.sec.android.app.soundalive/com.sec.android.app.soundalive.SAControlPanelActivity as default
06-13 06:44:34.758 11867 11867 E Zygote  : v2
06-13 06:44:34.758  5737 11866 I System.out: (HTTPLog)-Static: isSBSettingEnabled false
06-13 06:44:34.758 11867 11867 I SELinux : Function: selinux_compare_spd_ram, index[1], SPD-policy is existed. and_ver=SEPF_SM-T800_5.0.2-1 ver=66
06-13 06:44:34.758 11867 11867 W SELinux : Function: selinux_compare_spd_ram, index[1], priority [2], priority version is VE=SEPF_SECMOBILE_6.0.1_0021
06-13 06:44:34.763  5737 11866 I System.out: (HTTPLog)-Static: isSBSettingEnabled false
06-13 06:44:34.773  2250  3044 D Netd    : getNetworkForDns: using netid 501 for uid 10188
06-13 06:44:34.793  3528  4131 I AsyncOpDispatcher: 51-GetExperimentTokensOperationCall
06-13 06:44:34.793  2776  3950 D ActivityManager: removeProcessNameLocked mProcessNames.remove pid=11169 ,hash=101631649 ,name=com.sec.android.app.sbrowser
06-13 06:44:34.803 11867 11867 D TimaKeyStoreProvider: TimaSignature is unavailable
06-13 06:44:34.803 11867 11867 D ActivityThread: Added TimaKeyStore provider
06-13 06:44:34.828 11867 11867 W System  : ClassLoader referenced unknown path: /system/app/InteractiveTutorial/lib/arm
06-13 06:44:34.853  5159  5159 I RemoteSupport: (SystemEventReceiver, 40) android.intent.action.PACKAGE_ADDED
06-13 06:44:34.853  5159  5159 I RemoteSupport: (SystemEventReceiver, 150) packageMonitor @ intent : android.intent.action.PACKAGE_ADDED
06-13 06:44:34.853  5159  5159 E RemoteSupport: (ServiceBind, 93) ServiceBind Class has not been initialized.
06-13 06:44:34.873  6377  6377 W System.err: remove failed: ENOENT (No such file or directory) : /data/user/0/com.android.vending/cache/safe_mode810331
06-13 06:44:34.878  6377  6377 I Finsky  : [1] com.google.android.finsky.p2p.c.a(10): Frosting ID looked up on UI thread. Caller should move to a background thread.
06-13 06:44:34.883  2776  3741 D ActivityManager: removeProcessNameLocked mProcessNames.remove pid=11206 ,hash=28473120 ,name=com.sec.android.app.samsungapps
06-13 06:44:34.913  6377  6377 I Finsky  : [1] com.google.android.finsky.wear.WearSupportService.onStartCommand(26): Starting WearSupportService for auto_install
06-13 06:44:34.913  6377  6377 I Finsky  : [1] com.google.android.finsky.wear.x.a(18): Connecting to wearable
06-13 06:44:34.918  6377  6377 I Finsky  : [1] com.google.android.finsky.wear.WearSupportService.onStartCommand(26): Starting WearSupportService for send_installed_apps
06-13 06:44:34.923  6377  6377 I Finsky  : [1] com.google.android.finsky.p2p.d.a(2): Wrote row to frosting DB: 240
06-13 06:44:34.948  3528  7762 W WearableService: onGetService - Wear is not available on this device.
06-13 06:44:34.963  3676 11889 I ChromeSync: [Sync,SyncIntentOperation] Handling the intent: Intent { act=android.intent.action.PACKAGE_ADDED dat=package:edu.hendrix.ferrer.arduinodemo3 flg=0x4000010 cmp=com.google.android.gms/.chimera.GmsIntentOperationService bqHint=4 (has extras) }.
06-13 06:44:34.963  5240  5240 D tv.peel.widget.PackageBroadcastReceiver: onReceive, intent action:android.intent.action.PACKAGE_ADDED, to call PeelUtil.postDeviceInfo() to send 966
06-13 06:44:34.963  5240  5240 D tv.peel.widget.PackageBroadcastReceiver: packageNameFromIntent=edu.hendrix.ferrer.arduinodemo3
06-13 06:44:34.968  5240  5240 D tv.peel.widget.PackageBroadcastReceiver: context.getPackageName()=com.peel.app, pkg matched:false, intent pkg matched:false, action:android.intent.action.PACKAGE_ADDED
06-13 06:44:34.993  6377  6377 E Finsky  : [1] com.google.android.finsky.wear.y.a(3): onConnectionFailed: ConnectionResult{statusCode=API_UNAVAILABLE, resolution=null, message=null}
06-13 06:44:34.993  6377  6377 W Finsky  : [1] com.google.android.finsky.wear.x.b(31): GoogleApiClient instance is not connected when requested
06-13 06:44:34.993  6377  6377 W Finsky  : [1] com.google.android.finsky.wear.do.run(16): Dropping command=auto_install due to Gms not connected
06-13 06:44:34.993  6377  6377 I Finsky  : [1] com.google.android.finsky.wear.WearSupportService.b(66): Stopping WearSupportService
06-13 06:44:35.008 11895 11895 E Zygote  : v2
06-13 06:44:35.008 11895 11895 I SELinux : Function: selinux_compare_spd_ram, index[1], SPD-policy is existed. and_ver=SEPF_SM-T800_5.0.2-1 ver=66
06-13 06:44:35.008 11895 11895 W SELinux : Function: selinux_compare_spd_ram, index[1], priority [2], priority version is VE=SEPF_SECMOBILE_6.0.1_0021
06-13 06:44:35.013 11895 11895 W SELinux : SELinux: seapp_context_lookup: seinfo=platform, level=s0:c512,c768, pkgname=com.sec.android.app.sbrowser 
06-13 06:44:35.023  6377  6377 W Finsky  : [1] com.google.android.finsky.wear.x.b(31): GoogleApiClient instance is not connected when requested
06-13 06:44:35.023  6377  6377 W Finsky  : [1] com.google.android.finsky.wear.do.run(16): Dropping command=send_installed_apps due to Gms not connected
06-13 06:44:35.023  6377  6377 I Finsky  : [1] com.google.android.finsky.wear.WearSupportService.b(66): Stopping WearSupportService
06-13 06:44:35.043  3528  4131 I AsyncOpDispatcher: 51-GetConfigurationSnapshotOperationCall
06-13 06:44:35.063 11895 11895 D TimaKeyStoreProvider: TimaSignature is unavailable
06-13 06:44:35.063 11895 11895 D ActivityThread: Added TimaKeyStore provider
06-13 06:44:35.073  3528  4131 I AsyncOpDispatcher: 51-CommitToConfigurationOperationCall
06-13 06:44:35.083  2776  3960 D PackageManager: setEnabledSetting : userId = 0 packageName = com.google.android.gms cmp = com.google.android.gms.people.pub.PeopleProfileActionGatewayActivity newState = 2 callingPackage = 10007
06-13 06:44:35.103  3528 11694 I agiy    : Scheduling adaptive one off task with window [14400, 604800] in seconds -- metadata{ service_id: 51 }
06-13 06:44:35.188 11895 11895 D AppBannerProvider: onCreate()
06-13 06:44:35.208 11895 11895 D [MM]MHDataBaseProvider: onCreate()
06-13 06:44:35.223  3676  4672 I Icing   : IndexChimeraService.getServiceInterface callingPackage=com.google.android.gms componentName=AppsCorpus serviceId=32
06-13 06:44:35.223  3676  5074 I Icing   : IndexChimeraService.getServiceInterface callingPackage=com.google.android.gms componentName=AppsCorpus serviceId=36
06-13 06:44:35.233 11895 11895 D ReflectField: Cannot load field: SEM_INT
06-13 06:44:35.238 11895 11895 E ReflectField: Incorrect type : Fallback exception
06-13 06:44:35.243 11895 11895 E ReflectMethod: Cannot load method: getBoolean [class java.lang.String]
06-13 06:44:35.243 11895 11895 E ReflectMethod: Cannot load method: getBoolean [class java.lang.String, boolean]
06-13 06:44:35.243  3528  3540 I AsyncOpDispatcher: 19-GetFileDescriptorAndDelete
06-13 06:44:35.248 11895 11895 E ReflectMethod: Cannot load method: getBoolean [class java.lang.String]
06-13 06:44:35.248 11895 11895 D SBrowserFlags: initialize : loadCscFeatureValue() succeed! 
06-13 06:44:35.263 11895 11895 W System.err: stat failed: ENOENT (No such file or directory) : /data/local/tmp/terrace-command-line
06-13 06:44:35.268 11895 11909 E CloseBy : Failed to create input stream for global policy
06-13 06:44:35.283  2776  3950 D SecContentProvider: query(), uri = 5 selection = getHttpProxy
06-13 06:44:35.293  3676 11152 I Icing   : Usage reports ok 0, Failed Usage reports 0, indexed 0, rejected 0, imm upload false
06-13 06:44:35.298 11895 11895 E NetDeviceUtils: isNetworkConnected() can't get network info: type[0]
06-13 06:44:35.303 11895 11895 I SBrowserProvider: deActivated
06-13 06:44:35.303  3528  3539 I AsyncOpDispatcher: 19-GetFileDescriptorAndDelete
06-13 06:44:35.328  3676 11152 I Icing   : Usage reports ok 0, Failed Usage reports 0, indexed 0, rejected 0, imm upload false
06-13 06:44:35.348  3528 11910 I PaymentBundleManager: Maintaining payment bundles
06-13 06:44:35.348  3528 11910 I PaymentBundleManager: Finished maintaining payment bundles
06-13 06:44:35.358 11895 11895 D SProviderUtility :SBrowserSync: enableSyncClientProivder
06-13 06:44:35.368 11895 11895 I SyncUtil: disableInternetSync is called!
06-13 06:44:35.373 11895 11895 D MostVisitedSitesProvider: onCreate
06-13 06:44:35.388 11895 11895 I cr_ApplicationStatus: initialize application : com.sec.android.app.sbrowser.SBrowserApplication@1249d72
06-13 06:44:35.418  3603 11914 I BgTaskExecutorImpl: Starting PERIODIC background task refresh_now_configuration.
06-13 06:44:35.428  3493  3585 E ContactsProvider_EventLog: Flush buffer to file cnt : 3 size : 4Kb duration : 7ms lastUpdatedAfter : 4001 ms mFlush_time_threasold : 2000 mCurrentSize : 2714
06-13 06:44:35.458 11895 11895 D WebContentsProviderModel: Database is empty
06-13 06:44:35.458 11895 11895 E WebContentsProviderReceiver: onReceive - not approved application
06-13 06:44:35.478 11917 11917 E Zygote  : v2
06-13 06:44:35.478 11917 11917 I SELinux : Function: selinux_compare_spd_ram, index[1], SPD-policy is existed. and_ver=SEPF_SM-T800_5.0.2-1 ver=66
06-13 06:44:35.478 11917 11917 W SELinux : Function: selinux_compare_spd_ram, index[1], priority [2], priority version is VE=SEPF_SECMOBILE_6.0.1_0021
06-13 06:44:35.478 11917 11917 W SELinux : SELinux: seapp_context_lookup: seinfo=samsung, level=s0:c512,c768, pkgname=com.sec.android.app.samsungapps 
06-13 06:44:35.513 11917 11917 D TimaKeyStoreProvider: TimaSignature is unavailable
06-13 06:44:35.513 11917 11917 D ActivityThread: Added TimaKeyStore provider
06-13 06:44:35.533  2776  3469 D ActivityManager: removeProcessNameLocked mProcessNames.remove pid=11137 ,hash=195805144 ,name=com.nytimes.android
06-13 06:44:35.553  3603  8367 W OptInChecker: Missing cached UDC setting for NOW_CARDS
06-13 06:44:35.553  3603  8367 W OptInChecker: Missing cached UDC setting for NOW_NOTIFICATIONS
06-13 06:44:35.553  3603  8367 W OptInChecker: Missing cached UDC setting for CHROME_HISTORY_SYNC
06-13 06:44:35.563 11917 11917 W System  : ClassLoader referenced unknown path: /data/app/com.sec.android.app.samsungapps-2/lib/arm
06-13 06:44:35.603 11917 11917 D SamsungApps: GalaxyApps Application onCreate calling...
06-13 06:44:35.658 11917 11917 V ConcreteDeviceInfoLoader: SimState is not Ready
06-13 06:44:35.663 11917 11917 V ConcreteDeviceInfoLoader: deviceInfo MCC value is not correct
06-13 06:44:35.668  3603 11934 I WebViewFactory: Loading com.google.android.webview version 67.0.3396.81 (code 339608100)
06-13 06:44:35.693 11917 11917 V ConcreteDeviceInfoLoader: SimState is not Ready
06-13 06:44:35.693 11917 11917 V ConcreteDeviceInfoLoader: deviceInfo MCC value is not correct
06-13 06:44:35.693 11917 11917 V ConcreteDeviceInfoLoader: SimState is not Ready
06-13 06:44:35.703 11917 11917 D [SAUI]  : StickerCenterInfo::::StickerCenterInfo
06-13 06:44:35.748 11917 11917 D [SAUI]  : StickerCenterAsyncQueryHandler::::startAllStickerItemInfoQuery content://null/noBlob/sticker/*
06-13 06:44:35.758  3603 11934 I art     : Rejecting re-init on previously-failed class java.lang.Class<com.android.webview.chromium.ServiceWorkerControllerAdapter>
06-13 06:44:35.758  3603 11934 I art     : Rejecting re-init on previously-failed class java.lang.Class<com.android.webview.chromium.ServiceWorkerControllerAdapter>
06-13 06:44:35.763  3603 11934 I art     : Rejecting re-init on previously-failed class java.lang.Class<com.android.webview.chromium.TokenBindingManagerAdapter>
06-13 06:44:35.763  3603 11934 I art     : Rejecting re-init on previously-failed class java.lang.Class<com.android.webview.chromium.TokenBindingManagerAdapter>
06-13 06:44:35.768 11917 11917 D Sppmt   : Test mode:false, cfgFileExist:false, canWrite:false
06-13 06:44:35.773  3603 11934 I cr_LibraryLoader: Time to load native libraries: 2 ms (timestamps 3361-3363)
06-13 06:44:35.778 11917 11917 D ReflectUtils: Cannot load field: SEM_INT
06-13 06:44:35.803 11917 11917 D SamsungApps: GalaxyApps Application onCreate called...
06-13 06:44:35.803  3603 11934 I chromium: [INFO:library_loader_hooks.cc(36)] Chromium logging enabled: level = 0, default verbosity = 0
06-13 06:44:35.808  3603 11934 I cr_LibraryLoader: Expected native library version number "67.0.3396.81", actual native library version number "67.0.3396.81"
06-13 06:44:35.808 11917 11917 D [SAUI]  : Global::recovered::false
06-13 06:44:35.808 11917 11917 D [SAUI]  : StickerCenterAsyncQueryHandler::::cursor is empty
06-13 06:44:35.828  2776  2813 D PackageManager: setEnabledSetting : userId = 0 packageName = com.google.android.apps.plus cmp = com.google.android.apps.plus.phone.PhotosLegacyLauncherActivity newState = 1 callingPackage = 10117
06-13 06:44:35.883 10522 10522 D MusicLifecycle: com.google.android.music.autocache.AutoCacheSchedulingService$EnablingReceiver generated event: Broadcast received with context android.app.ReceiverRestrictedContext@2b7143e and intent Intent { act=com.google.android.music.START_DOWNLOAD_SCHEDULING flg=0x10 cmp=com.google.android.music/.autocache.AutoCacheSchedulingService$EnablingReceiver bqHint=4 }
06-13 06:44:35.893  2776  2792 I art     : Background sticky concurrent mark sweep GC freed 140082(5MB) AllocSpace objects, 16(1112KB) LOS objects, 7% free, 49MB/53MB, paused 3.482ms total 106.212ms
06-13 06:44:35.893 10522 10522 D MusicLifecycle: com.google.android.music.autocache.AutoCacheSchedulingService generated event: Service created
06-13 06:44:35.893 10522 10522 D MusicLifecycle: com.google.android.music.autocache.AutoCacheSchedulingService generated event: Service started with intent Intent { act=com.google.android.music.leanback.APP_IN_USE cmp=com.google.android.music/.autocache.AutoCacheSchedulingService (has extras) }
06-13 06:44:35.898 10522 10522 D MusicLifecycle: com.google.android.music.wear.WearBroadcastReceiver generated event: Broadcast received with context android.app.ReceiverRestrictedContext@2b7143e and intent Intent { act=com.google.android.music.START_DOWNLOAD_SCHEDULING flg=0x10 cmp=com.google.android.music/.wear.WearBroadcastReceiver bqHint=4 }
06-13 06:44:35.898  2776  3970 D PackageManager: setEnabledSetting : userId = 0 packageName = com.google.android.music cmp = com.google.android.music.autocache.AutoCacheSchedulingService$ActionReceiver newState = 2 callingPackage = 10107
06-13 06:44:35.903 10522 10561 W WearSignatureVerifier: No package com.google.android.wearable.app.cn
06-13 06:44:35.903 10522 10561 W WearSignatureVerifier: No package com.google.android.wearable.app.cn
06-13 06:44:35.903 10522 10561 W WearSignatureVerifier: No package com.google.android.wearable.app.cn
06-13 06:44:35.903 10522 10561 W WearSignatureVerifier: No package com.google.android.wearable.app.cn
06-13 06:44:35.913 10790 10790 V TaskCloserActivity: TaskCloserActivity onReceive() - com.sec.android.intent.action.HOME_PAUSE
06-13 06:44:35.913  3528  3539 W WearableService: onGetService - Wear is not available on this device.
06-13 06:44:35.913 10522 11950 I MusicLeanback: Conditions not met for autocaching. okToAttempt=false
06-13 06:44:35.913 10522 11950 I MusicLeanback: Stop autocaching.
06-13 06:44:35.913 10522 10522 W WearSignatureVerifier: No package com.google.android.wearable.app.cn
06-13 06:44:35.918 10522 10522 D MusicLifecycle: com.google.android.music.wear.WearBroadcastReceiver generated event: Broadcast received with context android.app.ReceiverRestrictedContext@2b7143e and intent Intent { act=com.google.android.music.IMPORT_COMPLETE flg=0x10 cmp=com.google.android.music/.wear.WearBroadcastReceiver bqHint=4 }
06-13 06:44:35.918 10522 11951 E GmsUtils: Failed to connect to Google API client: ConnectionResult{statusCode=API_UNAVAILABLE, resolution=null, message=null}
06-13 06:44:35.928 10522 10522 D MusicLifecycle: com.google.android.music.autocache.AutoCacheSchedulingService generated event: Service destroyed
06-13 06:44:35.928 10522 10561 W WearSignatureVerifier: No package com.google.android.wearable.app.cn
06-13 06:44:35.933 10522 10561 W WearSignatureVerifier: No package com.google.android.wearable.app.cn
06-13 06:44:35.933 10522 10561 W WearSignatureVerifier: No package com.google.android.wearable.app.cn
06-13 06:44:35.933 10522 10561 W WearSignatureVerifier: No package com.google.android.wearable.app.cn
06-13 06:44:35.938  3528  7762 W WearableService: onGetService - Wear is not available on this device.
06-13 06:44:35.943 10522 10522 W WearSignatureVerifier: No package com.google.android.wearable.app.cn
06-13 06:44:35.943 10522 11952 E GmsUtils: Failed to connect to Google API client: ConnectionResult{statusCode=API_UNAVAILABLE, resolution=null, message=null}
06-13 06:44:35.958 10501 10501 W seatbelt: feature is not either activated or enabled
06-13 06:44:35.983  6377  6377 W System.err: remove failed: ENOENT (No such file or directory) : /data/user/0/com.android.vending/cache/safe_mode810331
06-13 06:44:35.988  6377  6377 I Finsky  : [1] com.google.android.finsky.download.DownloadBroadcastReceiver.a(4): Intent received at DownloadBroadcastReceiver
06-13 06:44:36.018  6377  6377 I Finsky  : [1] com.google.android.finsky.download.e.b(64): com.pinterest from 2 to 3.
06-13 06:44:36.018  6377  6377 I Finsky  : [1] com.google.android.finsky.download.n.f(124): com.pinterest: onComplete
06-13 06:44:36.018  6377  6377 I Finsky  : [1] com.google.android.finsky.download.n.i(137): Download com.pinterest removed from DownloadQueue
06-13 06:44:36.023  2776  3212 D PackageManager: START FREE STORAGE AND NOTIFY: observer{137165978}
06-13 06:44:36.023  2776  3212 D PackageManager: freeStorageSize{0}
06-13 06:44:36.043  6377  6377 I Finsky  : [1] com.google.android.finsky.installer.a.az.b(438): Prepare to patch com.pinterest (adid: com.pinterest , isid: gyGvAEUnSAKFmg2vrT0wzg) from content://downloads/my_downloads/826 format 5
06-13 06:44:36.053  6377  6377 I Finsky  : [1] com.google.android.finsky.dt.a.b.f(65): Self-update ignoring completed download com.pinterest
06-13 06:44:36.148  3302  3302 D briefing: [Briefing]>>> B:46 [0:0] action : actionAPPWIDGET_UPDATE
06-13 06:44:36.148  3302  3302 D briefing: [Briefing]>>> B:74 [0:0] settings CT : androidappReceiverRestrictedContext@437160e
06-13 06:44:36.148  3302  3302 D briefing: [Briefing]>>> UIM:139 [0:0] setContext
06-13 06:44:36.148  3302  3302 D briefing: [Briefing]>>> U:2249 [0:0] system orientation = 2
06-13 06:44:36.148  3302  3302 D briefing: [Briefing]>>> SPEM:119 [0:0] UpdateSplannerEvt 
06-13 06:44:36.148  3302  3302 D briefing: [Briefing]>>> SPEM:192 [0:0] StartQuery 1528866000151/ mEndQuery1528952400151
06-13 06:44:36.148  3302  3302 D briefing: [Briefing]>>> U:1046 [0:0] 2x4
06-13 06:44:36.158  3302  3302 I briefing: [Briefing]>>> BCP:188 [0:0] cp query  pt : 0
06-13 06:44:36.158  3302  3302 I briefing: [Briefing]>>> BCP:188 [0:0] cp query  pt : 0
06-13 06:44:36.163  3302  3302 I briefing: [Briefing]>>> BCP:188 [0:0] cp query  pt : 0
06-13 06:44:36.168  3302  3302 D briefing: [Briefing]>>> DBH:209 [0:0] ud ps -1
06-13 06:44:36.173  3302  3302 I briefing: [Briefing]>>> BCP:216 [0:0] cp update : count : 3, pt : 6
06-13 06:44:36.193  3302  3302 D briefing: [Briefing]>>> SSM:129 [0:0] getSideSyncDeviceInfo : 
06-13 06:44:36.193  3302  3302 D briefing: [Briefing]>>> SSM:130 [0:0] getSideSyncDeviceInfo : 
06-13 06:44:36.193  3302  3302 D briefing: [Briefing]>>> SSM:131 [0:0] getSideSyncDeviceInfo : 
06-13 06:44:36.193  3302  3302 D briefing: [Briefing]>>> SSM:132 [0:0] getSideSyncDeviceInfo : 
06-13 06:44:36.193  3302  3302 D briefing: [Briefing]>>> UIM:1075 [0:0] UIManager : makeBriefingList
06-13 06:44:36.198  3302  3302 D briefing: [Briefing]>>> UIM:1081 [0:0] UIManager : updateAppWidget
06-13 06:44:36.198  3302  3302 D briefing: [Briefing]>>> BLI:35 [0:0] changeBriefingListView
06-13 06:44:36.198  3302  3302 D briefing: [Briefing]>>> BLI:77 [0:0] changeBriefingListHandlersendEmptyMessageDelayed(0, 300) widgetId=-1
06-13 06:44:36.198  3302  3302 D briefing: [Briefing]>>> BLI:81 [0:0] changeBriefingListView() : userId =0 curUserId = 0
06-13 06:44:36.203  3302  3302 D briefing: [Briefing]>>> CMM:475 [0:0] onReceive() = actionAPPWIDGET_UPDATE
06-13 06:44:36.203  3302  3302 D briefing: [Briefing]>>> SPEM:305 [0:0]  cursorCount = 1
06-13 06:44:36.203  3302  3302 D briefing: [Briefing]>>> SPEM:323 [0:0]  UpcomingEventCount = 1
06-13 06:44:36.203  3302  3302 D briefing: [Briefing]>>> SPEM:373 [0:0] Evt id = 1952, start = 1528894800000, end = 1528895700000
06-13 06:44:36.203  3302  3302 D briefing: [Briefing]>>> SPEM:376 [0:0] Evt tt size = 6
06-13 06:44:36.203  3302  3302 D briefing: [Briefing]>>> SPEM:379 [0:0] Evt Lot = 0
06-13 06:44:36.208  3302  3302 D briefing: [Briefing]>>> SPEM:398 [0:0]  display mEventCount = 1
06-13 06:44:36.223  3302  3302 D briefing: [Briefing]>>> B:46 [0:0] action : actionAPPWIDGET_UPDATE
06-13 06:44:36.223  3302  3302 D briefing: [Briefing]>>> B:74 [0:0] settings CT : androidappReceiverRestrictedContext@437160e
06-13 06:44:36.223  3302  3302 D briefing: [Briefing]>>> UIM:139 [0:0] setContext
06-13 06:44:36.223  3302  3302 D briefing: [Briefing]>>> U:2249 [0:0] system orientation = 2
06-13 06:44:36.223  3302  3302 D briefing: [Briefing]>>> SPEM:119 [0:0] UpdateSplannerEvt 
06-13 06:44:36.223  3302  3302 D briefing: [Briefing]>>> SPEM:192 [0:0] StartQuery 1528866000226/ mEndQuery1528952400226
06-13 06:44:36.223  3302  3302 D briefing: [Briefing]>>> U:1046 [0:0] 2x4
06-13 06:44:36.228  3302  3302 I briefing: [Briefing]>>> BCP:188 [0:0] cp query  pt : 0
06-13 06:44:36.233  3302  3302 I briefing: [Briefing]>>> BCP:188 [0:0] cp query  pt : 0
06-13 06:44:36.233  3302  3302 I briefing: [Briefing]>>> BCP:188 [0:0] cp query  pt : 0
06-13 06:44:36.238  3302  3302 D briefing: [Briefing]>>> DBH:209 [0:0] ud ps -1
06-13 06:44:36.243  3302  3302 I briefing: [Briefing]>>> BCP:216 [0:0] cp update : count : 3, pt : 3
06-13 06:44:36.253  3302  3302 D briefing: [Briefing]>>> SSM:129 [0:0] getSideSyncDeviceInfo : 
06-13 06:44:36.253  3302  3302 D briefing: [Briefing]>>> SSM:130 [0:0] getSideSyncDeviceInfo : 
06-13 06:44:36.253  3302  3302 D briefing: [Briefing]>>> SSM:131 [0:0] getSideSyncDeviceInfo : 
06-13 06:44:36.253  3302  3302 D briefing: [Briefing]>>> SSM:132 [0:0] getSideSyncDeviceInfo : 
06-13 06:44:36.253  3302  3302 D briefing: [Briefing]>>> UIM:1075 [0:0] UIManager : makeBriefingList
06-13 06:44:36.258  3302  3302 D briefing: [Briefing]>>> UIM:1081 [0:0] UIManager : updateAppWidget
06-13 06:44:36.258  3302  3302 D briefing: [Briefing]>>> BLI:35 [0:0] changeBriefingListView
06-13 06:44:36.258  3302  3302 D briefing: [Briefing]>>> BLI:77 [0:0] changeBriefingListHandlersendEmptyMessageDelayed(0, 300) widgetId=-1
06-13 06:44:36.258  3302  3302 D briefing: [Briefing]>>> BLI:81 [0:0] changeBriefingListView() : userId =0 curUserId = 0
06-13 06:44:36.263  3302  3302 D briefing: [Briefing]>>> CMM:475 [0:0] onReceive() = actionAPPWIDGET_UPDATE
06-13 06:44:36.263  3302  3302 D briefing: [Briefing]>>> SPEM:305 [0:0]  cursorCount = 1
06-13 06:44:36.263  3302  3302 D briefing: [Briefing]>>> SPEM:323 [0:0]  UpcomingEventCount = 1
06-13 06:44:36.263  3302  3302 D briefing: [Briefing]>>> SPEM:373 [0:0] Evt id = 1952, start = 1528894800000, end = 1528895700000
06-13 06:44:36.263  3302  3302 D briefing: [Briefing]>>> SPEM:376 [0:0] Evt tt size = 6
06-13 06:44:36.263  3302  3302 D briefing: [Briefing]>>> SPEM:379 [0:0] Evt Lot = 0
06-13 06:44:36.268  3302  3302 D briefing: [Briefing]>>> SPEM:398 [0:0]  display mEventCount = 1
06-13 06:44:36.303 11503 11503 D Email_MagazineCard: onReceive is called in MagazineCard.
06-13 06:44:36.303 11503 11503 D Email_MagazineCard: updateEmailMagazineCard is called in MagazineCard.
06-13 06:44:36.333  3528  4320 I AsyncOpDispatcher: 51-GetConfigurationSnapshotOperationCall
06-13 06:44:36.358  3676  4581 I Icing   : Indexing ED6D39CB27904A1A84F1D7D44117B5676DA30CBE from com.google.android.gms
06-13 06:44:36.388  2776  3469 D PackageManager: setEnabledSetting : userId = 0 packageName = com.google.android.gms cmp = com.google.android.gms.auth.managed.ui.SetupWorkProfileActivity newState = 1 callingPackage = 10007
06-13 06:44:36.418  2776  3470 D PackageManager: setEnabledSetting : userId = 0 packageName = com.google.android.gms cmp = com.google.android.gms.auth.managed.ui.SetupWorkProfileActivity newState = 1 callingPackage = 10007
06-13 06:44:36.423  2776  3470 D PackageManager: setEnabledSetting : userId = 0 packageName = com.google.android.gms cmp = com.google.android.gms.auth.managed.ui.SetupWorkProfileActivity newState = 1 callingPackage = 10007
06-13 06:44:36.443  3528  4131 I AsyncOpDispatcher: 51-GetConfigurationSnapshotOperationCall
06-13 06:44:36.458  2776  2939 W PackageManager: verifying app can be installed or not
06-13 06:44:36.458  2776  2939 D ApplicationPolicy: isApplicationInstallationEnabled
06-13 06:44:36.458  2776  2939 D ApplicationPolicy: isApplicationInstallationEnabled :  Checking PKG WL - false
06-13 06:44:36.458  2776  2939 D ApplicationPolicy: isApplicationInstallationEnabled :  Checking PKG BL - true
06-13 06:44:36.458  2776  2939 D ApplicationPolicy: isApplicationInstallationEnabled :  Checking PERM BL - true
06-13 06:44:36.458  2776  2939 D ApplicationPolicy: isApplicationInstallationEnabled :  Checking SIG BL - true
06-13 06:44:36.458  2776  2939 D ApplicationPolicy: isApplicationInstallationEnabled :  Checking PKG WL - false
06-13 06:44:36.458  2776  2939 D ApplicationPolicy: isApplicationInstallationEnabled :  Checking PKG BL - true
06-13 06:44:36.458  2776  2939 D ApplicationPolicy: isApplicationInstallationEnabled :  Checking PERM BL - true
06-13 06:44:36.458  2776  2939 D ApplicationPolicy: isApplicationInstallationEnabled :  Checking SIG BL - true
06-13 06:44:36.458  2776  2939 D ApplicationPolicy: isApplicationInstallationEnabled :  enabled true
06-13 06:44:36.458  2776  2939 I AASAInstall: ship device
06-13 06:44:36.508  3302  3302 D briefing: [Briefing]>>> BLI:56 [0:0] call notifyAppWidgetViewDataChanged
06-13 06:44:36.508  3528  3539 I AsyncOpDispatcher: 51-CommitToConfigurationOperationCall
06-13 06:44:36.508  3302  3316 D briefing: [Briefing]>>> BLRVS:260 [0:0] onDataSetChanged
06-13 06:44:36.518  3528  4131 I AsyncOpDispatcher: 51-CommitToConfigurationOperationCall
06-13 06:44:36.528  3302  3316 D briefing: [Briefing]>>> BLRVS:268 [0:0] makeBriefingList start1528890276528
06-13 06:44:36.528  3302  3316 D briefing: [Briefing]>>> BLRVS:272 [0:0] make birf list set data 
06-13 06:44:36.528  3302  3316 I briefing: [Briefing]>>> BCP:188 [0:0] cp query  pt : 1
06-13 06:44:36.533  3302  3316 D briefing: [Briefing]>>> BLRVS:277 [0:0] Check Top area 
06-13 06:44:36.558  3302  3302 D briefing: [Briefing]>>> BLI:56 [0:0] call notifyAppWidgetViewDataChanged
06-13 06:44:36.563  3302  3316 D briefing: [Briefing]>>> BLRVS:291 [0:0]  Check UnreadMsgEventManager 
06-13 06:44:36.563  3302  3316 D briefing: [Briefing]>>> BLRVS:295 [0:0]  Check MissedCallEventManager 
06-13 06:44:36.563  3302  3316 D briefing: [Briefing]>>> BLRVS:302 [0:0] Check SideSyncUnreadMsgEventManager 0
06-13 06:44:36.563  3302  3316 D briefing: [Briefing]>>> BLRVS:306 [0:0] Check SideSyncMissedCallEventManager 0
06-13 06:44:36.563  3302  3316 D briefing: [Briefing]>>> BLRVS:313 [0:0]  Check SplannerEventManager : true
06-13 06:44:36.563  3302  3316 D briefing: [Briefing]>>> BLRVS:319 [0:0]  Check StockManager : true
06-13 06:44:36.573  3302  3316 D briefing: [Briefing]>>> SM:395 [0:0] getStockInfo size 0
06-13 06:44:36.573  3302  3316 D briefing: [Briefing]>>> BLRVS:325 [0:0] make birf list set data mStockListSize0
06-13 06:44:36.573  3302  3316 D briefing: [Briefing]>>> BLRVS:352 [0:0] makeBriefingList end1528890276577
06-13 06:44:36.573  3302  3316 D briefing: [Briefing]>>> BLRVS:88 [0:0] getCount -> 2
06-13 06:44:36.578  3302  3312 D briefing: [Briefing]>>> BLRVS:220 [0:0] getLoadingView 
06-13 06:44:36.578  3302  4200 D briefing: [Briefing]>>> BLRVS:116 [0:0] Brief List size = 2, pos = 0, item name = splanner
06-13 06:44:36.578  3302  4200 I briefing: [Briefing]>>> BCP:188 [0:0] cp query  pt : 1
06-13 06:44:36.603  3407  4543 D ViewSystem: updateTemporaryMetaData() has done.
06-13 06:44:36.608  3302  3312 D briefing: [Briefing]>>> BLRVS:116 [0:0] Brief List size = 2, pos = 0, item name = splanner
06-13 06:44:36.608  3302  3312 I briefing: [Briefing]>>> BCP:188 [0:0] cp query  pt : 1
06-13 06:44:36.633  2776  3211 D PackageManager: setEnabledSetting : userId = 0 packageName = com.google.android.gms cmp = com.google.android.gms.auth.managed.ui.SetupWorkProfileActivity newState = 1 callingPackage = 10007
06-13 06:44:36.638  3407  4543 D ViewSystem: updateRemoteViews(0) has done.
06-13 06:44:36.638  3302  4200 D briefing: [Briefing]>>> BLRVS:116 [0:0] Brief List size = 2, pos = 1, item name = stock
06-13 06:44:36.638  3302  4200 D briefing: [Briefing]>>> SM:103 [0:0] Stock Infos Error!!!
06-13 06:44:36.648  3528 11368 I AsyncOpDispatcher: 35-GetDeviceDataUploadOptInStatusOperation
06-13 06:44:36.653  3528  4131 I AsyncOpDispatcher: 51-GetConfigurationSnapshotOperationCall
06-13 06:44:36.658  3407  4543 D ViewSystem: updateRemoteViews(1) has done.
06-13 06:44:36.658  3302  3316 D briefing: [Briefing]>>> BLRVS:260 [0:0] onDataSetChanged
06-13 06:44:36.663  3302  3316 D briefing: [Briefing]>>> BLRVS:268 [0:0] makeBriefingList start1528890276664
06-13 06:44:36.663  3302  3316 D briefing: [Briefing]>>> BLRVS:272 [0:0] make birf list set data 
06-13 06:44:36.663  3302  3316 I briefing: [Briefing]>>> BCP:188 [0:0] cp query  pt : 1
06-13 06:44:36.668  3302  3316 D briefing: [Briefing]>>> BLRVS:277 [0:0] Check Top area 
06-13 06:44:36.693  3528  4131 I AsyncOpDispatcher: 51-CommitToConfigurationOperationCall
06-13 06:44:36.693  3302  3316 D briefing: [Briefing]>>> BLRVS:291 [0:0]  Check UnreadMsgEventManager 
06-13 06:44:36.693  3302  3316 D briefing: [Briefing]>>> BLRVS:295 [0:0]  Check MissedCallEventManager 
06-13 06:44:36.693  3302  3316 D briefing: [Briefing]>>> BLRVS:302 [0:0] Check SideSyncUnreadMsgEventManager 0
06-13 06:44:36.693  3302  3316 D briefing: [Briefing]>>> BLRVS:306 [0:0] Check SideSyncMissedCallEventManager 0
06-13 06:44:36.693  3302  3316 D briefing: [Briefing]>>> BLRVS:313 [0:0]  Check SplannerEventManager : true
06-13 06:44:36.693  3302  3316 D briefing: [Briefing]>>> BLRVS:319 [0:0]  Check StockManager : true
06-13 06:44:36.723  3676 11882 I Vision  : Details: barcode_armeabi_v7a.zip, 7d2392677698378c2d426622ee356446c938ad38
06-13 06:44:36.728  3676 11882 I Vision  : Engine already satisfied by existing download for barcode
06-13 06:44:36.773  3676 11882 I Vision  : Details: ocr_armeabi_v7a.zip, a0fa9e293aa78a849c0951e9a9220ca9e9935bd9
06-13 06:44:36.778  3676 11882 I Vision  : Engine already satisfied by existing download for ocr
06-13 06:44:36.798  3676 11882 I Vision  : Details: face_armeabi_v7a.zip, b11b48a0c155fd481523f66142c15cbaa0c31acc
06-13 06:44:36.803  3676 11882 I Vision  : Engine already satisfied by existing download for face
06-13 06:44:36.808  2776  3470 D PackageManager: setEnabledSetting : userId = 0 packageName = com.google.android.gms cmp = com.google.android.gms.auth.managed.ui.SetupWorkProfileActivity newState = 1 callingPackage = 10007
06-13 06:44:36.818  3302  3316 D briefing: [Briefing]>>> SM:395 [0:0] getStockInfo size 0
06-13 06:44:36.818  3302  3316 D briefing: [Briefing]>>> BLRVS:325 [0:0] make birf list set data mStockListSize0
06-13 06:44:36.818  3302  3316 D briefing: [Briefing]>>> BLRVS:352 [0:0] makeBriefingList end1528890276820
06-13 06:44:36.818  3302  3316 D briefing: [Briefing]>>> BLRVS:88 [0:0] getCount -> 2
06-13 06:44:36.818  3302  3312 D briefing: [Briefing]>>> BLRVS:220 [0:0] getLoadingView 
06-13 06:44:36.818  3302  4200 D briefing: [Briefing]>>> BLRVS:116 [0:0] Brief List size = 2, pos = 0, item name = splanner
06-13 06:44:36.823  3302  4200 I briefing: [Briefing]>>> BCP:188 [0:0] cp query  pt : 0
06-13 06:44:36.828  3528  3538 I art     : Background sticky concurrent mark sweep GC freed 103968(6MB) AllocSpace objects, 45(2MB) LOS objects, 29% free, 19MB/28MB, paused 6.320ms total 112.017ms
06-13 06:44:36.848  3407  4543 D ViewSystem: updateTemporaryMetaData() has done.
06-13 06:44:36.848  3302  3316 D briefing: [Briefing]>>> BLRVS:116 [0:0] Brief List size = 2, pos = 0, item name = splanner
06-13 06:44:36.848  3302  3316 I briefing: [Briefing]>>> BCP:188 [0:0] cp query  pt : 0
06-13 06:44:36.878  3528  4131 I AsyncOpDispatcher: 51-GetConfigurationSnapshotOperationCall
06-13 06:44:36.898  3407  4543 D ViewSystem: updateRemoteViews(0) has done.
06-13 06:44:36.898  3302  4200 D briefing: [Briefing]>>> BLRVS:116 [0:0] Brief List size = 2, pos = 1, item name = stock
06-13 06:44:36.898  3302  4200 D briefing: [Briefing]>>> SM:103 [0:0] Stock Infos Error!!!
06-13 06:44:36.908  3407  4543 D ViewSystem: updateRemoteViews(1) has done.
06-13 06:44:36.933  3528  4131 I AsyncOpDispatcher: 51-CommitToConfigurationOperationCall
06-13 06:44:36.943  3676  4581 I Icing   : Indexing done ED6D39CB27904A1A84F1D7D44117B5676DA30CBE
06-13 06:44:36.993  2776  2792 I art     : Background partial concurrent mark sweep GC freed 243743(12MB) AllocSpace objects, 13(3MB) LOS objects, 28% free, 40MB/56MB, paused 3.664ms total 252.197ms
06-13 06:44:36.998  3603 11961 I BgTaskExecutorImpl: Starting PERIODIC background task update_language_packs.
06-13 06:44:37.013  3528  4131 I AsyncOpDispatcher: 51-GetExperimentTokensOperationCall
06-13 06:44:37.038  3528  4131 I AsyncOpDispatcher: 51-GetConfigurationSnapshotOperationCall
06-13 06:44:37.103  3603  3603 W SearchServiceCore: Abort, client detached.
06-13 06:44:37.103  3603  3603 W SearchServiceCore: Abort, client detached.
06-13 06:44:37.108  2776  2939 E NativeLibraryHelper: Failed to load assets verifier: 0
06-13 06:44:37.118  3528  4131 I AsyncOpDispatcher: 51-CommitToConfigurationOperationCall
06-13 06:44:37.143  2776  2939 I PackageManager.DexOptimizer: Running dexopt (dex2oat) on: /data/app/vmdl616818427.tmp/base.apk pkg=com.android.vending isa=arm vmSafeMode=false debuggable=false oatDir = /data/app/vmdl616818427.tmp/oat bootComplete=true
