06-13 06:44:29.108  3676 11375 I TelephonySpam: SettingsChangedIntentOp - SettingsChangedIntentOperation.run Intent extra com.google.android.gms.phenotype.PACKAGE_NAME: com.google.android.gms.cast
06-13 06:44:29.108  3676 11375 I TelephonySpam: SettingsChangedIntentOp - Action: com.google.android.gms.phenotype.COMMITTED
06-13 06:44:29.108  3676 11375 I TelephonySpam: SettingsChangedIntentOp - EXTRA_PACKAGE_NAME: com.google.android.gms.cast
06-13 06:44:29.108  2776  3212 D PackageManager: setEnabledSetting : userId = 0 packageName = com.google.android.gms cmp = com.google.android.gms.matchstick.ui.BMMRegistrationActivity newState = 2 callingPackage = 10007
06-13 06:44:29.113  3676 11376 W ModuleInitIntentOp: Dropping unexpected action com.google.android.gms.phenotype.COMMITTED
06-13 06:44:29.113  2776  3939 D PackageManager: setEnabledSetting : userId = 0 packageName = com.google.android.gms cmp = com.google.android.gms.carsetup.DrivingModeSettingsActivity newState = 2 callingPackage = 10007
06-13 06:44:29.113  2776  3940 D PackageManager: setEnabledSetting : userId = 0 packageName = com.google.android.gms cmp = com.google.android.gms.carsetup.DrivingModeFrxActivity newState = 2 callingPackage = 10007
06-13 06:44:29.118  2776  2816 D PackageManager: setEnabledSetting : userId = 0 packageName = com.google.android.gms cmp = com.google.android.gms.matchstick.ui.BMMRegistrationActivity newState = 2 callingPackage = 10007
06-13 06:44:29.118  2776  3470 D PackageManager: setEnabledSetting : userId = 0 packageName = com.google.android.gms cmp = com.google.android.gms.carsetup.DrivingModeToggleActivity newState = 2 callingPackage = 10007
06-13 06:44:29.118  3676 11135 I TelephonySpam: SettingsChangedIntentOp - SettingsChangedIntentOperation.run: Got intent Intent { act=com.google.android.gms.phenotype.COMMITTED flg=0x10 pkg=com.google.android.gms cmp=com.google.android.gms/.chimera.GmsIntentOperationService bqHint=4 (has extras) }
06-13 06:44:29.118  3676 11135 I TelephonySpam: SettingsChangedIntentOp - SettingsChangedIntentOperation.run Intent extra com.google.android.gms.phenotype.PACKAGE_NAME: com.google.android.gms.mdns
06-13 06:44:29.118  3676 11135 I TelephonySpam: SettingsChangedIntentOp - Action: com.google.android.gms.phenotype.COMMITTED
06-13 06:44:29.118  3676 11135 I TelephonySpam: SettingsChangedIntentOp - EXTRA_PACKAGE_NAME: com.google.android.gms.mdns
06-13 06:44:29.128  3676 10190 W ModuleInitIntentOp: Dropping unexpected action com.google.android.gms.phenotype.COMMITTED
06-13 06:44:29.128  2776  3471 D PackageManager: setEnabledSetting : userId = 0 packageName = com.google.android.gms cmp = com.google.android.gms.carsetup.DrivingModeSettingsActivity newState = 2 callingPackage = 10007
06-13 06:44:29.128  2776  2813 D PackageManager: setEnabledSetting : userId = 0 packageName = com.google.android.gms cmp = com.google.android.gms.carsetup.DrivingModeFrxActivity newState = 2 callingPackage = 10007
06-13 06:44:29.128  2776  3469 D PackageManager: setEnabledSetting : userId = 0 packageName = com.google.android.gms cmp = com.google.android.gms.carsetup.DrivingModeToggleActivity newState = 2 callingPackage = 10007
06-13 06:44:29.128  2776  3939 D PackageManager: setEnabledSetting : userId = 0 packageName = com.google.android.gms cmp = com.google.android.gms.matchstick.ui.BMMRegistrationActivity newState = 2 callingPackage = 10007
06-13 06:44:29.133  3676 11071 I TelephonySpam: SettingsChangedIntentOp - SettingsChangedIntentOperation.run: Got intent Intent { act=com.google.android.gms.phenotype.COMMITTED flg=0x10 pkg=com.google.android.gms cmp=com.google.android.gms/.chimera.GmsIntentOperationService bqHint=4 (has extras) }
06-13 06:44:29.133  3676 11071 I TelephonySpam: SettingsChangedIntentOp - SettingsChangedIntentOperation.run Intent extra com.google.android.gms.phenotype.PACKAGE_NAME: com.google.android.gms.learning
06-13 06:44:29.133  3676 11071 I TelephonySpam: SettingsChangedIntentOp - Action: com.google.android.gms.phenotype.COMMITTED
06-13 06:44:29.133  3676 11071 I TelephonySpam: SettingsChangedIntentOp - EXTRA_PACKAGE_NAME: com.google.android.gms.learning
06-13 06:44:29.153  3676 11375 W ModuleInitIntentOp: Dropping unexpected action com.google.android.gms.phenotype.COMMITTED
06-13 06:44:29.153  2776  4125 D PackageManager: setEnabledSetting : userId = 0 packageName = com.google.android.gms cmp = com.google.android.gms.carsetup.DrivingModeSettingsActivity newState = 2 callingPackage = 10007
06-13 06:44:29.158  2776  3960 D PackageManager: setEnabledSetting : userId = 0 packageName = com.google.android.gms cmp = com.google.android.gms.carsetup.DrivingModeFrxActivity newState = 2 callingPackage = 10007
06-13 06:44:29.173  2776  3950 D PackageManager: setEnabledSetting : userId = 0 packageName = com.google.android.gms cmp = com.google.android.gms.matchstick.ui.BMMRegistrationActivity newState = 2 callingPackage = 10007
06-13 06:44:29.173  2776  3469 D PackageManager: setEnabledSetting : userId = 0 packageName = com.google.android.gms cmp = com.google.android.gms.carsetup.DrivingModeToggleActivity newState = 2 callingPackage = 10007
06-13 06:44:29.173  3676  4208 I AsyncOpDispatcher: 45-xlb
06-13 06:44:29.173  3676 11375 I TelephonySpam: SettingsChangedIntentOp - SettingsChangedIntentOperation.run: Got intent Intent { act=com.google.android.gms.phenotype.COMMITTED flg=0x10 pkg=com.google.android.gms cmp=com.google.android.gms/.chimera.GmsIntentOperationService bqHint=4 (has extras) }
06-13 06:44:29.173  3676 11375 I TelephonySpam: SettingsChangedIntentOp - SettingsChangedIntentOperation.run Intent extra com.google.android.gms.phenotype.PACKAGE_NAME: com.google.android.gms.auth_folsom
06-13 06:44:29.173  3676 11375 I TelephonySpam: SettingsChangedIntentOp - Action: com.google.android.gms.phenotype.COMMITTED
06-13 06:44:29.173  3676 11375 I TelephonySpam: SettingsChangedIntentOp - EXTRA_PACKAGE_NAME: com.google.android.gms.auth_folsom
06-13 06:44:29.178  3676  4218 I AsyncOpDispatcher: 45-xlb
06-13 06:44:29.183  3676 10892 W ModuleInitIntentOp: Dropping unexpected action com.google.android.gms.phenotype.COMMITTED
06-13 06:44:29.183  2776  4125 D PackageManager: setEnabledSetting : userId = 0 packageName = com.google.android.gms cmp = com.google.android.gms.carsetup.DrivingModeSettingsActivity newState = 2 callingPackage = 10007
06-13 06:44:29.183  2776  2816 D PackageManager: setEnabledSetting : userId = 0 packageName = com.google.android.gms cmp = com.google.android.gms.carsetup.DrivingModeFrxActivity newState = 2 callingPackage = 10007
06-13 06:44:29.183  2776  3960 D PackageManager: setEnabledSetting : userId = 0 packageName = com.google.android.gms cmp = com.google.android.gms.carsetup.DrivingModeToggleActivity newState = 2 callingPackage = 10007
06-13 06:44:29.188  2776  3469 D PackageManager: setEnabledSetting : userId = 0 packageName = com.google.android.gms cmp = com.google.android.gms.matchstick.ui.BMMRegistrationActivity newState = 2 callingPackage = 10007
06-13 06:44:29.188  3676 11498 I TelephonySpam: SettingsChangedIntentOp - SettingsChangedIntentOperation.run: Got intent Intent { act=com.google.android.gms.phenotype.COMMITTED flg=0x10 pkg=com.google.android.gms cmp=com.google.android.gms/.chimera.GmsIntentOperationService bqHint=4 (has extras) }
06-13 06:44:29.188  3676 11498 I TelephonySpam: SettingsChangedIntentOp - SettingsChangedIntentOperation.run Intent extra com.google.android.gms.phenotype.PACKAGE_NAME: com.google.android.gms.trustagent
06-13 06:44:29.188  3676 11498 I TelephonySpam: SettingsChangedIntentOp - Action: com.google.android.gms.phenotype.COMMITTED
06-13 06:44:29.188  3676 11498 I TelephonySpam: SettingsChangedIntentOp - EXTRA_PACKAGE_NAME: com.google.android.gms.trustagent
06-13 06:44:29.203  3676  3695 I AsyncOpDispatcher: 45-xlb
06-13 06:44:29.203  3676 11498 W ModuleInitIntentOp: Dropping unexpected action com.google.android.gms.phenotype.COMMITTED
06-13 06:44:29.208  2776  3427 D PackageManager: setEnabledSetting : userId = 0 packageName = com.google.android.gms cmp = com.google.android.gms.carsetup.DrivingModeSettingsActivity newState = 2 callingPackage = 10007
06-13 06:44:29.208  2776  3211 D PackageManager: setEnabledSetting : userId = 0 packageName = com.google.android.gms cmp = com.google.android.gms.carsetup.DrivingModeFrxActivity newState = 2 callingPackage = 10007
06-13 06:44:29.213  2776  2816 D PackageManager: setEnabledSetting : userId = 0 packageName = com.google.android.gms cmp = com.google.android.gms.carsetup.DrivingModeToggleActivity newState = 2 callingPackage = 10007
06-13 06:44:29.213  2776  3960 D PackageManager: setEnabledSetting : userId = 0 packageName = com.google.android.gms cmp = com.google.android.gms.matchstick.ui.BMMRegistrationActivity newState = 2 callingPackage = 10007
06-13 06:44:29.218  3676 11498 I TelephonySpam: SettingsChangedIntentOp - SettingsChangedIntentOperation.run: Got intent Intent { act=com.google.android.gms.phenotype.COMMITTED flg=0x10 pkg=com.google.android.gms cmp=com.google.android.gms/.chimera.GmsIntentOperationService bqHint=4 (has extras) }
06-13 06:44:29.218  3676 11498 I TelephonySpam: SettingsChangedIntentOp - SettingsChangedIntentOperation.run Intent extra com.google.android.gms.phenotype.PACKAGE_NAME: com.google.android.gms.devicedoctor
06-13 06:44:29.218  3676 11498 I TelephonySpam: SettingsChangedIntentOp - Action: com.google.android.gms.phenotype.COMMITTED
06-13 06:44:29.218  3676 11498 I TelephonySpam: SettingsChangedIntentOp - EXTRA_PACKAGE_NAME: com.google.android.gms.devicedoctor
06-13 06:44:29.233  3676 10190 W ModuleInitIntentOp: Dropping unexpected action com.google.android.gms.phenotype.COMMITTED
06-13 06:44:29.233  2776  3741 D PackageManager: setEnabledSetting : userId = 0 packageName = com.google.android.gms cmp = com.google.android.gms.carsetup.DrivingModeSettingsActivity newState = 2 callingPackage = 10007
06-13 06:44:29.233  2776  2813 D PackageManager: setEnabledSetting : userId = 0 packageName = com.google.android.gms cmp = com.google.android.gms.carsetup.DrivingModeFrxActivity newState = 2 callingPackage = 10007
06-13 06:44:29.233  2776  3212 D PackageManager: setEnabledSetting : userId = 0 packageName = com.google.android.gms cmp = com.google.android.gms.carsetup.DrivingModeToggleActivity newState = 2 callingPackage = 10007
06-13 06:44:29.238  2776  3939 D PackageManager: setEnabledSetting : userId = 0 packageName = com.google.android.gms cmp = com.google.android.gms.matchstick.ui.BMMRegistrationActivity newState = 2 callingPackage = 10007
06-13 06:44:29.238  3676 11071 I TelephonySpam: SettingsChangedIntentOp - SettingsChangedIntentOperation.run: Got intent Intent { act=com.google.android.gms.phenotype.COMMITTED flg=0x10 pkg=com.google.android.gms cmp=com.google.android.gms/.chimera.GmsIntentOperationService bqHint=4 (has extras) }
06-13 06:44:29.238  3676 11071 I TelephonySpam: SettingsChangedIntentOp - SettingsChangedIntentOperation.run Intent extra com.google.android.gms.phenotype.PACKAGE_NAME: com.google.android.gms.trustlet_onbody
06-13 06:44:29.238  3676 11071 I TelephonySpam: SettingsChangedIntentOp - Action: com.google.android.gms.phenotype.COMMITTED
06-13 06:44:29.238  3676 11071 I TelephonySpam: SettingsChangedIntentOp - EXTRA_PACKAGE_NAME: com.google.android.gms.trustlet_onbody
06-13 06:44:29.248  3676  3696 I AsyncOpDispatcher: 45-xlb
06-13 06:44:29.248  3676 10190 W ModuleInitIntentOp: Dropping unexpected action com.google.android.gms.phenotype.COMMITTED
06-13 06:44:29.248  2776  3960 D PackageManager: setEnabledSetting : userId = 0 packageName = com.google.android.gms cmp = com.google.android.gms.carsetup.DrivingModeSettingsActivity newState = 2 callingPackage = 10007
06-13 06:44:29.253  2776  3950 D PackageManager: setEnabledSetting : userId = 0 packageName = com.google.android.gms cmp = com.google.android.gms.carsetup.DrivingModeFrxActivity newState = 2 callingPackage = 10007
06-13 06:44:29.253  2776  3433 D PackageManager: setEnabledSetting : userId = 0 packageName = com.google.android.gms cmp = com.google.android.gms.carsetup.DrivingModeToggleActivity newState = 2 callingPackage = 10007
06-13 06:44:29.253  2776  3471 D PackageManager: setEnabledSetting : userId = 0 packageName = com.google.android.gms cmp = com.google.android.gms.matchstick.ui.BMMRegistrationActivity newState = 2 callingPackage = 10007
06-13 06:44:29.253  3676 10892 I TelephonySpam: SettingsChangedIntentOp - SettingsChangedIntentOperation.run: Got intent Intent { act=com.google.android.gms.phenotype.COMMITTED flg=0x10 pkg=com.google.android.gms cmp=com.google.android.gms/.chimera.GmsIntentOperationService bqHint=4 (has extras) }
06-13 06:44:29.258  3676 10892 I TelephonySpam: SettingsChangedIntentOp - SettingsChangedIntentOperation.run Intent extra com.google.android.gms.phenotype.PACKAGE_NAME: com.google.android.gms.languageprofile
06-13 06:44:29.258  3676 10892 I TelephonySpam: SettingsChangedIntentOp - Action: com.google.android.gms.phenotype.COMMITTED
06-13 06:44:29.258  3676 10892 I TelephonySpam: SettingsChangedIntentOp - EXTRA_PACKAGE_NAME: com.google.android.gms.languageprofile
06-13 06:44:29.258  3676 11375 W ModuleInitIntentOp: Dropping unexpected action com.google.android.gms.phenotype.COMMITTED
06-13 06:44:29.268  2776  3940 D PackageManager: setEnabledSetting : userId = 0 packageName = com.google.android.gms cmp = com.google.android.gms.carsetup.DrivingModeSettingsActivity newState = 2 callingPackage = 10007
06-13 06:44:29.268  2776  3950 D PackageManager: setEnabledSetting : userId = 0 packageName = com.google.android.gms cmp = com.google.android.gms.carsetup.DrivingModeFrxActivity newState = 2 callingPackage = 10007
06-13 06:44:29.273  2776  3970 D PackageManager: setEnabledSetting : userId = 0 packageName = com.google.android.gms cmp = com.google.android.gms.matchstick.ui.BMMRegistrationActivity newState = 2 callingPackage = 10007
06-13 06:44:29.273  2776  3471 D PackageManager: setEnabledSetting : userId = 0 packageName = com.google.android.gms cmp = com.google.android.gms.carsetup.DrivingModeToggleActivity newState = 2 callingPackage = 10007
06-13 06:44:29.278  3676 11375 I TelephonySpam: SettingsChangedIntentOp - SettingsChangedIntentOperation.run: Got intent Intent { act=com.google.android.gms.phenotype.COMMITTED flg=0x10 pkg=com.google.android.gms cmp=com.google.android.gms/.chimera.GmsIntentOperationService bqHint=4 (has extras) }
06-13 06:44:29.278  3676 11375 I TelephonySpam: SettingsChangedIntentOp - SettingsChangedIntentOperation.run Intent extra com.google.android.gms.phenotype.PACKAGE_NAME: com.google.android.gms.mobile_data_plan
06-13 06:44:29.278  3676 11375 I TelephonySpam: SettingsChangedIntentOp - Action: com.google.android.gms.phenotype.COMMITTED
06-13 06:44:29.278  3676 11375 I TelephonySpam: SettingsChangedIntentOp - EXTRA_PACKAGE_NAME: com.google.android.gms.mobile_data_plan
06-13 06:44:29.283  3676 10190 W ModuleInitIntentOp: Dropping unexpected action com.google.android.gms.phenotype.COMMITTED
06-13 06:44:29.288  2776  2816 D PackageManager: setEnabledSetting : userId = 0 packageName = com.google.android.gms cmp = com.google.android.gms.carsetup.DrivingModeSettingsActivity newState = 2 callingPackage = 10007
06-13 06:44:29.288  2776  3939 D PackageManager: setEnabledSetting : userId = 0 packageName = com.google.android.gms cmp = com.google.android.gms.matchstick.ui.BMMRegistrationActivity newState = 2 callingPackage = 10007
06-13 06:44:29.288  2776  3950 D PackageManager: setEnabledSetting : userId = 0 packageName = com.google.android.gms cmp = com.google.android.gms.carsetup.DrivingModeFrxActivity newState = 2 callingPackage = 10007
06-13 06:44:29.288  3676 10892 I TelephonySpam: SettingsChangedIntentOp - SettingsChangedIntentOperation.run: Got intent Intent { act=com.google.android.gms.phenotype.COMMITTED flg=0x10 pkg=com.google.android.gms cmp=com.google.android.gms/.chimera.GmsIntentOperationService bqHint=4 (has extras) }
06-13 06:44:29.288  3676 10892 I TelephonySpam: SettingsChangedIntentOp - SettingsChangedIntentOperation.run Intent extra com.google.android.gms.phenotype.PACKAGE_NAME: alt.com.google.android.gms.devicedoctor
06-13 06:44:29.288  3676 10892 I TelephonySpam: SettingsChangedIntentOp - Action: com.google.android.gms.phenotype.COMMITTED
06-13 06:44:29.288  3676 10892 I TelephonySpam: SettingsChangedIntentOp - EXTRA_PACKAGE_NAME: alt.com.google.android.gms.devicedoctor
06-13 06:44:29.293  2776  3433 D PackageManager: setEnabledSetting : userId = 0 packageName = com.google.android.gms cmp = com.google.android.gms.carsetup.DrivingModeToggleActivity newState = 2 callingPackage = 10007
06-13 06:44:29.298  3676 10190 W ModuleInitIntentOp: Dropping unexpected action com.google.android.gms.phenotype.COMMITTED
06-13 06:44:29.298  2776  3960 D PackageManager: setEnabledSetting : userId = 0 packageName = com.google.android.gms cmp = com.google.android.gms.carsetup.DrivingModeSettingsActivity newState = 2 callingPackage = 10007
06-13 06:44:29.298  2776  3970 D PackageManager: setEnabledSetting : userId = 0 packageName = com.google.android.gms cmp = com.google.android.gms.carsetup.DrivingModeFrxActivity newState = 2 callingPackage = 10007
06-13 06:44:29.298  2776  3940 D PackageManager: setEnabledSetting : userId = 0 packageName = com.google.android.gms cmp = com.google.android.gms.carsetup.DrivingModeToggleActivity newState = 2 callingPackage = 10007
06-13 06:44:29.298  2776  3427 D PackageManager: setEnabledSetting : userId = 0 packageName = com.google.android.gms cmp = com.google.android.gms.matchstick.ui.BMMRegistrationActivity newState = 2 callingPackage = 10007
06-13 06:44:29.303  3676 11498 I TelephonySpam: SettingsChangedIntentOp - SettingsChangedIntentOperation.run: Got intent Intent { act=com.google.android.gms.phenotype.COMMITTED flg=0x10 pkg=com.google.android.gms cmp=com.google.android.gms/.chimera.GmsIntentOperationService bqHint=4 (has extras) }
06-13 06:44:29.303  3676 11498 I TelephonySpam: SettingsChangedIntentOp - SettingsChangedIntentOperation.run Intent extra com.google.android.gms.phenotype.PACKAGE_NAME: com.google.android.gms.telephonyspam
06-13 06:44:29.303  3676 11498 I TelephonySpam: SettingsChangedIntentOp - Action: com.google.android.gms.phenotype.COMMITTED
06-13 06:44:29.303  3676 11498 I TelephonySpam: SettingsChangedIntentOp - EXTRA_PACKAGE_NAME: com.google.android.gms.telephonyspam
06-13 06:44:29.303  3676 11498 I TelephonySpam: SettingsChangedIntentOp - telephonyspam phenotype flag changed
06-13 06:44:29.303  3676 11498 I TelephonySpam: SpamListSync - schedulePeriodicTask
06-13 06:44:29.338  3676 11498 W ModuleInitIntentOp: Dropping unexpected action com.google.android.gms.phenotype.COMMITTED
06-13 06:44:29.338  2776  3950 D PackageManager: setEnabledSetting : userId = 0 packageName = com.google.android.gms cmp = com.google.android.gms.carsetup.DrivingModeSettingsActivity newState = 2 callingPackage = 10007
06-13 06:44:29.338  2776  3433 D PackageManager: setEnabledSetting : userId = 0 packageName = com.google.android.gms cmp = com.google.android.gms.carsetup.DrivingModeFrxActivity newState = 2 callingPackage = 10007
06-13 06:44:29.338  2776  2813 D PackageManager: setEnabledSetting : userId = 0 packageName = com.google.android.gms cmp = com.google.android.gms.carsetup.DrivingModeToggleActivity newState = 2 callingPackage = 10007
06-13 06:44:29.343  2776  2816 D PackageManager: setEnabledSetting : userId = 0 packageName = com.google.android.gms cmp = com.google.android.gms.matchstick.ui.BMMRegistrationActivity newState = 2 callingPackage = 10007
06-13 06:44:29.343  3676 10892 I TelephonySpam: SettingsChangedIntentOp - SettingsChangedIntentOperation.run: Got intent Intent { act=com.google.android.gms.phenotype.COMMITTED flg=0x10 pkg=com.google.android.gms cmp=com.google.android.gms/.chimera.GmsIntentOperationService bqHint=4 (has extras) }
06-13 06:44:29.343  3676 10892 I TelephonySpam: SettingsChangedIntentOp - SettingsChangedIntentOperation.run Intent extra com.google.android.gms.phenotype.PACKAGE_NAME: com.google.android.gms.reachability
06-13 06:44:29.343  3676 10892 I TelephonySpam: SettingsChangedIntentOp - Action: com.google.android.gms.phenotype.COMMITTED
06-13 06:44:29.343  3676 10892 I TelephonySpam: SettingsChangedIntentOp - EXTRA_PACKAGE_NAME: com.google.android.gms.reachability
06-13 06:44:29.358  3676 11376 W ModuleInitIntentOp: Dropping unexpected action com.google.android.gms.phenotype.COMMITTED
06-13 06:44:29.358  2776  3960 D PackageManager: setEnabledSetting : userId = 0 packageName = com.google.android.gms cmp = com.google.android.gms.carsetup.DrivingModeSettingsActivity newState = 2 callingPackage = 10007
06-13 06:44:29.363  2776  2813 D PackageManager: setEnabledSetting : userId = 0 packageName = com.google.android.gms cmp = com.google.android.gms.carsetup.DrivingModeFrxActivity newState = 2 callingPackage = 10007
06-13 06:44:29.363  2776  3212 D PackageManager: setEnabledSetting : userId = 0 packageName = com.google.android.gms cmp = com.google.android.gms.carsetup.DrivingModeToggleActivity newState = 2 callingPackage = 10007
06-13 06:44:29.368  3676  8264 I AsyncOpDispatcher: 45-xlb
06-13 06:44:29.368  2776  3471 D PackageManager: setEnabledSetting : userId = 0 packageName = com.google.android.gms cmp = com.google.android.gms.matchstick.ui.BMMRegistrationActivity newState = 2 callingPackage = 10007
06-13 06:44:29.373  3676 11071 I TelephonySpam: SettingsChangedIntentOp - SettingsChangedIntentOperation.run: Got intent Intent { act=com.google.android.gms.phenotype.COMMITTED flg=0x10 pkg=com.google.android.gms cmp=com.google.android.gms/.chimera.GmsIntentOperationService bqHint=4 (has extras) }
06-13 06:44:29.373  3676 11071 I TelephonySpam: SettingsChangedIntentOp - SettingsChangedIntentOperation.run Intent extra com.google.android.gms.phenotype.PACKAGE_NAME: com.google.android.gms.audit
06-13 06:44:29.373  3676 11071 I TelephonySpam: SettingsChangedIntentOp - Action: com.google.android.gms.phenotype.COMMITTED
06-13 06:44:29.373  3676 11071 I TelephonySpam: SettingsChangedIntentOp - EXTRA_PACKAGE_NAME: com.google.android.gms.audit
06-13 06:44:29.388  3676 10892 W ModuleInitIntentOp: Dropping unexpected action com.google.android.gms.phenotype.COMMITTED
06-13 06:44:29.388  2776  3470 D PackageManager: setEnabledSetting : userId = 0 packageName = com.google.android.gms cmp = com.google.android.gms.carsetup.DrivingModeSettingsActivity newState = 2 callingPackage = 10007
06-13 06:44:29.388  2776  3939 D PackageManager: setEnabledSetting : userId = 0 packageName = com.google.android.gms cmp = com.google.android.gms.carsetup.DrivingModeFrxActivity newState = 2 callingPackage = 10007
06-13 06:44:29.388  2776  3427 D PackageManager: setEnabledSetting : userId = 0 packageName = com.google.android.gms cmp = com.google.android.gms.carsetup.DrivingModeToggleActivity newState = 2 callingPackage = 10007
06-13 06:44:29.393  2776  3950 D PackageManager: setEnabledSetting : userId = 0 packageName = com.google.android.gms cmp = com.google.android.gms.matchstick.ui.BMMRegistrationActivity newState = 2 callingPackage = 10007
06-13 06:44:29.393  3676 10892 I TelephonySpam: SettingsChangedIntentOp - SettingsChangedIntentOperation.run: Got intent Intent { act=com.google.android.gms.phenotype.COMMITTED flg=0x10 pkg=com.google.android.gms cmp=com.google.android.gms/.chimera.GmsIntentOperationService bqHint=4 (has extras) }
06-13 06:44:29.393  3676 10892 I TelephonySpam: SettingsChangedIntentOp - SettingsChangedIntentOperation.run Intent extra com.google.android.gms.phenotype.PACKAGE_NAME: com.google.android.gms.fonts
06-13 06:44:29.393  3676 10892 I TelephonySpam: SettingsChangedIntentOp - Action: com.google.android.gms.phenotype.COMMITTED
06-13 06:44:29.393  3676 10892 I TelephonySpam: SettingsChangedIntentOp - EXTRA_PACKAGE_NAME: com.google.android.gms.fonts
06-13 06:44:29.398  3676 10190 W ModuleInitIntentOp: Dropping unexpected action com.google.android.gms.phenotype.COMMITTED
06-13 06:44:29.398  2776  3211 D PackageManager: setEnabledSetting : userId = 0 packageName = com.google.android.gms cmp = com.google.android.gms.carsetup.DrivingModeSettingsActivity newState = 2 callingPackage = 10007
06-13 06:44:29.398  2776  3960 D PackageManager: setEnabledSetting : userId = 0 packageName = com.google.android.gms cmp = com.google.android.gms.carsetup.DrivingModeFrxActivity newState = 2 callingPackage = 10007
06-13 06:44:29.403  2776  3470 D PackageManager: setEnabledSetting : userId = 0 packageName = com.google.android.gms cmp = com.google.android.gms.carsetup.DrivingModeToggleActivity newState = 2 callingPackage = 10007
06-13 06:44:29.403  2776  3469 D PackageManager: setEnabledSetting : userId = 0 packageName = com.google.android.gms cmp = com.google.android.gms.matchstick.ui.BMMRegistrationActivity newState = 2 callingPackage = 10007
06-13 06:44:29.403  3676 11376 I TelephonySpam: SettingsChangedIntentOp - SettingsChangedIntentOperation.run: Got intent Intent { act=com.google.android.gms.phenotype.COMMITTED flg=0x10 pkg=com.google.android.gms cmp=com.google.android.gms/.chimera.GmsIntentOperationService bqHint=4 (has extras) }
06-13 06:44:29.403  3676 11376 I TelephonySpam: SettingsChangedIntentOp - SettingsChangedIntentOperation.run Intent extra com.google.android.gms.phenotype.PACKAGE_NAME: com.google.android.gms.icing
06-13 06:44:29.403  3676 11376 I TelephonySpam: SettingsChangedIntentOp - Action: com.google.android.gms.phenotype.COMMITTED
06-13 06:44:29.403  3676 11376 I TelephonySpam: SettingsChangedIntentOp - EXTRA_PACKAGE_NAME: com.google.android.gms.icing
06-13 06:44:29.408  3676  4218 I AsyncOpDispatcher: 45-xlb
06-13 06:44:29.413  3676  3696 I AsyncOpDispatcher: 45-xlb
06-13 06:44:29.433  3676  4583 I AsyncOpDispatcher: 152-CheckResetTriggerOperation
06-13 06:44:29.438  3676  3695 I AsyncOpDispatcher: 45-xlb
06-13 06:44:29.438  3528  4568 I AsyncOpDispatcher: 51-GetCommittedConfigurationOperationCall
06-13 06:44:29.448  3676  4208 I AsyncOpDispatcher: 45-xlb
06-13 06:44:29.488  3676  4192 I AsyncOpDispatcher: 45-xlb
06-13 06:44:29.523  3676  8264 I AsyncOpDispatcher: 45-xlb
06-13 06:44:29.528  3676 11375 W ModuleInitIntentOp: Dropping unexpected action com.google.android.gms.phenotype.COMMITTED
06-13 06:44:29.528  2776  3970 D PackageManager: setEnabledSetting : userId = 0 packageName = com.google.android.gms cmp = com.google.android.gms.carsetup.DrivingModeSettingsActivity newState = 2 callingPackage = 10007
06-13 06:44:29.528  2776  3211 D PackageManager: setEnabledSetting : userId = 0 packageName = com.google.android.gms cmp = com.google.android.gms.carsetup.DrivingModeFrxActivity newState = 2 callingPackage = 10007
06-13 06:44:29.528  2776  3950 D PackageManager: setEnabledSetting : userId = 0 packageName = com.google.android.gms cmp = com.google.android.gms.carsetup.DrivingModeToggleActivity newState = 2 callingPackage = 10007
06-13 06:44:29.533  2776  3470 D PackageManager: setEnabledSetting : userId = 0 packageName = com.google.android.gms cmp = com.google.android.gms.matchstick.ui.BMMRegistrationActivity newState = 2 callingPackage = 10007
06-13 06:44:29.533  3676 11498 I TelephonySpam: SettingsChangedIntentOp - SettingsChangedIntentOperation.run: Got intent Intent { act=com.google.android.gms.phenotype.COMMITTED flg=0x10 pkg=com.google.android.gms cmp=com.google.android.gms/.chimera.GmsIntentOperationService bqHint=4 (has extras) }
06-13 06:44:29.533  3676 11498 I TelephonySpam: SettingsChangedIntentOp - SettingsChangedIntentOperation.run Intent extra com.google.android.gms.phenotype.PACKAGE_NAME: com.google.android.gms.droidguard
06-13 06:44:29.533  3676 11498 I TelephonySpam: SettingsChangedIntentOp - Action: com.google.android.gms.phenotype.COMMITTED
06-13 06:44:29.533  3676 11498 I TelephonySpam: SettingsChangedIntentOp - EXTRA_PACKAGE_NAME: com.google.android.gms.droidguard
06-13 06:44:29.533  3676 11498 W ModuleInitIntentOp: Dropping unexpected action com.google.android.gms.phenotype.COMMITTED
06-13 06:44:29.533  2776  3939 D PackageManager: setEnabledSetting : userId = 0 packageName = com.google.android.gms cmp = com.google.android.gms.carsetup.DrivingModeSettingsActivity newState = 2 callingPackage = 10007
06-13 06:44:29.538  2776  3427 D PackageManager: setEnabledSetting : userId = 0 packageName = com.google.android.gms cmp = com.google.android.gms.carsetup.DrivingModeFrxActivity newState = 2 callingPackage = 10007
06-13 06:44:29.538  2776  3940 D PackageManager: setEnabledSetting : userId = 0 packageName = com.google.android.gms cmp = com.google.android.gms.carsetup.DrivingModeToggleActivity newState = 2 callingPackage = 10007
06-13 06:44:29.538  2776  3471 D PackageManager: setEnabledSetting : userId = 0 packageName = com.google.android.gms cmp = com.google.android.gms.matchstick.ui.BMMRegistrationActivity newState = 2 callingPackage = 10007
06-13 06:44:29.538  3676 10892 I TelephonySpam: SettingsChangedIntentOp - SettingsChangedIntentOperation.run: Got intent Intent { act=com.google.android.gms.phenotype.COMMITTED flg=0x10 pkg=com.google.android.gms cmp=com.google.android.gms/.chimera.GmsIntentOperationService bqHint=4 (has extras) }
06-13 06:44:29.538  3676 10892 I TelephonySpam: SettingsChangedIntentOp - SettingsChangedIntentOperation.run Intent extra com.google.android.gms.phenotype.PACKAGE_NAME: com.google.android.gms.auth.api.credentials
06-13 06:44:29.543  3676 10892 I TelephonySpam: SettingsChangedIntentOp - Action: com.google.android.gms.phenotype.COMMITTED
06-13 06:44:29.543  3676 10892 I TelephonySpam: SettingsChangedIntentOp - EXTRA_PACKAGE_NAME: com.google.android.gms.auth.api.credentials
06-13 06:44:29.543  3676 11498 W ModuleInitIntentOp: Dropping unexpected action com.google.android.gms.phenotype.COMMITTED
06-13 06:44:29.543  2776  2813 D PackageManager: setEnabledSetting : userId = 0 packageName = com.google.android.gms cmp = com.google.android.gms.carsetup.DrivingModeSettingsActivity newState = 2 callingPackage = 10007
06-13 06:44:29.543  2776  3433 D PackageManager: setEnabledSetting : userId = 0 packageName = com.google.android.gms cmp = com.google.android.gms.carsetup.DrivingModeFrxActivity newState = 2 callingPackage = 10007
06-13 06:44:29.548  2776  4125 D PackageManager: setEnabledSetting : userId = 0 packageName = com.google.android.gms cmp = com.google.android.gms.carsetup.DrivingModeToggleActivity newState = 2 callingPackage = 10007
06-13 06:44:29.548  2776  2816 D PackageManager: setEnabledSetting : userId = 0 packageName = com.google.android.gms cmp = com.google.android.gms.matchstick.ui.BMMRegistrationActivity newState = 2 callingPackage = 10007
06-13 06:44:29.548  3676 11071 I TelephonySpam: SettingsChangedIntentOp - SettingsChangedIntentOperation.run: Got intent Intent { act=com.google.android.gms.phenotype.COMMITTED flg=0x10 pkg=com.google.android.gms cmp=com.google.android.gms/.chimera.GmsIntentOperationService bqHint=4 (has extras) }
06-13 06:44:29.548  3676 11071 I TelephonySpam: SettingsChangedIntentOp - SettingsChangedIntentOperation.run Intent extra com.google.android.gms.phenotype.PACKAGE_NAME: com.google.android.gms.smartdevice
06-13 06:44:29.548  3676 11071 I TelephonySpam: SettingsChangedIntentOp - Action: com.google.android.gms.phenotype.COMMITTED
06-13 06:44:29.548  3676 11071 I TelephonySpam: SettingsChangedIntentOp - EXTRA_PACKAGE_NAME: com.google.android.gms.smartdevice
06-13 06:44:29.573  3676  3695 I AsyncOpDispatcher: 45-xlb
06-13 06:44:29.598 11573 11573 I SamsungTTS: onLoadLanguage() : [ LANG_COUNTRY_AVAILABLE ]  L=eng  C=USA  DV=f00
06-13 06:44:29.618  3676  4215 I AsyncOpDispatcher: 45-xlb
06-13 06:44:29.623  6377  6387 I Finsky  : [480] com.google.android.finsky.contentfilterui.m.a(13): Received content filters request from com.google.android.videos
06-13 06:44:29.668  3676  3696 I AsyncOpDispatcher: 45-xlb
06-13 06:44:29.688  3676  4208 I AsyncOpDispatcher: 45-xlb
06-13 06:44:29.733  3676  4192 I AsyncOpDispatcher: 45-xlb
06-13 06:44:29.753 11585 11635 W PlayMovies: UnpinContentCleanerImpl.cleanUp:13 Start clean up task with reason 1
06-13 06:44:29.753 11585 11635 W PlayMovies: 
06-13 06:44:29.758 11557 11570 W linker  : /data/app/com.google.android.gms-1/lib/arm/libconscrypt_gmscore_jni.so: unused DT entry: type 0xf arg 0x193
06-13 06:44:29.763  3676  3696 I AsyncOpDispatcher: 45-xlb
06-13 06:44:29.783  2776  2816 D PackageManager: setEnabledSetting : userId = 0 packageName = com.google.android.videos cmp = com.google.android.apps.play.movies.common.service.pinning.TransferService$Receiver newState = 2 callingPackage = 10162
06-13 06:44:29.808  3676  3695 I AsyncOpDispatcher: 45-xlb
06-13 06:44:29.833 11557 11570 V NativeCrypto: Registering com/google/android/gms/org/conscrypt/NativeCrypto's 280 native methods...
06-13 06:44:29.873 11557 11570 I art     : Rejecting re-init on previously-failed class java.lang.Class<com.google.android.gms.org.conscrypt.Java7ExtendedSSLSession>
06-13 06:44:29.873 11557 11570 I art     : Rejecting re-init on previously-failed class java.lang.Class<com.google.android.gms.org.conscrypt.Java7ExtendedSSLSession>
06-13 06:44:29.878 11557 11570 I art     : Rejecting re-init on previously-failed class java.lang.Class<com.google.android.gms.org.conscrypt.Java8ExtendedSSLSession>
06-13 06:44:29.878 11557 11570 I art     : Rejecting re-init on previously-failed class java.lang.Class<com.google.android.gms.org.conscrypt.Java8ExtendedSSLSession>
06-13 06:44:29.923 11557 11570 I ProviderInstaller: Installed default security provider GmsCore_OpenSSL
06-13 06:44:29.933  3676  4215 I AsyncOpDispatcher: 45-xlb
06-13 06:44:29.938  2776  3950 D ActivityManager: removeProcessNameLocked mProcessNames.remove pid=10808 ,hash=177491012 ,name=com.samsung.android.app.assistantmenu
06-13 06:44:29.963  3676  3696 I AsyncOpDispatcher: 45-xlb
06-13 06:44:29.973  3676  4208 I AsyncOpDispatcher: 45-xlb
06-13 06:44:29.998  3676  3695 I AsyncOpDispatcher: 45-xlb
06-13 06:44:30.008 11573 11573 I SamsungTTS: Interface v201503041 / Engine v311606161
06-13 06:44:30.018 11557 11557 I TextToSpeech: Connected to ComponentInfo{com.samsung.SMT/com.samsung.SMT.SamsungTTSService}
06-13 06:44:30.018  2776  2792 I art     : Background partial concurrent mark sweep GC freed 68047(3MB) AllocSpace objects, 3(60KB) LOS objects, 29% free, 37MB/53MB, paused 2.789ms total 178.583ms
06-13 06:44:30.028 11585 11634 W AudioCapabilities: Unsupported mime audio/mpeg-L1
06-13 06:44:30.028 11585 11634 W AudioCapabilities: Unsupported mime audio/mpeg-L2
06-13 06:44:30.028  3676  4215 I AsyncOpDispatcher: 45-xlb
06-13 06:44:30.043 11573 11584 I SamsungTTS: onIsLanguageAvailable() : L=eng  C=USA  V=null  LANG_COUNTRY_AVAILABLE
06-13 06:44:30.048 11557 11640 I TextToSpeech: Set up connection to ComponentInfo{com.samsung.SMT/com.samsung.SMT.SamsungTTSService}
06-13 06:44:30.053  3676  3695 I AsyncOpDispatcher: 45-xlb
06-13 06:44:30.063 11585 11634 W AudioCapabilities: Unsupported mime audio/x-ms-wma
06-13 06:44:30.063  3179  3179 D StatusBar.NetworkController: refreshViews connected={ wifi } level=?? combinedSignalIconId=0x7f0205cc/com.android.systemui:drawable/stat_sys_wifi_signal_4 mobileLabel= wifiLabel="ferrer" emergencyOnly=false combinedLabel="ferrer" mAirplaneMode=false mDataActivity=0 mPhoneSignalIconId=0x0/(null) mQSPhoneSignalIconId=0x0/(null) mDataDirectionIconId=0x0/(null) mDataSignalIconId=0x0/(null) mDataTypeIconId=0x0/(null) mQSDataTypeIconId=0x0/(null) mNoSimIconId=0x0/(null) mWifiIconId=0x7f0205cc/com.android.systemui:drawable/stat_sys_wifi_signal_4 mQSWifiIconId=0x7f0202aa/com.android.systemui:drawable/qs_tile_wifi_signal_4 mWifiActivityIconId=0x7f020574/com.android.systemui:drawable/stat_sys_signal_in mBluetoothTetherIconId=0x7f0205a1/com.android.systemui:drawable/stat_sys_tether_bluetooth
06-13 06:44:30.063  3179  3179 D StatusBar.NetworkController: refreshNwBoosterIndicator - setNWBoosterIndicators(false)
06-13 06:44:30.063  3179  3179 D StatusBar.NetworkController: refreshNwBoosterIndicator - setNWBoosterIndicators(false)
06-13 06:44:30.063  3179  3179 D StatusBar.NetworkController: refreshNwBoosterIndicator - setNWBoosterIndicators(false)
06-13 06:44:30.068  3179  3179 D StatusBar.NetworkController: refreshNwBoosterIndicator - setNWBoosterIndicators(false)
06-13 06:44:30.068 11585 11634 W AudioCapabilities: Unsupported mime audio/x-ima
06-13 06:44:30.078  3676  4192 I AsyncOpDispatcher: 45-xlb
06-13 06:44:30.083 11585 11634 W VideoCapabilities: Unrecognized profile 2130706433 for video/avc
06-13 06:44:30.088 11585 11634 W VideoCapabilities: Unrecognized profile 2130706433 for video/avc
06-13 06:44:30.088 11585 11634 W VideoCapabilities: Unrecognized profile 2130706433 for video/avc
06-13 06:44:30.088 11585 11634 W VideoCapabilities: Unrecognized profile 2130706433 for video/avc
06-13 06:44:30.088 11585 11634 W VideoCapabilities: Unrecognized profile 2130706433 for video/avc
06-13 06:44:30.088 11585 11634 W VideoCapabilities: Unrecognized profile 2130706433 for video/avc
06-13 06:44:30.088 11585 11634 W VideoCapabilities: Unrecognized profile 2130706433 for video/avc
06-13 06:44:30.088 11585 11634 W VideoCapabilities: Unrecognized profile 2130706433 for video/avc
06-13 06:44:30.088  2776  3052 D SensorService: [SO] -0.192 7.652 6.369
06-13 06:44:30.088 11585 11634 W VideoCapabilities: Unrecognized profile 2130706433 for video/avc
06-13 06:44:30.088 11585 11634 W VideoCapabilities: Unrecognized profile 2130706433 for video/avc
06-13 06:44:30.088 11585 11634 W VideoCapabilities: Unrecognized profile 2130706433 for video/avc
06-13 06:44:30.088 11585 11634 W VideoCapabilities: Unrecognized profile 2130706433 for video/avc
06-13 06:44:30.088 11585 11634 W VideoCapabilities: Unrecognized profile 2130706433 for video/avc
06-13 06:44:30.088 11585 11634 W VideoCapabilities: Unrecognized profile 2130706433 for video/avc
06-13 06:44:30.088 11585 11634 W VideoCapabilities: Unrecognized profile 2130706434 for video/avc
06-13 06:44:30.088 11585 11634 W VideoCapabilities: Unrecognized profile 2130706434 for video/avc
06-13 06:44:30.088 11585 11634 W VideoCapabilities: Unrecognized profile 2130706434 for video/avc
06-13 06:44:30.088 11585 11634 W VideoCapabilities: Unrecognized profile 2130706434 for video/avc
06-13 06:44:30.088 11585 11634 W VideoCapabilities: Unrecognized profile 2130706434 for video/avc
06-13 06:44:30.088 11585 11634 W VideoCapabilities: Unrecognized profile 2130706434 for video/avc
06-13 06:44:30.093 11585 11634 W VideoCapabilities: Unrecognized profile 2130706434 for video/avc
06-13 06:44:30.093 11585 11634 W VideoCapabilities: Unrecognized profile 2130706434 for video/avc
06-13 06:44:30.098 11585 11634 W VideoCapabilities: Unrecognized profile 2130706434 for video/avc
06-13 06:44:30.098 11585 11634 W VideoCapabilities: Unrecognized profile 2130706434 for video/avc
06-13 06:44:30.098 11585 11634 W VideoCapabilities: Unrecognized profile 2130706434 for video/avc
06-13 06:44:30.098 11585 11634 W VideoCapabilities: Unrecognized profile 2130706434 for video/avc
06-13 06:44:30.098 11585 11634 W VideoCapabilities: Unrecognized profile 2130706434 for video/avc
06-13 06:44:30.098 11585 11634 W VideoCapabilities: Unrecognized profile 2130706434 for video/avc
06-13 06:44:30.108  3676  4215 I AsyncOpDispatcher: 45-xlb
06-13 06:44:30.113  3603 11643 I BgTaskExecutorImpl: Starting PERIODIC background task refresh_auth_tokens.
06-13 06:44:30.128  3676  4208 I AsyncOpDispatcher: 45-xlb
06-13 06:44:30.128 11585 11634 W VideoCapabilities: Unrecognized profile/level 32768/2 for video/mp4v-es
06-13 06:44:30.143  3676  3696 I AsyncOpDispatcher: 45-xlb
06-13 06:44:30.148  3676  4192 I AsyncOpDispatcher: 45-xlb
06-13 06:44:30.163  3676  4215 I AsyncOpDispatcher: 45-xlb
06-13 06:44:30.173 11585 11634 W VideoCapabilities: Unsupported mime video/wvc1
06-13 06:44:30.173  3676  8264 I AsyncOpDispatcher: 45-xlb
06-13 06:44:30.183 11585 11634 W VideoCapabilities: Unsupported mime video/x-ms-wmv
06-13 06:44:30.198  3676  3695 I AsyncOpDispatcher: 45-xlb
06-13 06:44:30.208 11585 11634 W VideoCapabilities: Unrecognized profile 2130706433 for video/avc
06-13 06:44:30.208 11585 11634 W VideoCapabilities: Unrecognized profile 2130706433 for video/avc
06-13 06:44:30.208 11585 11634 W VideoCapabilities: Unrecognized profile 2130706433 for video/avc
06-13 06:44:30.208 11585 11634 W VideoCapabilities: Unrecognized profile 2130706433 for video/avc
06-13 06:44:30.208 11585 11634 W VideoCapabilities: Unrecognized profile 2130706433 for video/avc
06-13 06:44:30.208 11585 11634 W VideoCapabilities: Unrecognized profile 2130706433 for video/avc
06-13 06:44:30.208 11585 11634 W VideoCapabilities: Unrecognized profile 2130706433 for video/avc
06-13 06:44:30.208 11585 11634 W VideoCapabilities: Unrecognized profile 2130706433 for video/avc
06-13 06:44:30.208 11585 11634 W VideoCapabilities: Unrecognized profile 2130706433 for video/avc
06-13 06:44:30.208 11585 11634 W VideoCapabilities: Unrecognized profile 2130706433 for video/avc
06-13 06:44:30.208 11585 11634 W VideoCapabilities: Unrecognized profile 2130706433 for video/avc
06-13 06:44:30.208 11585 11634 W VideoCapabilities: Unrecognized profile 2130706433 for video/avc
06-13 06:44:30.208 11585 11634 W VideoCapabilities: Unrecognized profile 2130706433 for video/avc
06-13 06:44:30.208 11585 11634 W VideoCapabilities: Unrecognized profile 2130706433 for video/avc
06-13 06:44:30.213 11585 11634 W VideoCapabilities: Unrecognized profile 2130706434 for video/avc
06-13 06:44:30.213 11585 11634 W VideoCapabilities: Unrecognized profile 2130706434 for video/avc
06-13 06:44:30.213 11585 11634 W VideoCapabilities: Unrecognized profile 2130706434 for video/avc
06-13 06:44:30.213 11585 11634 W VideoCapabilities: Unrecognized profile 2130706434 for video/avc
06-13 06:44:30.213 11585 11634 W VideoCapabilities: Unrecognized profile 2130706434 for video/avc
06-13 06:44:30.213 11585 11634 W VideoCapabilities: Unrecognized profile 2130706434 for video/avc
06-13 06:44:30.213 11585 11634 W VideoCapabilities: Unrecognized profile 2130706434 for video/avc
06-13 06:44:30.213 11585 11634 W VideoCapabilities: Unrecognized profile 2130706434 for video/avc
06-13 06:44:30.213 11585 11634 W VideoCapabilities: Unrecognized profile 2130706434 for video/avc
06-13 06:44:30.213 11585 11634 W VideoCapabilities: Unrecognized profile 2130706434 for video/avc
06-13 06:44:30.218  3179  3179 D KeyguardUpdateMonitor: received broadcast android.intent.action.BATTERY_CHANGED
06-13 06:44:30.218  3179  3179 I PERF    : received broadcast android.intent.action.BATTERY_CHANGED
06-13 06:44:30.218  3179  3179 D KeyguardUpdateMonitor: handleBatteryUpdate
06-13 06:44:30.218 11585 11634 W VideoCapabilities: Unrecognized profile 2130706434 for video/avc
06-13 06:44:30.218 11585 11634 W VideoCapabilities: Unrecognized profile 2130706434 for video/avc
06-13 06:44:30.218 11585 11634 W VideoCapabilities: Unrecognized profile 2130706434 for video/avc
06-13 06:44:30.218 11585 11634 W VideoCapabilities: Unrecognized profile 2130706434 for video/avc
06-13 06:44:30.223  4390  4390 V HeadsetService: HeadsetService - Received Intent.ACTION_BATTERY_CHANGED
06-13 06:44:30.223  4390  4704 D HeadsetStateMachine: Disconnected process message: 10, size: 0
06-13 06:44:30.228  3528  7762 I Auth    : [ReflectiveChannelBinder] Successfully bound channel!
06-13 06:44:30.243  3676  4192 I AsyncOpDispatcher: 45-xlb
06-13 06:44:30.253  3528  7762 I System.out: (HTTPLog)-Static: isSBSettingEnabled false
06-13 06:44:30.253  3528  4316 I System.out: (HTTPLog)-Static: isSBSettingEnabled false
06-13 06:44:30.253  3528  4316 I System.out: (HTTPLog)-Static: isSBSettingEnabled false
06-13 06:44:30.253  3528  7762 I System.out: (HTTPLog)-Static: isSBSettingEnabled false
06-13 06:44:30.253  2250  3044 D Netd    : getNetworkForDns: using netid 501 for uid 10007
06-13 06:44:30.253  2250  3044 D Netd    : getNetworkForDns: using netid 501 for uid 10007
06-13 06:44:30.258  3528  7762 I qtaguid : Tagging socket 50 with tag 3000040100000000{805307393,0} uid 10007, pid: 3528, getuid(): 10007
06-13 06:44:30.258  3676  4215 I AsyncOpDispatcher: 45-xlb
06-13 06:44:30.263  3528  4316 I qtaguid : Tagging socket 31 with tag 3000040100000000{805307393,0} uid 10007, pid: 3528, getuid(): 10007
06-13 06:44:30.268  5159 11648 I BatteryChangedService: Running battery changed service
06-13 06:44:30.268  5159 11648 I BatteryChangedService: Battery intent extras:
06-13 06:44:30.268  5159 11648 I BatteryChangedService:  - technology=Li-ion (String)
06-13 06:44:30.268  5159 11648 I BatteryChangedService:  - icon-small=17303585 (Integer)
06-13 06:44:30.268  5159 11648 I BatteryChangedService:  - health=2 (Integer)
06-13 06:44:30.268  5159 11648 I BatteryChangedService:  - max_charging_current=0 (Integer)
06-13 06:44:30.268  5159 11648 I BatteryChangedService:  - online=4 (Integer)
06-13 06:44:30.268  5159 11648 I BatteryChangedService:  - status=3 (Integer)
06-13 06:44:30.268  5159 11648 I BatteryChangedService:  - plugged=2 (Integer)
06-13 06:44:30.273  5159 11648 I BatteryChangedService:  - present=true (Boolean)
06-13 06:44:30.273  5159 11648 I BatteryChangedService:  - pogo_plugged=0 (Integer)
06-13 06:44:30.273  5159 11648 I BatteryChangedService:  - capacity=790000 (Integer)
06-13 06:44:30.273  5159 11648 I BatteryChangedService:  - level=100 (Integer)
06-13 06:44:30.273  3676  3696 I AsyncOpDispatcher: 45-xlb
06-13 06:44:30.273  5159 11648 I BatteryChangedService:  - scale=100 (Integer)
06-13 06:44:30.273  5159 11648 I BatteryChangedService:  - temperature=318 (Integer)
06-13 06:44:30.273  5159 11648 I BatteryChangedService:  - current_now=-1368 (Integer)
06-13 06:44:30.273  5159 11648 I BatteryChangedService:  - voltage=4054 (Integer)
06-13 06:44:30.273  5159 11648 I BatteryChangedService:  - charge_type=1 (Integer)
06-13 06:44:30.273  5159 11648 I BatteryChangedService:  - self_discharging=false (Boolean)
06-13 06:44:30.273  5159 11648 I BatteryChangedService:  - hv_charger=false (Boolean)
06-13 06:44:30.273  5159 11648 I BatteryChangedService:  - power_sharing=false (Boolean)
06-13 06:44:30.278  5159 11648 I BatteryChangedService:  - android.support.content.wakelockid=23 (Integer)
06-13 06:44:30.278  5159 11648 I BatteryChangedService:  - invalid_charger=0 (Integer)
06-13 06:44:30.278 11585 11634 W VideoCapabilities: Unrecognized profile/level 32768/2 for video/mp4v-es
06-13 06:44:30.288  3676  3695 I AsyncOpDispatcher: 45-xlb
06-13 06:44:30.288 11585 11634 W VideoCapabilities: Unsupported mime video/wvc1
06-13 06:44:30.293  3528  7762 W Conscrypt: Could not set socket write timeout: java.lang.reflect.InvocationTargetException
06-13 06:44:30.293  3528  7762 W Conscrypt: 	at java.lang.reflect.Method.invoke(Native Method)
06-13 06:44:30.293  3528  7762 W Conscrypt: 	at com.google.android.gms.org.conscrypt.Platform.setSocketWriteTimeout(:com.google.android.gms@12685021@12.6.85 (040306-197041431):13)
06-13 06:44:30.293  3528  7762 W Conscrypt: Caused by: android.system.ErrnoException: setsockopt failed: EBADF (Bad file descriptor)
06-13 06:44:30.293  3528  4316 W Conscrypt: Could not set socket write timeout: java.lang.reflect.InvocationTargetException
06-13 06:44:30.293  3528  7762 W Conscrypt: 	at libcore.io.Posix.setsockoptTimeval(Native Method)
06-13 06:44:30.293  3528  7762 W Conscrypt: 	at libcore.io.ForwardingOs.setsockoptTimeval(ForwardingOs.java:156)
06-13 06:44:30.298  3528  4316 W Conscrypt: 	at java.lang.reflect.Method.invoke(Native Method)
06-13 06:44:30.298  3528  4316 W Conscrypt: 	at com.google.android.gms.org.conscrypt.Platform.setSocketWriteTimeout(:com.google.android.gms@12685021@12.6.85 (040306-197041431):13)
06-13 06:44:30.298  3528  4316 W Conscrypt: Caused by: android.system.ErrnoException: setsockopt failed: EBADF (Bad file descriptor)
06-13 06:44:30.298 11585 11634 W VideoCapabilities: Unsupported mime video/x-ms-wmv
06-13 06:44:30.298  3528  4316 W Conscrypt: 	at libcore.io.Posix.setsockoptTimeval(Native Method)
06-13 06:44:30.298  3528  4316 W Conscrypt: 	at libcore.io.ForwardingOs.setsockoptTimeval(ForwardingOs.java:156)
06-13 06:44:30.303 11585 11634 W VideoCapabilities: Unsupported mime video/x-ms-wmv7
06-13 06:44:30.303  3676  4192 I AsyncOpDispatcher: 45-xlb
06-13 06:44:30.308 11585 11634 W VideoCapabilities: Unsupported mime video/x-ms-wmv8
06-13 06:44:30.308 11585 11634 W VideoCapabilities: Unsupported mime video/mp43
06-13 06:44:30.308  3676  4215 I AsyncOpDispatcher: 45-xlb
06-13 06:44:30.318 11585 11634 W VideoCapabilities: Unrecognized profile 2130706433 for video/avc
06-13 06:44:30.318 11585 11634 W VideoCapabilities: Unrecognized profile 2130706433 for video/avc
06-13 06:44:30.318 11585 11634 W VideoCapabilities: Unrecognized profile 2130706433 for video/avc
06-13 06:44:30.318 11585 11634 W VideoCapabilities: Unrecognized profile 2130706433 for video/avc
06-13 06:44:30.318 11585 11634 W VideoCapabilities: Unrecognized profile 2130706433 for video/avc
06-13 06:44:30.318 11585 11634 W VideoCapabilities: Unrecognized profile 2130706433 for video/avc
06-13 06:44:30.318 11585 11634 W VideoCapabilities: Unrecognized profile 2130706433 for video/avc
06-13 06:44:30.318 11585 11634 W VideoCapabilities: Unrecognized profile 2130706433 for video/avc
06-13 06:44:30.318 11585 11634 W VideoCapabilities: Unrecognized profile 2130706433 for video/avc
06-13 06:44:30.318 11585 11634 W VideoCapabilities: Unrecognized profile 2130706433 for video/avc
06-13 06:44:30.318 11585 11634 W VideoCapabilities: Unrecognized profile 2130706433 for video/avc
06-13 06:44:30.318 11585 11634 W VideoCapabilities: Unrecognized profile 2130706433 for video/avc
06-13 06:44:30.318 11585 11634 W VideoCapabilities: Unrecognized profile 2130706433 for video/avc
06-13 06:44:30.318 11585 11634 W VideoCapabilities: Unrecognized profile 2130706433 for video/avc
06-13 06:44:30.318 11585 11634 W VideoCapabilities: Unrecognized profile 2130706434 for video/avc
