06-13 06:44:53.708 12580 12580 I art     : Rejecting re-init on previously-failed class java.lang.Class<android.support.v4.app.JobIntentService$JobServiceEngineImpl>
06-13 06:44:53.803  3790 12427 V MediaScanner: processDirectory :  /storage/emulated/0
06-13 06:44:53.813  3790 12427 D MediaScanner: Skipping:
06-13 06:44:53.813  3790 12427 D MediaScanner: 7klwibgf7fvntblfd7(75ebcf7
06-13 06:44:53.828  3790 12427 D MediaScanner: Skipping:
06-13 06:44:53.828  3790 12427 D MediaScanner: 7klwibgf7fvntblfd7(7Budiwrd7dblb7
06-13 06:44:53.873  3790 12427 D MediaScanner: Skipping:
06-13 06:44:53.873  3790 12427 D MediaScanner: 7klwibgf7fvntblfd7(7DCRV75lpnvaubrtk7
06-13 06:44:53.913 12580 12608 D SMUSIC-MusicSync-FoldersDbHelper: insertParentFolder : sdRoot null | app ver: 16.2.12-4
06-13 06:44:54.168  2776  3212 D ActivityManager: removeProcessNameLocked mProcessNames.remove pid=11867 ,hash=195643381 ,name=com.samsung.helphub
06-13 06:44:54.353 12534 12592 I PolicyManager: [FACE] Nothing is registered exiting left count = 4
06-13 06:44:54.493 11963 12174 W dex2oat : No verified method for method calling String.<init>: java.lang.String java.io.ByteArrayOutputStream.toString()
06-13 06:44:55.113  3179  3179 D StatusBar.NetworkController: refreshViews connected={ wifi } level=?? combinedSignalIconId=0x7f0205cc/com.android.systemui:drawable/stat_sys_wifi_signal_4 mobileLabel= wifiLabel="ferrer" emergencyOnly=false combinedLabel="ferrer" mAirplaneMode=false mDataActivity=0 mPhoneSignalIconId=0x0/(null) mQSPhoneSignalIconId=0x0/(null) mDataDirectionIconId=0x0/(null) mDataSignalIconId=0x0/(null) mDataTypeIconId=0x0/(null) mQSDataTypeIconId=0x0/(null) mNoSimIconId=0x0/(null) mWifiIconId=0x7f0205cc/com.android.systemui:drawable/stat_sys_wifi_signal_4 mQSWifiIconId=0x7f0202aa/com.android.systemui:drawable/qs_tile_wifi_signal_4 mWifiActivityIconId=0x7f020576/com.android.systemui:drawable/stat_sys_signal_inout mBluetoothTetherIconId=0x7f0205a1/com.android.systemui:drawable/stat_sys_tether_bluetooth
06-13 06:44:55.113  3179  3179 D StatusBar.NetworkController: refreshNwBoosterIndicator - setNWBoosterIndicators(false)
06-13 06:44:55.113  3179  3179 D StatusBar.NetworkController: refreshNwBoosterIndicator - setNWBoosterIndicators(false)
06-13 06:44:55.113  3179  3179 D StatusBar.NetworkController: refreshNwBoosterIndicator - setNWBoosterIndicators(false)
06-13 06:44:55.113  3179  3179 D StatusBar.NetworkController: refreshNwBoosterIndicator - setNWBoosterIndicators(false)
06-13 06:44:55.358 12534 12592 I PolicyManager: [FACE] Nothing is registered exiting left count = 3
06-13 06:44:55.758  3790 12427 D MediaScanner: Skipping:
06-13 06:44:55.758  3790 12427 D MediaScanner: 7klwibgf7fvntblfd7(75lpnvaubrtk7
06-13 06:44:55.783  5507  5507 D FactoryTestApp: [FtClient$mBroadcastReceiver](5507) action= = android.intent.action.MEDIA_SCANNER_FINISHED
06-13 06:44:55.783  5507  5507 D FactoryTestApp: [FtClient$mBroadcastReceiver](5507) ACTION_MEDIA_SCANNER_FINISHED = /storage/emulated/0
06-13 06:44:55.783  3399  3399 D CscUpdateService: sys.boot_completed is 1. Start update ringtone notification alarm
06-13 06:44:55.783  3399  3399 D CscUpdateService: PREF_RINGTONE_SET return 3
06-13 06:44:55.783  3399  3399 D CscUpdateService: PREF_NOTIFICATION_SET return 3
06-13 06:44:55.783  3399  3399 D CscUpdateService: PREF_ALARMTONE_SET return 3
06-13 06:44:55.788 12565 12565 D SMUSIC-MusicSync-MusicSyncService: syncOperations : [LOCAL_TRACK_DELETE, LOCAL_PLAYLIST_DELETE, LOCAL_DRM_DELETE] from com.samsung.android.app.music.provider.sync.observer.MediaScannerReceiver.onReceive(MediaScannerReceiver.kt:25) | app ver: 16.2.12-4
06-13 06:44:55.798  5507  5507 D FactoryTestApp: [FtClient$mBroadcastReceiver](5507) mIsReceivedCscModemSetting = false
06-13 06:44:55.798  5507  5507 D FactoryTestApp: [Support$Values.getBoolean](5507) id=SUPPORT_BOOST_MEDIASCAN, value=true
06-13 06:44:55.798  5507  5507 I FactoryTestApp: [FtClient$onReceived-ACTION_MEDIA_SCANNER_FINISHED](5507) SUPPORT_BOOST_MEDIASCAN
06-13 06:44:55.798  5507  5507 I FactoryTestApp: [ModulePower$doMediaScanWakeLock](5507) wake=false
06-13 06:44:55.803 12534 12648 I SystemBroadcastReceiver: [FACE] Calling notifyListeners. 
06-13 06:44:55.818  9937  9937 D GalleryCacheReady: Receive action.ACTION_MEDIA_SCANNER_FINISHED
06-13 06:44:55.823 12534 12648 I StorageController: [FACE] Bundle =  Bundle[{path=file:///storage/emulated/0, CleanBuffer=false}]
06-13 06:44:55.823 12534 12551 I FaceThreadPoolExecutor: [FACE] Task being added PolicyManager
06-13 06:44:55.823 12534 12551 I FaceThreadPoolExecutor: [FACE] Task PolicyManager is already active not submitted
06-13 06:44:55.823 12534 12551 I FaceThreadPoolExecutor: [FACE] Task being added FaceDetectionTask
06-13 06:44:55.823 12534 12551 I FaceThreadPoolExecutor: [FACE] Task com.sec.face.framework.extractomanager.task.FaceDetectionTask@298bfc2 is submitted
06-13 06:44:55.828  9937 12650 D GalleryCacheReady: handleMeidaScanFinish()
06-13 06:44:55.828  9937 12650 D FaceInterface: requestFaceScan() is called.
06-13 06:44:55.828 12534 12593 I PolicyManager: [FACE] setCriticalStateFromSystem screenOn =  true
06-13 06:44:55.828 12534 12593 I PolicyManager: [FACE] setCriticalStateFromSystem camera running =  false
06-13 06:44:55.828 12534 12593 I PolicyManager: [FACE] setCriticalStateFromSystem  high siop =  false
06-13 06:44:55.828 12534 12593 I PolicyManager: [FACE] setCriticalStateFromSystem  ssrm game =  false
06-13 06:44:55.828 12534 12593 I FaceDetectionTask: [FACE] Grouping task pausing due to policy request 
06-13 06:44:55.828 12534 12593 I SAIV_FACE: call FD init
06-13 06:44:55.828 12534 12593 D DMCFaceEngine_dmcSMVFDInterface: --- Call Init API : MaxF[100], Model[11100 100], Flag[SMVFD_v150123mcdClustering]
06-13 06:44:55.828 12552 12552 D MyFiles : MyFilesReceiver::Received the android.intent.action.MEDIA_SCANNER_FINISHED
06-13 06:44:55.833  9937 12651 I FaceInterface: startFaceScan() : waiting 5 sec
06-13 06:44:55.843  9347  9347 D SideloadedProvider: Event received android.intent.action.MEDIA_SCANNER_FINISHED
06-13 06:44:55.848 12534 12593 D MVFD_api: mvfd_api_FDInit_clustering : 1 | Min : 30
06-13 06:44:55.858  9347 12652 D SideloadedProvider: intent received, action = MediaScannerService.scan.sideLoaded.all
06-13 06:44:55.858  9347 12652 D SideloadedProvider: Scanning side loaded media
06-13 06:44:55.858  9347 12652 D SideloadedProvider: Finished scanning media
06-13 06:44:55.863 12534 12593 I SystemUtils: [FACE] LM: false,AM:1294069760
06-13 06:44:55.933  2776  3137 D ApplicationPolicy: isStatusBarNotificationAllowedAsUser: packageName = android,userId = -1
06-13 06:44:55.938 12534 12593 I SystemUtils: [FACE] LM: false,AM:1293852672
06-13 06:44:55.998  3302  3316 D briefing: [Briefing]>>> BNLS:44 [0:0] onNotification Posted : android
06-13 06:44:56.028  3179  3179 D KnoxNotification: ----- inflateViews : modified publicViewLocal -----
06-13 06:44:56.038  3179  3179 D KnoxNotification: ----- inflateViews : modified KnoxViewLocal -----
06-13 06:44:56.048  2776  2792 I art     : Background partial concurrent mark sweep GC freed 29308(1563KB) AllocSpace objects, 12(240KB) LOS objects, 30% free, 36MB/52MB, paused 5.340ms total 181.854ms
06-13 06:44:56.048 12534 12593 I SAIV_FACE: call FD release
06-13 06:44:56.048 12534 12593 D MVFD_api: mvfd_api_FDRelease : start
06-13 06:44:56.048 12534 12593 D DMCFaceEngine_dmcSMVFDInterface: --- Call Release API : Mode[SMVFD_v150123mcdClustering]
06-13 06:44:56.053 12534 12593 D MVFD_api: mvfd_api_FDRelease : 1
06-13 06:44:56.053 12534 12551 I FaceThreadPoolExecutor: [FACE] Task being added PolicyManager
06-13 06:44:56.053 12534 12551 I FaceThreadPoolExecutor: [FACE] Task PolicyManager is already active not submitted
06-13 06:44:56.053 12534 12551 I FaceThreadPoolExecutor: [FACE] Task being added FaceGroupingTask
06-13 06:44:56.053 12534 12551 I FaceThreadPoolExecutor: [FACE] Task com.sec.face.framework.extractomanager.task.FaceGroupingTask@2948e3c is submitted
06-13 06:44:56.053 12534 12593 I FaceThreadPoolExecutor: [FACE] afterExecute FutureTask
06-13 06:44:56.053 12534 12593 I PolicyManager: [FACE] setCriticalStateFromSystem screenOn =  true
06-13 06:44:56.053 12534 12593 I PolicyManager: [FACE] setCriticalStateFromSystem camera running =  false
06-13 06:44:56.053 12534 12593 I PolicyManager: [FACE] setCriticalStateFromSystem  high siop =  false
06-13 06:44:56.053 12534 12593 I PolicyManager: [FACE] setCriticalStateFromSystem  ssrm game =  false
06-13 06:44:56.053 12534 12593 I FaceGroupingTask: [FACE] Grouping task pausing due to policy request 
06-13 06:44:56.073  3179  3179 D PanelView: kidsfalse mQsExpansionEnabled:true
06-13 06:44:56.083  3179  3179 D PanelView: kidsfalse mQsExpansionEnabled:true
06-13 06:44:57.153 12677 12677 E Zygote  : v2
06-13 06:44:57.153 12677 12677 I SELinux : Function: selinux_compare_spd_ram, index[1], SPD-policy is existed. and_ver=SEPF_SM-T800_5.0.2-1 ver=66
06-13 06:44:57.153 12677 12677 W SELinux : Function: selinux_compare_spd_ram, index[1], priority [2], priority version is VE=SEPF_SECMOBILE_6.0.1_0021
06-13 06:44:57.153 12677 12677 W SELinux : SELinux: seapp_context_lookup: seinfo=platform, level=s0:c512,c768, pkgname=com.samsung.android.sdk.professionalaudio.utility.jammonitor 
06-13 06:44:57.158  2776  3166 D ActivityTrigger: ActivityTrigger activityPauseTrigger 
06-13 06:44:57.163  3407  3407 D Launcher.HomeView: onPause
06-13 06:44:57.163  3407  3407 D Launcher.Workspace: exitWidgetResizeMode State: NORMAL, newDragStarted: false
06-13 06:44:57.163  2776  3166 D InputDispatcher: Focused application set to: xxxx
06-13 06:44:57.168  2776  3166 D InputDispatcher: Focus left window: 3407
06-13 06:44:57.173 10790 10790 V TaskCloserActivity: TaskCloserActivity onReceive() - com.sec.android.intent.action.HOME_PAUSE
06-13 06:44:57.178  2776  2918 D PointerIcon: setMouseIconStyle1 pointerType: 1001 iconType:101 flag:0 pid:2776 uid:1000
06-13 06:44:57.178  2776  2918 D PointerIcon: setMouseCustomIcon IconType is same.101
06-13 06:44:57.178  2776  2918 D PointerIcon: setHoveringSpenIconStyle1 pointerType: 10001 iconType:1 flag:0 pid:2776 uid:1000
06-13 06:44:57.178  2776  2918 D PointerIcon: setHoveringSpenCustomIcon IconType is same.1
06-13 06:44:57.203  3927  3952 V MultiWindowTrayService: noteResumeComponent  /arrangeState : 0
06-13 06:44:57.203  3927  3952 I MultiWindowTrayService: UsageStatsWatcher : normal app resumed
06-13 06:44:57.203  3927  3927 I Sally Service: removeWindow window
06-13 06:44:57.208  3603  4119 I PBSessionCacheImpl: Deleted sessionId[15847690469611003] from persistence.
06-13 06:44:57.213  3179  3179 W ResourceType: Failure getting entry for 0x01080a8c (t=7 e=2700) (error -75)
06-13 06:44:57.218  3179 12690 V MediaPlayer: decode(74, 7258896, 5795)
06-13 06:44:57.223 12677 12677 D TimaKeyStoreProvider: TimaSignature is unavailable
06-13 06:44:57.223 12677 12677 D ActivityThread: Added TimaKeyStore provider
06-13 06:44:57.238  3603  3603 I MicroDetector: Keeping mic open: false
06-13 06:44:57.238  2260  2260 D OggExtractor:  correct time not found. Let's use approximate value
06-13 06:44:57.238  2260  2260 I OggExtractor: OggSource::OggSource() mExtractor ref count = 4
06-13 06:44:57.238  2260  2260 I OMXCodec: Attempting to allocate OMX node 'OMX.google.vorbis.decoder'
06-13 06:44:57.243  3603  4045 I DeviceStateChecker: DeviceStateChecker cancelled
06-13 06:44:57.243  2260  2260 I OMXCodec: Successfully allocated OMX node 'OMX.google.vorbis.decoder'
06-13 06:44:57.243  2260  2260 I OMXCodec: >>>UHQA initOutputFormat 16
06-13 06:44:57.243  2260  2260 I OMXCodec: [OMX.google.vorbis.decoder] OMXCodec::start mState=1
06-13 06:44:57.243  2260  2260 I OMXCodec: [OMX.google.vorbis.decoder] allocating 4 buffers of size 8192 on input port
06-13 06:44:57.243  2260  2260 I OMXCodec: [OMX.google.vorbis.decoder] allocating 4 buffers of size 32768 on output port
06-13 06:44:57.248  2260 12692 I OMXCodec: [OMX.google.vorbis.decoder] Now Idle. Component sends idle done Event 
06-13 06:44:57.248  3603  4119 I AudioController: internalShutdown
06-13 06:44:57.248  3603  4650 I MicroRecognitionRunner: Stopping hotword detection.
06-13 06:44:57.248  3603  4129 I MicroRecognitionRunner: Detection finished
06-13 06:44:57.253  2260 12692 I OMXCodec: [OMX.google.vorbis.decoder] 0onCmdComplete  mState =  7
06-13 06:44:57.253  2260 12692 I OMXCodec: [OMX.google.vorbis.decoder] PORT_DISABLED(1)
06-13 06:44:57.253  2260 12692 I OMXCodec: >>>UHQA initOutputFormat 16
06-13 06:44:57.253  2260 12692 I OMXCodec: [OMX.google.vorbis.decoder] allocating 4 buffers of size 32768 on output port
06-13 06:44:57.253  2260 12692 I OMXCodec: [OMX.google.vorbis.decoder] End Of Stream
06-13 06:44:57.253  2260  2260 I SoundExtractor: extract() reached EOS
06-13 06:44:57.253  2260  2260 I OMXCodec: [OMX.google.vorbis.decoder] stop mState=4
06-13 06:44:57.253  2260  2260 I OMXCodec: [OMX.google.vorbis.decoder] stop() sendCommand(79, OMX_CommandStateSet, OMX_StateIdle)
06-13 06:44:57.253  2260 12692 I OMXCodec: [OMX.google.vorbis.decoder] Now Idle. Component sends idle done Event 
06-13 06:44:57.253  2260  2260 I OMXCodec: [OMX.google.vorbis.decoder] stopOmxComponent_l() mstate = 1
06-13 06:44:57.253  2260  2260 I OggExtractor: OggSource::stop() mExtractor ref count = 1
06-13 06:44:57.253  2260  2260 I OggExtractor: OggSource::~OggSource() mExtractor !mStarted ref count = 1
06-13 06:44:57.253  2260  2260 I OggExtractor: ~OggSource --
06-13 06:44:57.253  2260  2260 I OggExtractor: ~OggExtractor ++
06-13 06:44:57.253  2260  2260 I OggExtractor: ~MyOggExtractor ++ 
06-13 06:44:57.258  2260  2260 I OggExtractor: ~MyOggExtractor --
06-13 06:44:57.258  2260  2260 I OggExtractor: ~OggExtractor --
06-13 06:44:57.298  2260  2663 I APM::AudioPolicyManager: stopInput() input 46
06-13 06:44:57.303  2260 12386 I AudioHardwareTinyALSA: virtual android::status_t android::AudioStreamInALSA::setParameters(const android::String8&): routing=0
06-13 06:44:57.303  2260 12386 I AudioHardwareTinyALSA: Close mHandle:afbd6460
06-13 06:44:57.338  3179  3179 W ResourceType: Failure getting entry for 0x01080a8c (t=7 e=2700) (error -75)
06-13 06:44:57.343  2776  3469 D ActivityManager: removeProcessNameLocked mProcessNames.remove pid=11895 ,hash=6322857 ,name=com.sec.android.app.sbrowser
06-13 06:44:57.353  2260 12386 D AudioHardwareTinyALSA: Entering AudioStreamInALSA standby mode
06-13 06:44:57.358  2260  2664 D TinyUCM : Disable Input dev(0x80000004)
06-13 06:44:57.358  3603  8364 I MicrophoneInputStream: mic_close  SR : 16000 CC : 16 SO : 1999
06-13 06:44:57.358  3179  3179 D ViewRootImpl: #1 mView = com.android.internal.policy.MultiPhoneWindow$MultiPhoneDecorView{54db805 I.E...... R.....I. 0,0-0,0}
06-13 06:44:57.358  2260  2664 D TinyUCM : set channel: None
06-13 06:44:57.368  2776  3470 D ActivityManager: post active user change for 0 fullscreen false isFloatingActivity() false isHomeActivity() false
06-13 06:44:57.368  2776  3470 D KnoxTimeoutHandler: postActiveUserChange [MsgParam] userId: 0 fullscreen is false showWhenlocked is false
06-13 06:44:57.368  2776  2776 D KnoxTimeoutHandler: handleActiveUserChange [MsgParam] userId: 0 fullscreen is false showWhenlocked is false
06-13 06:44:57.368  2776  2776 I KnoxTimeoutHandler: Shared devices show user statefalse
06-13 06:44:57.368  2776  2776 I KnoxTimeoutHandler: Target Activity is not fullscreen. We will not show this activity0
06-13 06:44:57.368  2260  2664 D AudioHardwareTinyALSA: Entering AudioStreamInALSA standby mode
06-13 06:44:57.373  3179  3179 D MultiPhoneWindow: performUpdateVisibility, not full screen ignore visible [false] request
06-13 06:44:57.383  2237  2237 I SurfaceFlinger: id=34 createSurf (97x97),1 flag=4, VsbConfirmA
06-13 06:44:57.393  2776  3939 D InputDispatcher: Focus entered window: 3179
06-13 06:44:57.408  2776  2918 D PointerIcon: setMouseIconStyle1 pointerType: 1001 iconType:101 flag:0 pid:2776 uid:1000
06-13 06:44:57.408  2776  2918 D PointerIcon: setMouseCustomIcon IconType is same.101
06-13 06:44:57.408  2776  2918 D PointerIcon: setHoveringSpenIconStyle1 pointerType: 10001 iconType:1 flag:0 pid:2776 uid:1000
06-13 06:44:57.408  2776  2918 D PointerIcon: setHoveringSpenCustomIcon IconType is same.1
06-13 06:44:57.408  3179  3391 D mali_winsys: new_window_surface returns 0x3000,  [1120x784]-format:1
06-13 06:44:57.413  3179  3179 D ScrollView:  onsize change changed 
06-13 06:44:57.413  3179  3179 D PhoneStatusBar: setSystemUiVisibility vis=8000 mask=ffffffff oldVal=8600 newVal=8000 diff=600
06-13 06:44:57.453  2776  4125 V WindowStateAnimator: Finishing drawing window Window{a77d4dc u0 d0 p3179 com.android.systemui/com.android.systemui.usb.UsbConfirmActivity}: mDrawState=DRAW_PENDING
06-13 06:44:57.453  3179  3179 D ViewRootImpl: MSG_RESIZED_REPORT: ci=Rect(0, 0 - 0, 0) vi=Rect(0, 0 - 0, 0) or=2
06-13 06:44:57.458  2237  2237 D libEGL  : eglInitialize EGLDisplay = 0xbe84e404
06-13 06:44:57.468  2776  2816 V WindowStateAnimator: Finishing drawing window Window{a77d4dc u0 d0 p3179 com.android.systemui/com.android.systemui.usb.UsbConfirmActivity}: mDrawState=HAS_DRAWN
06-13 06:44:57.468  2776  2918 D KnoxTimeoutHandler: notifyActivityDrawn [MsgParam] userId: 0 fullscreen is false showWhenlocked is false
06-13 06:44:57.468  3179  3179 I Timeline: Timeline: Activity_idle id: android.os.BinderProxy@daad77c time:225056
06-13 06:44:57.468  2776  2776 D KnoxTimeoutHandler: activityDrawn [MsgParam] userId: 0 fullscreen is false showWhenlocked is false
06-13 06:44:57.468  2776  2776 I KnoxTimeoutHandler: SD activityfalse
06-13 06:44:57.468  2776  2918 I ActivityManager: Displayed com.android.systemui/.usb.UsbConfirmActivity: +293ms
06-13 06:44:57.473  2237  2237 D libEGL  : eglInitialize EGLDisplay = 0xbe84e404
06-13 06:44:57.678  2776  2918 I Timeline: Timeline: Activity_windows_visible id: ActivityRecord{19be398 u0 com.android.systemui/.usb.UsbConfirmActivity t7} time:225267
06-13 06:44:57.678  2776  2889 D ActivityTrigger: ActivityTrigger activityStopTrigger 
06-13 06:44:57.878  9937 12550 I FaceInterface: startFaceScan() : going on
06-13 06:44:57.878  9937 12550 D FaceInterface: startFaceScan() is called.
06-13 06:44:57.883 12534 12551 I FaceThreadPoolExecutor: [FACE] Task being added PolicyManager
06-13 06:44:57.883 12534 12551 I FaceThreadPoolExecutor: [FACE] Task PolicyManager is already active not submitted
06-13 06:44:57.883 12534 12551 I FaceThreadPoolExecutor: [FACE] Task being added FaceDetectionTask
06-13 06:44:57.883 12534 12551 I FaceThreadPoolExecutor: [FACE] Task com.sec.face.framework.extractomanager.task.FaceDetectionTask@298bfc2 is submitted
06-13 06:44:58.128  3179  3179 D StatusBar.NetworkController: refreshViews connected={ wifi } level=?? combinedSignalIconId=0x7f0205cc/com.android.systemui:drawable/stat_sys_wifi_signal_4 mobileLabel= wifiLabel="ferrer" emergencyOnly=false combinedLabel="ferrer" mAirplaneMode=false mDataActivity=0 mPhoneSignalIconId=0x0/(null) mQSPhoneSignalIconId=0x0/(null) mDataDirectionIconId=0x0/(null) mDataSignalIconId=0x0/(null) mDataTypeIconId=0x0/(null) mQSDataTypeIconId=0x0/(null) mNoSimIconId=0x0/(null) mWifiIconId=0x7f0205cc/com.android.systemui:drawable/stat_sys_wifi_signal_4 mQSWifiIconId=0x7f0202aa/com.android.systemui:drawable/qs_tile_wifi_signal_4 mWifiActivityIconId=0x7f020579/com.android.systemui:drawable/stat_sys_signal_no_inout mBluetoothTetherIconId=0x7f0205a1/com.android.systemui:drawable/stat_sys_tether_bluetooth
06-13 06:44:58.128  3179  3179 D StatusBar.NetworkController: refreshNwBoosterIndicator - setNWBoosterIndicators(false)
06-13 06:44:58.128  3179  3179 D StatusBar.NetworkController: refreshNwBoosterIndicator - setNWBoosterIndicators(false)
06-13 06:44:58.128  3179  3179 D StatusBar.NetworkController: refreshNwBoosterIndicator - setNWBoosterIndicators(false)
06-13 06:44:58.128  3179  3179 D StatusBar.NetworkController: refreshNwBoosterIndicator - setNWBoosterIndicators(false)
06-13 06:44:58.263  3603  3603 W SearchServiceCore: Abort, client detached.
06-13 06:44:58.263  3603  3603 W SearchServiceCore: Abort, client detached.
06-13 06:44:58.313  3603  3603 W SearchServiceCore: Abort, client detached.
06-13 06:44:58.923  2776  2776 D EdgeLight: Turning on edge light for notification (NotificationRecord(0x0cc5bcae: pkg=com.nytimes.android user=UserHandle{0} id=2041112277 tag=null score=0 key=0|com.nytimes.android|2041112277|null|10109: Notification(pri=0 contentView=null vibrate=[0,300,200,300,200] sound=null tick defaults=0x4 flags=0x11 color=0xff000000 appGroupKey=com.nytimes.android actions=1 vis=PRIVATE secFlags=0x0 secPriority=0))) with color=ffffffff
06-13 06:44:58.923  3302  3312 D briefing: [Briefing]>>> BNLS:63 [0:0] onNotification Removed : android
06-13 06:44:58.933  3179  3179 D PanelView: kidsfalse mQsExpansionEnabled:true
06-13 06:44:58.943  3179  3179 D PanelView: kidsfalse mQsExpansionEnabled:true
06-13 06:44:59.008  2237  2237 D libEGL  : eglInitialize EGLDisplay = 0xbe84e404
06-13 06:44:59.353  3796  3796 I dhcpcd  : wlan0: Router Advertisement from fe80::429b:cdff:fe4d:5fae
06-13 06:44:59.423 11963 12174 W dex2oat : No verified method for method calling String.<init>: java.lang.String java.io.ByteArrayOutputStream.toString()
06-13 06:44:59.428 11963 12175 W dex2oat : No verified method for method calling String.<init>: java.lang.String java.io.ByteArrayOutputStream.toString()
06-13 06:44:59.473  3796  3796 I dhcpcd  : wlan0: fe80::429b:cdff:fe4d:5fae: expired Router Advertisement
06-13 06:44:59.998  3179  3179 D KeyguardUpdateMonitor: received broadcast android.intent.action.TIME_TICK
06-13 06:44:59.998  3179  3179 I PERF    : received broadcast android.intent.action.TIME_TICK
06-13 06:45:00.003  3179  3179 D KeyguardUpdateMonitor: handleTimeUpdate
06-13 06:45:00.008  3179  3179 D SecKeyguardClockView: onTimeChanged() : mShouldShowDualClock - false, isDualClockSet() -false
06-13 06:45:00.013  3179  3179 D SecKeyguardClockView: HomeTimezone(): 0
06-13 06:45:00.013  3179  3179 D DateView: regionalDateFormat = Mdy isRTLlanguage = false returnDateFormat = E, MMM d
06-13 06:45:00.013  3179  3179 D DateView: regionalDateFormat = Mdy isRTLlanguage = false returnDateFormat = E, MMM d
06-13 06:45:00.018  3179  3179 D DateView: regionalDateFormat = Mdy isRTLlanguage = false returnDateFormat = E, MMM d
06-13 06:45:00.018  3179  3179 D DateView: regionalDateFormat = Mdy isRTLlanguage = false returnDateFormat = E, MMM d
06-13 06:45:00.018  3179  3179 D DateView: regionalDateFormat = Mdy isRTLlanguage = false returnDateFormat = E, MMM d
06-13 06:45:00.018  3179  3179 D DateView: regionalDateFormat = Mdy isRTLlanguage = false returnDateFormat = E, MMM d
06-13 06:45:00.018  3179  3179 D SecKeyguardStatusUtils: regionalDateFormat = Mdy isRTLlanguage = false returnDateFormat = E, MMM d
06-13 06:45:00.033  3302  3302 D briefing: [Briefing]>>> BS:181 [0:0] action : androidintentactionTIME_TICK
06-13 06:45:00.038  3302  3302 D briefing: [Briefing]>>> B:46 [0:0] action : actionTIME_TICK
06-13 06:45:00.038  3302  3302 D briefing: [Briefing]>>> B:74 [0:0] settings CT : androidappReceiverRestrictedContext@437160e
06-13 06:45:00.038  3302  3302 D briefing: [Briefing]>>> UIM:139 [0:0] setContext
06-13 06:45:00.038  3302  3302 D briefing: [Briefing]>>> UIM:308 [0:0] isUpdateWidget -> false
06-13 06:45:00.043  3179  3179 D SecKeyguardStatusUtils: regionalDateFormat = Mdy isRTLlanguage = false returnDateFormat = E, MMM d
06-13 06:45:00.048  4367  4367 D accuweather: [AccuTab_Magagine]>>> WCS:182 [0:0] action : androidintentactionTIME_TICK
06-13 06:45:00.048  4367  4367 D accuweather: [AccuTab_Magagine]>>> UIMK:107 [0:0] getInstance
06-13 06:45:00.053  4367  4367 D accuweather: [AccuTab_Magagine]>>> UIMK:1527 [0:0] direct update clock
06-13 06:45:00.053  4367  4367 D accuweather: [AccuTab_Magagine]>>> UIMK:143 [0:0] make widget view!!! 
06-13 06:45:00.053  4367  4367 D accuweather: [AccuTab_Magagine]>>> UIMK:1373 [0:0] mTz Offset: -18000000, mTz RawOffset: -21600000, ct : 1528890300054
06-13 06:45:00.053  4367  4367 D accuweather: [AccuTab_Magagine]>>> UIMK:1484 [0:0] Locale format : MMM d, y
06-13 06:45:00.053  4367  4367 E accuweather: [AccuTab_Magagine]>>> UIMK:1259 [0:0] time : 6:45
06-13 06:45:00.088  2776  3052 D SensorService: [SO] -0.163 7.633 6.369
06-13 06:45:00.133  3179  3179 D StatusBar.NetworkController: refreshViews connected={ wifi } level=?? combinedSignalIconId=0x7f0205cc/com.android.systemui:drawable/stat_sys_wifi_signal_4 mobileLabel= wifiLabel="ferrer" emergencyOnly=false combinedLabel="ferrer" mAirplaneMode=false mDataActivity=0 mPhoneSignalIconId=0x0/(null) mQSPhoneSignalIconId=0x0/(null) mDataDirectionIconId=0x0/(null) mDataSignalIconId=0x0/(null) mDataTypeIconId=0x0/(null) mQSDataTypeIconId=0x0/(null) mNoSimIconId=0x0/(null) mWifiIconId=0x7f0205cc/com.android.systemui:drawable/stat_sys_wifi_signal_4 mQSWifiIconId=0x7f0202aa/com.android.systemui:drawable/qs_tile_wifi_signal_4 mWifiActivityIconId=0x7f020574/com.android.systemui:drawable/stat_sys_signal_in mBluetoothTetherIconId=0x7f0205a1/com.android.systemui:drawable/stat_sys_tether_bluetooth
06-13 06:45:00.133  3179  3179 D StatusBar.NetworkController: refreshNwBoosterIndicator - setNWBoosterIndicators(false)
06-13 06:45:00.133  3179  3179 D StatusBar.NetworkController: refreshNwBoosterIndicator - setNWBoosterIndicators(false)
06-13 06:45:00.133  3179  3179 D StatusBar.NetworkController: refreshNwBoosterIndicator - setNWBoosterIndicators(false)
06-13 06:45:00.133  3179  3179 D StatusBar.NetworkController: refreshNwBoosterIndicator - setNWBoosterIndicators(false)
06-13 06:45:00.413  2776  3071 D InputReader: Input event(2): value=1 when=228000436000
06-13 06:45:00.413  2776  3071 I InputReader: Touch event's action is 0x0 (deviceType=0) [pCnt=1, s=0.19 ] when=228000519000
06-13 06:45:00.413  2776  3071 D InputReader: lastThreadEndTime = 213334492353, currentThreadStartTime = 213334499103, diff = 0
06-13 06:45:00.413  2776  3070 I InputDispatcher: Delivering touch to (3179): action: 0x4, toolType: 1
06-13 06:45:00.413  2776  3070 I InputDispatcher: Delivering touch to (3927): action: 0x4, toolType: 1
06-13 06:45:00.413  2776  3070 I InputDispatcher: Delivering touch to (3179): action: 0x0, toolType: 1
06-13 06:45:00.413  2776  3160 D lights  : button : 1 +
06-13 06:45:00.413  3179  3179 D ViewRootImpl: ViewPostImeInputStage processPointer 0
06-13 06:45:00.468  2776  3160 D lights  : button : 1 -
06-13 06:45:00.468  2776  3160 D LightsService: Excessive delay setting light: 51ms
06-13 06:45:00.533  2776  3071 D InputReader: Input event(2): value=0 when=228121070000
06-13 06:45:00.533  2776  3071 I InputReader: Touch event's action is 0x1 (deviceType=0) [pCnt=1, s=] when=228121075000
06-13 06:45:00.533  2776  3070 I InputDispatcher: Delivering touch to (3179): action: 0x1, toolType: 1
06-13 06:45:00.533  3179  3179 D ViewRootImpl: ViewPostImeInputStage processPointer 1
06-13 06:45:00.533  2776  3970 V AudioService: AudioService playSoundEffect Type : 0, volume : -1.0
06-13 06:45:00.533  2776  3136 V AudioService: received MSG_PLAY_SOUND_EFFECT onPlaySoundEffect start
06-13 06:45:00.533  2260  2660 I APM::AudioPolicyManager: getSituationVolume: isBTConnected:0 isHeadConnected:0
06-13 06:45:00.538  2260  2663 W AudioPolicyIntefaceImpl: Skipped to add effects on session 48
06-13 06:45:00.538  2260  2663 I APM::AudioPolicyManager: startOutput() output 2, stream 1, session 48
06-13 06:45:00.538  2260  2656 I AudioHardwareTinyALSA: AudioStreamOutALSA::setParameters() routing=2, outputtype:0
06-13 06:45:00.538  2260  2656 I AudioHardwareTinyALSA: mParent->isFactoryRouteEnable()=0
06-13 06:45:00.538  2260  2656 I AudioHardwareTinyALSA: mLoopbackDevice=0
06-13 06:45:00.538  2260  2656 D TinyUCM : setModifier CodecRxMute, en=1
06-13 06:45:00.538  2260  2656 E TinyUCM : Failed to get AIF2 digital mute
06-13 06:45:00.538  2260  2656 D AudioHardwareTinyALSA: OutALSA::setDevice: mode = 0, newDevice=0x2, currentDevice=0x2 ,force= 0
06-13 06:45:00.538  2260  2656 D AudioHardwareTinyALSA: OutALSA::setDevice: mDevice 0x2, newDevice = 0x2
06-13 06:45:00.538  2260  2656 D AudioHardwareTinyALSA: setOutputVolume
06-13 06:45:00.538  2260  2656 D TinyUCM : setModifier Normal, en=1
06-13 06:45:00.538  2260  2656 D AudioHardwareTinyALSA: setPcmInterface: Stream=0x1, iSamplerate=8000++
06-13 06:45:00.538  2260  2656 D AudioHardwareTinyALSA: setPcmInterface--
06-13 06:45:00.538  2260  2656 D TinyUCM : setModifier CodecRxMute, en=0
06-13 06:45:00.538  2260  2656 E TinyUCM : Failed to get AIF2 digital mute
06-13 06:45:00.538  2260  2656 D AudioFlinger: setCurDevice() 0x2
06-13 06:45:00.553  2260  2656 I AudioHardwareTinyALSA: AudioStreamOutALSA::write setDevice
06-13 06:45:00.553  2260  2656 D AudioHardwareTinyALSA: OutALSA::setDevice: mode = 0, newDevice=0x2, currentDevice=0x2 ,force= 0
06-13 06:45:00.553  2260  2656 D AudioHardwareTinyALSA: OutALSA::setDevice: mDevice 0x2, newDevice = 0x2
06-13 06:45:00.553  2260  2656 D AudioHardwareTinyALSA: setOutputVolume
06-13 06:45:00.553  2260  2656 D TinyUCM : setModifier Normal, en=1
06-13 06:45:00.553  2260  2656 I AudioHardwareTinyALSA: OutALSA::setDevice: mHandle NULL mode[0], Device[00000002] nDevice:3 
06-13 06:45:00.553  2260  2656 I AudioHardwareTinyALSA: Open:+ mDefaults->direction=0 device=3
06-13 06:45:00.553  2260  2656 D AudioHardwareTinyALSA: Channel: 2, Samplerate: 48000, Format: 0, Period Size: 960, Period Count: 4
06-13 06:45:00.553  2776  2816 D ActivityTrigger: ActivityTrigger activityPauseTrigger 
06-13 06:45:00.578  2260  2656 I AudioHardwareTinyALSA: Open:- mDefaults->direction=0, open_direction=8 device=3 mHandle: afbd6a80
06-13 06:45:00.578  2260  2656 D AudioHardwareTinyALSA: setPcmInterface: Stream=0x1, iSamplerate=8000++
06-13 06:45:00.578  2260  2656 D AudioHardwareTinyALSA: setPcmInterface--
06-13 06:45:00.603  2776  2918 D ViewRootImpl: #1 mView = com.android.internal.policy.PhoneWindow$DecorView{f20136 V.E...... R.....ID 0,0-0,0}
06-13 06:45:00.613  2237  2237 I SurfaceFlinger: id=35 createSurf (1x1),1 flag=404, brduinodemo
06-13 06:45:00.618  2260  2656 D AudioFlinger: mixer(0xb0800000) Spend too much time to write: delta 67(effect 0)
06-13 06:45:00.633  2776  2918 D ViewRootImpl: MSG_RESIZED_REPORT: ci=Rect(0, 48 - 0, 0) vi=Rect(0, 48 - 0, 0) or=2
06-13 06:45:00.643  2776  2816 D InputDispatcher: Focused application set to: xxxx
06-13 06:45:00.648  2776  2816 D InputDispatcher: Focus left window: 3179
06-13 06:45:00.698  2260  2656 D AudioFlinger: mixer(0xb0800000) throttle end: throttle time(55)
06-13 06:45:00.698 12733 12733 E Zygote  : v2
06-13 06:45:00.698 12733 12733 I SELinux : Function: selinux_compare_spd_ram, index[1], SPD-policy is existed. and_ver=SEPF_SM-T800_5.0.2-1 ver=66
06-13 06:45:00.698 12733 12733 W SELinux : Function: selinux_compare_spd_ram, index[1], priority [2], priority version is VE=SEPF_SECMOBILE_6.0.1_0021
06-13 06:45:00.703 12733 12733 W SELinux : SELinux: seapp_context_lookup: seinfo=default, level=s0:c512,c768, pkgname=edu.hendrix.ferrer.arduinodemo3 
06-13 06:45:00.708 12733 12733 I art     : Late-enabling -Xcheck:jni
06-13 06:45:00.713  3179  3179 D PhoneStatusBar: setSystemUiVisibility vis=8600 mask=ffffffff oldVal=8000 newVal=8600 diff=600
06-13 06:45:00.793  2776  2918 V WindowStateAnimator: Finishing drawing window Window{c0511a4 u0 d0 p2776 Starting edu.hendrix.ferrer.arduinodemo3}: mDrawState=DRAW_PENDING
06-13 06:45:00.798 12733 12733 D TimaKeyStoreProvider: TimaSignature is unavailable
06-13 06:45:00.798 12733 12733 D ActivityThread: Added TimaKeyStore provider
06-13 06:45:00.798  2776  2918 D PointerIcon: setMouseIconStyle1 pointerType: 1001 iconType:101 flag:0 pid:2776 uid:1000
06-13 06:45:00.798  2776  2918 D PointerIcon: setMouseCustomIcon IconType is same.101
06-13 06:45:00.798  2776  2918 D PointerIcon: setHoveringSpenIconStyle1 pointerType: 10001 iconType:1 flag:0 pid:2776 uid:1000
06-13 06:45:00.798  2776  2918 D PointerIcon: setHoveringSpenCustomIcon IconType is same.1
06-13 06:45:00.808  2237  2237 D libEGL  : eglInitialize EGLDisplay = 0xbe84e404
06-13 06:45:00.808  2260  2627 I APM::AudioPolicyManager: stopOutput() output 2, stream 1, session 48
06-13 06:45:00.818  3407  3407 D Launcher.HomeView: onStop
06-13 06:45:00.818  3407  3407 D Launcher: Launcher::setSystemUiTransparency(): getSystemUiVisibility() after setting  = 0
06-13 06:45:00.833  9937 12651 I FaceInterface: startFaceScan() : going on
06-13 06:45:00.833  9937 12651 D FaceInterface: startFaceScan() is called.
06-13 06:45:00.838 11963 12175 W dex2oat : Compilation of int com.google.wireless.android.finsky.dfe.nano.fi.a() took 243.352ms
06-13 06:45:00.868 11963 11963 W dex2oat : Compilation of int com.google.wireless.android.finsky.dfe.nano.fw.a() took 250.361ms
06-13 06:45:00.883  2237  3614 D libEGL  : eglTerminate EGLDisplay = 0xb30a5624
06-13 06:45:00.903  2776  2792 I art     : Background partial concurrent mark sweep GC freed 14944(897KB) AllocSpace objects, 1(20KB) LOS objects, 30% free, 36MB/52MB, paused 6.208ms total 277.587ms
06-13 06:45:00.903  3927  3952 V MultiWindowTrayService: noteResumeComponent  /arrangeState : 0
06-13 06:45:00.903  3927  3952 I MultiWindowTrayService: UsageStatsWatcher : normal app resumed
06-13 06:45:00.903  3927  3927 I Sally Service: removeWindow window
06-13 06:45:00.908  2237  2323 D libEGL  : eglTerminate EGLDisplay = 0xb6901624
06-13 06:45:00.918  2237  2323 D libEGL  : eglTerminate EGLDisplay = 0xb6901624
06-13 06:45:00.928  3179  3391 D OpenGLRenderer: endAllActiveAnimators on 0x97a2e880 (RippleDrawable) with handle 0x90c9c720
06-13 06:45:00.933 11963 12176 W dex2oat : Compilation of com.google.protobuf.nano.g com.google.wireless.android.finsky.dfe.nano.fv.a(com.google.protobuf.nano.a) took 294.465ms
06-13 06:45:00.938  2237  3614 D libEGL  : eglTerminate EGLDisplay = 0xb30a5624
06-13 06:45:00.993  3407  3407 D Launcher: onTrimMemory. Level: 20
06-13 06:45:01.043 12748 12748 I dex2oat : /system/bin/dex2oat --debuggable --compiler-filter=speed --dex-file=/data/app/edu.hendrix.ferrer.arduinodemo3-1/split_lib_dependencies_apk.apk --oat-file=/data/dalvik-cache/arm/data@app@edu.hendrix.ferrer.arduinodemo3-1@split_lib_dependencies_apk.apk@classes.dex
06-13 06:45:01.043 12748 12748 E dex2oat : Failed to create oat file: /data/dalvik-cache/arm/data@app@edu.hendrix.ferrer.arduinodemo3-1@split_lib_dependencies_apk.apk@classes.dex: Permission denied
06-13 06:45:01.043 12748 12748 I dex2oat : dex2oat took 2.717ms (threads: 4) 
06-13 06:45:01.053 12733 12733 W art     : Failed execv(/system/bin/dex2oat --runtime-arg -classpath --runtime-arg  --debuggable --instruction-set=arm --instruction-set-features=smp,div,atomic_ldrd_strd --runtime-arg -Xrelocate --boot-image=/system/framework/boot.art --runtime-arg -Xms64m --runtime-arg -Xmx512m --compiler-filter=speed --instruction-set-variant=cortex-a15 --instruction-set-features=default --dex-file=/data/app/edu.hendrix.ferrer.arduinodemo3-1/split_lib_dependencies_apk.apk --oat-file=/data/dalvik-cache/arm/data@app@edu.hendrix.ferrer.arduinodemo3-1@split_lib_dependencies_apk.apk@classes.dex) because non-0 exit status
06-13 06:45:01.133  3179  3179 D StatusBar.NetworkController: refreshViews connected={ wifi } level=?? combinedSignalIconId=0x7f0205cc/com.android.systemui:drawable/stat_sys_wifi_signal_4 mobileLabel= wifiLabel="ferrer" emergencyOnly=false combinedLabel="ferrer" mAirplaneMode=false mDataActivity=0 mPhoneSignalIconId=0x0/(null) mQSPhoneSignalIconId=0x0/(null) mDataDirectionIconId=0x0/(null) mDataSignalIconId=0x0/(null) mDataTypeIconId=0x0/(null) mQSDataTypeIconId=0x0/(null) mNoSimIconId=0x0/(null) mWifiIconId=0x7f0205cc/com.android.systemui:drawable/stat_sys_wifi_signal_4 mQSWifiIconId=0x7f0202aa/com.android.systemui:drawable/qs_tile_wifi_signal_4 mWifiActivityIconId=0x7f020579/com.android.systemui:drawable/stat_sys_signal_no_inout mBluetoothTetherIconId=0x7f0205a1/com.android.systemui:drawable/stat_sys_tether_bluetooth
06-13 06:45:01.133  3179  3179 D StatusBar.NetworkController: refreshNwBoosterIndicator - setNWBoosterIndicators(false)
06-13 06:45:01.138  3179  3179 D StatusBar.NetworkController: refreshNwBoosterIndicator - setNWBoosterIndicators(false)
06-13 06:45:01.138  3179  3179 D StatusBar.NetworkController: refreshNwBoosterIndicator - setNWBoosterIndicators(false)
06-13 06:45:01.138  3179  3179 D StatusBar.NetworkController: refreshNwBoosterIndicator - setNWBoosterIndicators(false)
06-13 06:45:01.308 12753 12753 I dex2oat : /system/bin/dex2oat --debuggable --compiler-filter=speed --dex-file=/data/app/edu.hendrix.ferrer.arduinodemo3-1/split_lib_slice_0_apk.apk --oat-file=/data/dalvik-cache/arm/data@app@edu.hendrix.ferrer.arduinodemo3-1@split_lib_slice_0_apk.apk@classes.dex
06-13 06:45:01.308 12753 12753 E dex2oat : Failed to create oat file: /data/dalvik-cache/arm/data@app@edu.hendrix.ferrer.arduinodemo3-1@split_lib_slice_0_apk.apk@classes.dex: Permission denied
06-13 06:45:01.308 12753 12753 I dex2oat : dex2oat took 1.407ms (threads: 4) 
06-13 06:45:01.313 12733 12733 W art     : Failed execv(/system/bin/dex2oat --runtime-arg -classpath --runtime-arg  --debuggable --instruction-set=arm --instruction-set-features=smp,div,atomic_ldrd_strd --runtime-arg -Xrelocate --boot-image=/system/framework/boot.art --runtime-arg -Xms64m --runtime-arg -Xmx512m --compiler-filter=speed --instruction-set-variant=cortex-a15 --instruction-set-features=default --dex-file=/data/app/edu.hendrix.ferrer.arduinodemo3-1/split_lib_slice_0_apk.apk --oat-file=/data/dalvik-cache/arm/data@app@edu.hendrix.ferrer.arduinodemo3-1@split_lib_slice_0_apk.apk@classes.dex) because non-0 exit status
06-13 06:45:01.383  2237  3074 I SurfaceFlinger: id=33 Removed Mauncher (5/11)
06-13 06:45:01.383  2237  2323 I SurfaceFlinger: id=34 Removed VsbConfirmA (6/10)
06-13 06:45:01.383  2237  2323 I SurfaceFlinger: id=33 Removed Mauncher (-2/10)
06-13 06:45:01.383  2237  3614 I SurfaceFlinger: id=34 Removed VsbConfirmA (-2/10)
06-13 06:45:01.393  2237  2237 D libEGL  : eglTerminate EGLDisplay = 0xbe84e44c
06-13 06:45:01.393  2237  2237 D libEGL  : eglTerminate EGLDisplay = 0xbe84e44c
06-13 06:45:01.408 12756 12756 I dex2oat : /system/bin/dex2oat --debuggable --compiler-filter=speed --dex-file=/data/app/edu.hendrix.ferrer.arduinodemo3-1/split_lib_slice_1_apk.apk --oat-file=/data/dalvik-cache/arm/data@app@edu.hendrix.ferrer.arduinodemo3-1@split_lib_slice_1_apk.apk@classes.dex
06-13 06:45:01.408 12756 12756 E dex2oat : Failed to create oat file: /data/dalvik-cache/arm/data@app@edu.hendrix.ferrer.arduinodemo3-1@split_lib_slice_1_apk.apk@classes.dex: Permission denied
06-13 06:45:01.408 12756 12756 I dex2oat : dex2oat took 1.247ms (threads: 4) 
06-13 06:45:01.423 12733 12733 W art     : Failed execv(/system/bin/dex2oat --runtime-arg -classpath --runtime-arg  --debuggable --instruction-set=arm --instruction-set-features=smp,div,atomic_ldrd_strd --runtime-arg -Xrelocate --boot-image=/system/framework/boot.art --runtime-arg -Xms64m --runtime-arg -Xmx512m --compiler-filter=speed --instruction-set-variant=cortex-a15 --instruction-set-features=default --dex-file=/data/app/edu.hendrix.ferrer.arduinodemo3-1/split_lib_slice_1_apk.apk --oat-file=/data/dalvik-cache/arm/data@app@edu.hendrix.ferrer.arduinodemo3-1@split_lib_slice_1_apk.apk@classes.dex) because non-0 exit status
06-13 06:45:01.478  3493  3585 E ContactsProvider_EventLog: Flush buffer to file cnt : 2 size : 0Kb duration : 61ms lastUpdatedAfter : 10694 ms mFlush_time_threasold : 2000 mCurrentSize : 456
06-13 06:45:01.513 12761 12761 I dex2oat : /system/bin/dex2oat --debuggable --compiler-filter=speed --dex-file=/data/app/edu.hendrix.ferrer.arduinodemo3-1/split_lib_slice_2_apk.apk --oat-file=/data/dalvik-cache/arm/data@app@edu.hendrix.ferrer.arduinodemo3-1@split_lib_slice_2_apk.apk@classes.dex
06-13 06:45:01.513 12761 12761 E dex2oat : Failed to create oat file: /data/dalvik-cache/arm/data@app@edu.hendrix.ferrer.arduinodemo3-1@split_lib_slice_2_apk.apk@classes.dex: Permission denied
06-13 06:45:01.513 12761 12761 I dex2oat : dex2oat took 1.386ms (threads: 4) 
06-13 06:45:01.518 12733 12733 W art     : Failed execv(/system/bin/dex2oat --runtime-arg -classpath --runtime-arg  --debuggable --instruction-set=arm --instruction-set-features=smp,div,atomic_ldrd_strd --runtime-arg -Xrelocate --boot-image=/system/framework/boot.art --runtime-arg -Xms64m --runtime-arg -Xmx512m --compiler-filter=speed --instruction-set-variant=cortex-a15 --instruction-set-features=default --dex-file=/data/app/edu.hendrix.ferrer.arduinodemo3-1/split_lib_slice_2_apk.apk --oat-file=/data/dalvik-cache/arm/data@app@edu.hendrix.ferrer.arduinodemo3-1@split_lib_slice_2_apk.apk@classes.dex) because non-0 exit status
06-13 06:45:01.598 12763 12763 I dex2oat : /system/bin/dex2oat --debuggable --compiler-filter=speed --dex-file=/data/app/edu.hendrix.ferrer.arduinodemo3-1/split_lib_slice_3_apk.apk --oat-file=/data/dalvik-cache/arm/data@app@edu.hendrix.ferrer.arduinodemo3-1@split_lib_slice_3_apk.apk@classes.dex
06-13 06:45:01.598 12763 12763 E dex2oat : Failed to create oat file: /data/dalvik-cache/arm/data@app@edu.hendrix.ferrer.arduinodemo3-1@split_lib_slice_3_apk.apk@classes.dex: Permission denied
06-13 06:45:01.598 12763 12763 I dex2oat : dex2oat took 1.143ms (threads: 4) 
06-13 06:45:01.603 12733 12733 W art     : Failed execv(/system/bin/dex2oat --runtime-arg -classpath --runtime-arg  --debuggable --instruction-set=arm --instruction-set-features=smp,div,atomic_ldrd_strd --runtime-arg -Xrelocate --boot-image=/system/framework/boot.art --runtime-arg -Xms64m --runtime-arg -Xmx512m --compiler-filter=speed --instruction-set-variant=cortex-a15 --instruction-set-features=default --dex-file=/data/app/edu.hendrix.ferrer.arduinodemo3-1/split_lib_slice_3_apk.apk --oat-file=/data/dalvik-cache/arm/data@app@edu.hendrix.ferrer.arduinodemo3-1@split_lib_slice_3_apk.apk@classes.dex) because non-0 exit status
06-13 06:45:01.678 12766 12766 I dex2oat : /system/bin/dex2oat --debuggable --compiler-filter=speed --dex-file=/data/app/edu.hendrix.ferrer.arduinodemo3-1/split_lib_slice_4_apk.apk --oat-file=/data/dalvik-cache/arm/data@app@edu.hendrix.ferrer.arduinodemo3-1@split_lib_slice_4_apk.apk@classes.dex
06-13 06:45:01.678 12766 12766 E dex2oat : Failed to create oat file: /data/dalvik-cache/arm/data@app@edu.hendrix.ferrer.arduinodemo3-1@split_lib_slice_4_apk.apk@classes.dex: Permission denied
06-13 06:45:01.678 12766 12766 I dex2oat : dex2oat took 1.226ms (threads: 4) 
06-13 06:45:01.683 12733 12733 W art     : Failed execv(/system/bin/dex2oat --runtime-arg -classpath --runtime-arg  --debuggable --instruction-set=arm --instruction-set-features=smp,div,atomic_ldrd_strd --runtime-arg -Xrelocate --boot-image=/system/framework/boot.art --runtime-arg -Xms64m --runtime-arg -Xmx512m --compiler-filter=speed --instruction-set-variant=cortex-a15 --instruction-set-features=default --dex-file=/data/app/edu.hendrix.ferrer.arduinodemo3-1/split_lib_slice_4_apk.apk --oat-file=/data/dalvik-cache/arm/data@app@edu.hendrix.ferrer.arduinodemo3-1@split_lib_slice_4_apk.apk@classes.dex) because non-0 exit status
06-13 06:45:01.773 12770 12770 I dex2oat : /system/bin/dex2oat --debuggable --compiler-filter=speed --dex-file=/data/app/edu.hendrix.ferrer.arduinodemo3-1/split_lib_slice_5_apk.apk --oat-file=/data/dalvik-cache/arm/data@app@edu.hendrix.ferrer.arduinodemo3-1@split_lib_slice_5_apk.apk@classes.dex
06-13 06:45:01.773 12770 12770 E dex2oat : Failed to create oat file: /data/dalvik-cache/arm/data@app@edu.hendrix.ferrer.arduinodemo3-1@split_lib_slice_5_apk.apk@classes.dex: Permission denied
06-13 06:45:01.773 12770 12770 I dex2oat : dex2oat took 1.094ms (threads: 4) 
06-13 06:45:01.783 12733 12733 W art     : Failed execv(/system/bin/dex2oat --runtime-arg -classpath --runtime-arg  --debuggable --instruction-set=arm --instruction-set-features=smp,div,atomic_ldrd_strd --runtime-arg -Xrelocate --boot-image=/system/framework/boot.art --runtime-arg -Xms64m --runtime-arg -Xmx512m --compiler-filter=speed --instruction-set-variant=cortex-a15 --instruction-set-features=default --dex-file=/data/app/edu.hendrix.ferrer.arduinodemo3-1/split_lib_slice_5_apk.apk --oat-file=/data/dalvik-cache/arm/data@app@edu.hendrix.ferrer.arduinodemo3-1@split_lib_slice_5_apk.apk@classes.dex) because non-0 exit status
06-13 06:45:01.858 12773 12773 I dex2oat : /system/bin/dex2oat --debuggable --compiler-filter=speed --dex-file=/data/app/edu.hendrix.ferrer.arduinodemo3-1/split_lib_slice_6_apk.apk --oat-file=/data/dalvik-cache/arm/data@app@edu.hendrix.ferrer.arduinodemo3-1@split_lib_slice_6_apk.apk@classes.dex
06-13 06:45:01.858 12773 12773 E dex2oat : Failed to create oat file: /data/dalvik-cache/arm/data@app@edu.hendrix.ferrer.arduinodemo3-1@split_lib_slice_6_apk.apk@classes.dex: Permission denied
06-13 06:45:01.858 12773 12773 I dex2oat : dex2oat took 1.269ms (threads: 4) 
06-13 06:45:01.863 12733 12733 W art     : Failed execv(/system/bin/dex2oat --runtime-arg -classpath --runtime-arg  --debuggable --instruction-set=arm --instruction-set-features=smp,div,atomic_ldrd_strd --runtime-arg -Xrelocate --boot-image=/system/framework/boot.art --runtime-arg -Xms64m --runtime-arg -Xmx512m --compiler-filter=speed --instruction-set-variant=cortex-a15 --instruction-set-features=default --dex-file=/data/app/edu.hendrix.ferrer.arduinodemo3-1/split_lib_slice_6_apk.apk --oat-file=/data/dalvik-cache/arm/data@app@edu.hendrix.ferrer.arduinodemo3-1@split_lib_slice_6_apk.apk@classes.dex) because non-0 exit status
06-13 06:45:01.913  2776  3160 D lights  : button : 0 +
06-13 06:45:01.943 12777 12777 I dex2oat : /system/bin/dex2oat --debuggable --compiler-filter=speed --dex-file=/data/app/edu.hendrix.ferrer.arduinodemo3-1/split_lib_slice_7_apk.apk --oat-file=/data/dalvik-cache/arm/data@app@edu.hendrix.ferrer.arduinodemo3-1@split_lib_slice_7_apk.apk@classes.dex
06-13 06:45:01.943 12777 12777 E dex2oat : Failed to create oat file: /data/dalvik-cache/arm/data@app@edu.hendrix.ferrer.arduinodemo3-1@split_lib_slice_7_apk.apk@classes.dex: Permission denied
06-13 06:45:01.943 12777 12777 I dex2oat : dex2oat took 1.253ms (threads: 4) 
06-13 06:45:01.948 12733 12733 W art     : Failed execv(/system/bin/dex2oat --runtime-arg -classpath --runtime-arg  --debuggable --instruction-set=arm --instruction-set-features=smp,div,atomic_ldrd_strd --runtime-arg -Xrelocate --boot-image=/system/framework/boot.art --runtime-arg -Xms64m --runtime-